switch to partitions #0, OK
mmc0 is current device
SD/MMC found on device 0
reading uEnv.txt
902 bytes read in 5 ms (175.8 KiB/s)
Loaded environment from uEnv.txt
Importing environment from mmc0 ...
Running uenvcmd ...
3560744 bytes read in 212 ms (16 MiB/s)
73105 bytes read in 26 ms (2.7 MiB/s)
Kernel image @ 0x82000000 [ 0x000000 - 0x365528 ]
## Flattened Device Tree blob at 88000000
   Booting using the fdt blob at 0x88000000
   Loading Device Tree to 8ffeb000, end 8ffffd90 ... OK

Starting kernel ...

[    0.000000] Booting Linux on physical CPU 0x0
[    0.000000] Initializing cgroup subsys cpuset
[    0.000000] Initializing cgroup subsys cpu
[    0.000000] Initializing cgroup subsys cpuacct
[    0.000000] Linux version 4.1.0-rc7-00003-gd942b26-dirty (roger@rockdesk) (gcc version 4.7.3 20130226 (prerelease) (crosstool-NG linaro-1.13.1-4.7-2013.03-20130313 - Linaro GCC 2013.03) ) #1192 SMP Mon Jun 15
[    0.000000] CPU: ARMv7 Processor [412fc0f2] revision 2 (ARMv7), cr=10c5387d
[    0.000000] CPU: PIPT / VIPT nonaliasing data cache, PIPT instruction cache
[    0.000000] Machine model: TI DRA722
[    0.000000] cma: Reserved 16 MiB at 0xbe800000
[    0.000000] Memory policy: Data cache writealloc
[    0.000000] DRA722 ES1.0
[    0.000000] PERCPU: Embedded 13 pages/cpu @eee95000 s22976 r8192 d22080 u53248
[    0.000000] Built 1 zonelists in Zone order, mobility grouping on.  Total pages: 260178
[    0.000000] Kernel command line: console=ttyO0,115200n8 root=/dev/mmcblk1p2 rw rootwait
[    0.000000] PID hash table entries: 4096 (order: 2, 16384 bytes)
[    0.000000] Dentry cache hash table entries: 131072 (order: 7, 524288 bytes)
[    0.000000] Inode-cache hash table entries: 65536 (order: 6, 262144 bytes)
[    0.000000] Memory: 1002536K/1047552K available (6418K kernel code, 749K rwdata, 2268K rodata, 448K init, 8222K bss, 28632K reserved, 16384K cma-reserved, 252928K highmem)
[    0.000000] Virtual kernel memory layout:
[    0.000000]     vector  : 0xffff0000 - 0xffff1000   (   4 kB)
[    0.000000]     fixmap  : 0xffc00000 - 0xfff00000   (3072 kB)
[    0.000000]     vmalloc : 0xf0000000 - 0xff000000   ( 240 MB)
[    0.000000]     lowmem  : 0xc0000000 - 0xef800000   ( 760 MB)
[    0.000000]     pkmap   : 0xbfe00000 - 0xc0000000   (   2 MB)
[    0.000000]     modules : 0xbf000000 - 0xbfe00000   (  14 MB)
[    0.000000]       .text : 0xc0008000 - 0xc0883b28   (8687 kB)
[    0.000000]       .init : 0xc0884000 - 0xc08f4000   ( 448 kB)
[    0.000000]       .data : 0xc08f4000 - 0xc09af478   ( 750 kB)
[    0.000000]        .bss : 0xc09b2000 - 0xc11b9990   (8223 kB)
[    0.000000] Running RCU self tests
[    0.000000] Hierarchical RCU implementation.
[    0.000000]  RCU lockdep checking is enabled.
[    0.000000]  Additional per-CPU info printed with stalls.
[    0.000000]  RCU restricting CPUs from NR_CPUS=2 to nr_cpu_ids=1.
[    0.000000] RCU: Adjusting geometry for rcu_fanout_leaf=16, nr_cpu_ids=1
[    0.000000] NR_IRQS:16 nr_irqs:16 16
[    0.000000] OMAP clockevent source: timer1 at 32768 Hz
[    0.000000] clocksource 32k_counter: mask: 0xffffffff max_cycles: 0xffffffff, max_idle_ns: 58327039986419 ns
[    0.000000] sched_clock: 32 bits at 32kHz, resolution 30517ns, wraps every 65535999984741ns
[    0.000000] OMAP clocksource: 32k_counter at 32768 Hz
[    0.000518] Architected cp15 timer(s) running at 6.14MHz (virt).
[    0.000549] clocksource arch_sys_counter: mask: 0xffffffffffffff max_cycles: 0x16af5adb9, max_idle_ns: 440795202250 ns
[    0.000553] sched_clock: 56 bits at 6MHz, resolution 162ns, wraps every 4398046511023ns
[    0.000564] Switching to timer-based delay loop, resolution 162ns
[    0.001709] Console: colour dummy device 80x30
[    0.001744] Lock dependency validator: Copyright (c) 2006 Red Hat, Inc., Ingo Molnar
[    0.001751] ... MAX_LOCKDEP_SUBCLASSES:  8
[    0.001757] ... MAX_LOCK_DEPTH:          48
[    0.001763] ... MAX_LOCKDEP_KEYS:        8191
[    0.001769] ... CLASSHASH_SIZE:          4096
[    0.001775] ... MAX_LOCKDEP_ENTRIES:     32768
[    0.001781] ... MAX_LOCKDEP_CHAINS:      65536
[    0.001787] ... CHAINHASH_SIZE:          32768
[    0.001793]  memory used by lock dependency info: 5167 kB
[    0.001799]  per task-struct memory footprint: 1152 bytes
[    0.001816] Calibrating delay loop (skipped), value calculated using timer frequency.. 12.29 BogoMIPS (lpj=61475)
[    0.001829] pid_max: default: 32768 minimum: 301
[    0.002075] Security Framework initialized
[    0.002175] Mount-cache hash table entries: 2048 (order: 1, 8192 bytes)
[    0.002187] Mountpoint-cache hash table entries: 2048 (order: 1, 8192 bytes)
[    0.004324] Initializing cgroup subsys blkio
[    0.004349] Initializing cgroup subsys memory
[    0.004403] Initializing cgroup subsys devices
[    0.004460] Initializing cgroup subsys freezer
[    0.004545] Initializing cgroup subsys perf_event
[    0.004590] CPU: Testing write buffer coherency: ok
[    0.005535] /cpus/cpu@0 missing clock-frequency property
[    0.005548] CPU0: thread -1, cpu 0, socket 0, mpidr 80000000
[    0.005608] Setting up static identity map for 0x80008280 - 0x800082f0
[    0.008490] Brought up 1 CPUs
[    0.008501] SMP: Total of 1 processors activated (12.29 BogoMIPS).
[    0.008508] CPU: All CPU(s) started in SVC mode.
[    0.010823] devtmpfs: initialized
[    0.066173] VFP support v0.3: implementor 41 architecture 4 part 30 variant f rev 0
[    0.066293] omap_hwmod: l3_main_2 using broken dt data from ocp
[    0.190980] omap_hwmod: preventing HW_AUTO dcan1 wkupaon_clkdm
[    0.190997] omap_hwmod: allowing HW_AUTO dcan1 wkupaon_clkdm
[    0.191006] omap_hwmod: HW_AUTO wkupaon_clkdm
[    0.230188] omap_hwmod: dss_core: _wait_target_disable failed
[    0.230200] omap_hwmod: dss_core: _wait_target_ready failed: -16
[    0.230211] omap_hwmod: dss_core: cannot be enabled for reset (3)
[    0.232790] omap_hwmod: dss_dispc: _wait_target_ready failed: -16
[    0.232802] omap_hwmod: dss_dispc: cannot be enabled for reset (3)
[    0.235361] omap_hwmod: dss_hdmi: _wait_target_ready failed: -16
[    0.235372] omap_hwmod: dss_hdmi: cannot be enabled for reset (3)
[    0.235405] omap_hwmod: HW_AUTO wkupaon_clkdm
[    0.302123] omap_hwmod: HW_AUTO wkupaon_clkdm
[    0.302228] omap_hwmod: HW_AUTO wkupaon_clkdm
[    0.303296] clocksource jiffies: mask: 0xffffffff max_cycles: 0xffffffff, max_idle_ns: 19112604462750000 ns
[    0.304404] pinctrl core: initialized pinctrl subsystem
[    0.307876] NET: Registered protocol family 16
[    0.311428] DMA: preallocated 256 KiB pool for atomic coherent allocations
[    0.312771] cpuidle: using governor ladder
[    0.312787] cpuidle: using governor menu
[    0.322161] omap_hwmod: HW_AUTO wkupaon_clkdm
[    0.323543] OMAP GPIO hardware version 0.1
[    0.340806] platform 4e000000.dmm: Cannot lookup hwmod 'dmm'
[    0.350023] omap-gpmc 50000000.gpmc: could not find pctldev for node /ocp/l4@4a000000/scm@2000/pinmux@1400/nand_default, deferring probe
[    0.353465] No ATAGs?
[    0.353508] hw-breakpoint: found 5 (+1 reserved) breakpoint and 4 watchpoint registers.
[    0.353517] hw-breakpoint: maximum watchpoint size is 8 bytes.
[    0.355741] OMAP DMA hardware revision 0.0
[    0.400279] omap-dma-engine 4a056000.dma-controller: OMAP DMA engine driver
[    0.403924] SCSI subsystem initialized
[    0.404854] usbcore: registered new interface driver usbfs
[    0.404980] usbcore: registered new interface driver hub
[    0.405085] usbcore: registered new device driver usb
[    0.405660] omap_i2c 48070000.i2c: could not find pctldev for node /ocp/l4@4a000000/scm@2000/pinmux@1400/pinmux_i2c1_pins, deferring probe
[    0.408468] Switched to clocksource arch_sys_counter
[    0.522318] NET: Registered protocol family 2
[    0.523522] TCP established hash table entries: 8192 (order: 3, 32768 bytes)
[    0.523725] TCP bind hash table entries: 8192 (order: 6, 294912 bytes)
[    0.526085] TCP: Hash tables configured (established 8192 bind 8192)
[    0.526235] UDP hash table entries: 512 (order: 3, 40960 bytes)
[    0.526551] UDP-Lite hash table entries: 512 (order: 3, 40960 bytes)
[    0.527463] NET: Registered protocol family 1
[    0.528590] RPC: Registered named UNIX socket transport module.
[    0.528600] RPC: Registered udp transport module.
[    0.528608] RPC: Registered tcp transport module.
[    0.528615] RPC: Registered tcp NFSv4.1 backchannel transport module.
[    0.530126] CPU PMU: Failed to parse /pmu/interrupt-affinity[0]
[    0.530176] hw perfevents: enabled with armv7_cortex_a15 PMU driver, 7 counters available
[    0.533681] futex hash table entries: 256 (order: 2, 16384 bytes)
[    0.533851] audit: initializing netlink subsys (disabled)
[    0.533985] audit: type=2000 audit(0.519:1): initialized
[    0.536901] VFS: Disk quotas dquot_6.6.0
[    0.536991] VFS: Dquot-cache hash table entries: 1024 (order 0, 4096 bytes)
[    0.538691] NFS: Registering the id_resolver key type
[    0.538932] Key type id_resolver registered
[    0.538941] Key type id_legacy registered
[    0.539064] jffs2: version 2.2. (NAND) (SUMMARY)  �© 2001-2006 Red Hat, Inc.
[    0.542295] bounce: pool size: 64 pages
[    0.542351] io scheduler noop registered
[    0.542364] io scheduler deadline registered
[    0.542394] io scheduler cfq registered (default)
[    0.548947] pinctrl-single 4a003400.pinmux: 281 pins at pa fc003400 size 1124
[    0.554062] Serial: 8250/16550 driver, 4 ports, IRQ sharing enabled
[    0.558245] omap_uart 4806a000.serial: no wakeirq for uart0
[    0.558652] 4806a000.serial: ttyO0 at MMIO 0x4806a000 (irq = 296, base_baud = 3000000) is a OMAP UART0
[    1.402711] console [ttyO0] enabled
[    1.426568] brd: module loaded
[    1.441887] loop: module loaded
[    1.447062] ahci 4a140000.sata: SSS flag set, parallel bus scan disabled
[    1.454135] ahci 4a140000.sata: AHCI 0001.0300 32 slots 1 ports 3 Gbps 0x1 impl platform mode
[    1.463061] ahci 4a140000.sata: flags: 64bit ncq sntf stag pm led clo only pmp pio slum part ccc apst 
[    1.475317] scsi host0: ahci
[    1.479214] ata1: SATA max UDMA/133 mmio [mem 0x4a140000-0x4a1410ff] port 0x100 irq 313
[    1.488356] mtdoops: mtd device (mtddev=name/number) must be supplied
[    1.498872] usbcore: registered new interface driver asix
[    1.504606] usbcore: registered new interface driver ax88179_178a
[    1.511129] usbcore: registered new interface driver smsc95xx
[    1.521227] mousedev: PS/2 mouse device common for all mice
[    1.527050] i2c /dev entries driver
[    1.531994] omap_hsmmc 4809c000.mmc: Got CD GPIO
[    1.537428] omap_hsmmc 4809c000.mmc: unable to get vmmc regulator -517
[    1.578669] ledtrig-cpu: registered to indicate activity on CPUs
[    1.585971] extcon-usb-gpio extcon_usb1: usb_extcon_probe
[    1.591716] extcon-usb-gpio extcon_usb1: failed to get ID GPIO: -517
[    1.598457] extcon-usb-gpio extcon_usb2: usb_extcon_probe
[    1.604169] extcon-usb-gpio extcon_usb2: failed to get ID GPIO: -517
[    1.612105] oprofile: using timer interrupt.
[    1.616979] Initializing XFRM netlink socket
[    1.621537] NET: Registered protocol family 17
[    1.626219] NET: Registered protocol family 15
[    1.631077] Key type dns_resolver registered
[    1.635634] omap_voltage_late_init: Voltage driver support not added
[    1.642301] sr_dev_init: Unable to get voltage domain pointer for VDD core
[    1.649500] sr_dev_init: Unable to get voltage domain pointer for VDD mpu
[    1.657214] Power Management for TI OMAP4+ devices.
[    1.662672] ThumbEE CPU extension supported.
[    1.667159] Registering SWP/SWPB emulation handler
[    1.672199] SmartReflex Class3 initialized
[    1.684176] omap-gpmc 50000000.gpmc: GPMC revision 6.0
[    1.690994] nand: device found, Manufacturer ID: 0x2c, Chip ID: 0xca
[    1.697664] nand: Micron MT29F2G16ABAEAWP
[    1.701889] nand: 256 MiB, SLC, erase size: 128 KiB, page size: 2048, OOB size: 64
[    1.709912] nand: using OMAP_ECC_BCH8_CODE_HW ECC scheme
[    1.715647] 10 ofpart partitions found on MTD device omap2-nand.0
[    1.722040] Creating 10 MTD partitions on "omap2-nand.0":
[    1.727696] 0x000000000000-0x000000020000 : "NAND.SPL"
[    1.737502] 0x000000020000-0x000000040000 : "NAND.SPL.backup1"
[    1.746276] 0x000000040000-0x000000060000 : "NAND.SPL.backup2"
[    1.758078] 0x000000060000-0x000000080000 : "NAND.SPL.backup3"
[    1.766611] 0x000000080000-0x0000000c0000 : "NAND.u-boot-spl-os"
[    1.775466] 0x0000000c0000-0x0000001c0000 : "NAND.u-boot"
[    1.784553] 0x0000001c0000-0x0000001e0000 : "NAND.u-boot-env"
[    1.793003] 0x0000001e0000-0x000000200000 : "NAND.u-boot-env.backup1"
[    1.802200] 0x000000200000-0x000000a00000 : "NAND.kernel"
[    1.816921] 0x000000a00000-0x000010000000 : "NAND.file-system"
[    2.030662] ata1: SATA link down (SStatus 0 SControl 300)
[    2.039229] omap_hwmod: HW_AUTO l4per_clkdm
[    2.046418] palmas 0-0058: Irq flag is 0x00000000
[    2.064507] mmc0: MAN_BKOPS_EN bit is not set
[    2.073229] mmc0: new high speed MMC card at address 0001
[    2.080501] mmcblk0: mmc0:0001 MMC08G 7.25 GiB 
[    2.085617] palmas 0-0058: Muxing GPIO 1d, PWM 0, LED 0
[    2.091242] mmcblk0boot0: mmc0:0001 MMC08G partition 1 8.00 MiB
[    2.098879] mmcblk0boot1: mmc0:0001 MMC08G partition 2 8.00 MiB
[    2.133825] omap_hwmod: HW_AUTO l4per_clkdm
[    2.139563] pcf857x 0-0021: probed
[    2.143196] omap_i2c 48070000.i2c: bus 0 rev0.12 at 400 kHz
[    2.149638] omap_hwmod: HW_AUTO l3init_clkdm
[    2.154608] omap_hwmod: HW_AUTO l3init_clkdm
[    2.159742] omap_hsmmc 4809c000.mmc: Got CD GPIO
[    2.164762] omap_hwmod: HW_AUTO l3init_clkdm
[    2.209322] extcon-usb-gpio extcon_usb1: usb_extcon_probe
[    2.216329] extcon-usb-gpio extcon_usb2: usb_extcon_probe
[    2.223191] omap_hwmod: HW_AUTO l3init_clkdm
[    2.229117] omap_hwmod: HW_AUTO l3init_clkdm
[    2.238624] omap_hwmod: HW_AUTO gmac_clkdm
[    2.262246] omap_hwmod: HW_AUTO gmac_clkdm
[    2.308416] davinci_mdio 48485000.mdio: davinci mdio revision 1.6
[    2.314816] davinci_mdio 48485000.mdio: detected phy mask fffffff7
[    2.325575] libphy: 48485000.mdio: probed
[    2.329816] davinci_mdio 48485000.mdio: phy[3]: device 48485000.mdio:03, driver unknown
[    2.338858] cpsw 48484000.ethernet: Missing slave[0] phy_id property
[    2.345675] cpsw 48484000.ethernet: Detected MACID = b4:99:4c:1c:23:ac
[    2.354411] hctosys: unable to open rtc device (rtc0)
[    2.359735] sr_init: No PMIC hook to init smartreflex
[    2.365222] sr_init: platform driver register failed for SR
[    2.417800] ldo4: disabling
[    2.423865] Waiting for root device /dev/mmcblk1p2...
[    2.437650] mmc1: host does not support reading read-only switch, assuming write-enable
[    2.449699] mmc1: new high speed SD card at address e624
[    2.456027] mmcblk1: mmc1:e624 SU02G 1.84 GiB 
[    2.463665]  mmcblk1: p1 p2
[    2.540737] EXT3-fs (mmcblk1p2): error: couldn't mount because of unsupported optional features (240)
[    2.552262] EXT2-fs (mmcblk1p2): error: couldn't mount because of unsupported optional features (240)
[    2.591102] EXT4-fs (mmcblk1p2): mounted filesystem with ordered data mode. Opts: (null)
[    2.599680] VFS: Mounted root (ext4 filesystem) on device 179:26.
[    2.617758] devtmpfs: mounted
[    2.621297] Freeing unused kernel memory: 448K (c0884000 - c08f4000)
INIT: version 2.88 booting
Error opening /dev/fb0: No such file or directory
Starting udev
[    3.331413] udevd[77]: starting version 182
[    3.595807] omap_hwmod: HW_AUTO l3init_clkdm
[    4.161492] omap_hwmod: HW_AUTO l3init_clkdm
[    4.171514] omap_hwmod: HW_AUTO l3init_clkdm
[    4.267864] palmas_pwrbutton 48070000.i2c:tps65917@58:tps65917_power_button: h/w controlled shutdown duration=6 seconds
[    4.279330] omap_hwmod: HW_AUTO l4per_clkdm
[    4.346869] omap_hwmod: HW_AUTO rtc_clkdm
[    4.495038] omap_rtc 48838000.rtc: rtc core: registered 48838000.rtc as rtc0
[    4.598679] omap_hwmod: HW_AUTO l3init_clkdm
[    4.612012] input: palmas_pwron as /devices/platform/44000000.ocp/48070000.i2c/i2c-0/0-0058/48070000.i2c:tps65917@58:tps65917_power_button/input/input0
[    4.663540] ti-soc-thermal 4a0021e0.bandgap: Non-trimmed BGAP, Temp not accurate
[    4.671339] ti-soc-thermal 4a0021e0.bandgap: Non-trimmed BGAP, Temp not accurate
[    4.679106] ti-soc-thermal 4a0021e0.bandgap: Non-trimmed BGAP, Temp not accurate
[    4.686849] ti-soc-thermal 4a0021e0.bandgap: Non-trimmed BGAP, Temp not accurate
[    4.694602] ti-soc-thermal 4a0021e0.bandgap: Non-trimmed BGAP, Temp not accurate
[    5.566528] omap_hwmod: HW_AUTO l3init_clkdm
[    5.584785] omap_hwmod: HW_AUTO l3init_clkdm
[    6.293915] omap_hwmod: HW_AUTO l3init_clkdm
[    6.330986] omap_hwmod: HW_AUTO wkupaon_clkdm
[    6.359462] CAN device driver interface
[    6.466078] omap_hwmod: HW_AUTO l3init_clkdm
[    6.509264] omap_wdt: OMAP Watchdog Timer Rev 0x01: initial timeout 60 sec
[    6.517066] ti-qspi 4b300000.qspi: memory mapped resource not required
[    6.624956] omap_hwmod: HW_AUTO l4per2_clkdm
[    6.632758] omap_hwmod: preventing HW_AUTO dcan1 wkupaon_clkdm
[    6.638876] omap_hwmod: didn't HW_AUTO wkupaon_clkdm
[    6.644189] omap_hwmod: allowing HW_AUTO dcan1 wkupaon_clkdm
[    6.650122] omap_hwmod: HW_AUTO wkupaon_clkdm
[    6.654776] c_can_platform 4ae3c000.can: c_can_platform device registered (regs=fce3c000, irq=323)
[    7.307836] omap_hwmod: HW_AUTO l3init_clkdm
[    7.640129] omap_hwmod: HW_AUTO l3init_clkdm
[    8.387984] omap_hwmod: HW_AUTO l3init_clkdm
[    8.880671] omap_hwmod: HW_AUTO l3init_clkdm
[    9.453254] omap_hwmod: HW_AUTO l3init_clkdm
[    9.506634] FAT-fs (mmcblk1p1): Volume was not properly unmounted. Some data may be corrupt. Please run fsck.
[    9.742365] omap_hwmod: HW_AUTO l3init_clkdm
[    9.751195] xhci-hcd xhci-hcd.0.auto: xHCI Host Controller
[    9.757480] xhci-hcd xhci-hcd.0.auto: new USB bus registered, assigned bus number 1
[    9.792570] xhci-hcd xhci-hcd.0.auto: hcc params 0x0220f04c hci version 0x100 quirks 0x00010010
[    9.801837] xhci-hcd xhci-hcd.0.auto: irq 409, io mem 0x48890000
[    9.819573] usb usb1: New USB device found, idVendor=1d6b, idProduct=0002
[    9.826694] usb usb1: New USB device strings: Mfr=3, Product=2, SerialNumber=1
[    9.834297] usb usb1: Product: xHCI Host Controller
[    9.839429] usb usb1: Manufacturer: Linux 4.1.0-rc7-00003-gd942b26-dirty xhci-hcd
[    9.847270] usb usb1: SerialNumber: xhci-hcd.0.auto
[    9.866040] hub 1-0:1.0: USB hub found
[    9.887618] hub 1-0:1.0: 1 port detected
[    9.901712] xhci-hcd xhci-hcd.0.auto: xHCI Host Controller
[    9.907492] xhci-hcd xhci-hcd.0.auto: new USB bus registered, assigned bus number 2
[    9.951242] usb usb2: New USB device found, idVendor=1d6b, idProduct=0003
[    9.958422] usb usb2: New USB device strings: Mfr=3, Product=2, SerialNumber=1
[    9.965992] usb usb2: Product: xHCI Host Controller
[    9.971119] usb usb2: Manufacturer: Linux 4.1.0-rc7-00003-gd942b26-dirty xhci-hcd
[    9.978973] usb usb2: SerialNumber: xhci-hcd.0.auto
[   10.014004] EXT4-fs (mmcblk1p2): re-mounted. Opts: data=ordered
[   10.031764] hub 2-0:1.0: USB hub found
[   10.035949] hub 2-0:1.0: 1 port detected
[   10.463539] xhci-hcd xhci-hcd.1.auto: xHCI Host Controller
[   10.469369] xhci-hcd xhci-hcd.1.auto: new USB bus registered, assigned bus number 3
Starting Bootlog daemon: [   10.546832] xhci-hcd xhci-hcd.1.auto: hcc params 0x0220f04c hci version 0x100 quirks 0x00010010
[   10.556104] xhci-hcd xhci-hcd.1.auto: irq 410, io mem 0x488d0000
[   10.566308] usb usb3: New USB device found, idVendor=1d6b, idProduct=0002
[   10.573468] usb usb3: New USB device strings: Mfr=3, Product=2, SerialNumber=1
[   10.581055] usb usb3: Product: xHCI Host Controller
[   10.586188] usb usb3: Manufacturer: Linux 4.1.0-rc7-00003-gd942b26-dirty xhci-hcd
[   10.594044] usb usb3: SerialNumber: xhci-hcd.1.auto
bootlogd: cannot allocate pseudo tty: No such file or directory
bootlogd.
[   10.630203] hub 3-0:1.0: USB hub found
[   10.636448] hub 3-0:1.0: 1 port detected
[   10.649547] xhci-hcd xhci-hcd.1.auto: xHCI Host Controller
[   10.655338] xhci-hcd xhci-hcd.1.auto: new USB bus registered, assigned bus number 4
[   10.694570] usb usb4: New USB device found, idVendor=1d6b, idProduct=0003
[   10.701736] usb usb4: New USB device strings: Mfr=3, Product=2, SerialNumber=1
[   10.709319] usb usb4: Product: xHCI Host Controller
[   10.714428] usb usb4: Manufacturer: Linux 4.1.0-rc7-00003-gd942b26-dirty xhci-hcd
[   10.722285] usb usb4: SerialNumber: xhci-hcd.1.auto
[   10.741323] hub 4-0:1.0: USB hub found
[   10.753462] random: dd urandom read with 53 bits of entropy available
[   10.760457] hub 4-0:1.0: 1 port detected
Populating dev cache
[   10.968487] usb 3-1: new high-speed USB device number 2 using xhci-hcd
[   11.126073] usb 3-1: New USB device found, idVendor=05ac, idProduct=1402
[   11.133141] usb 3-1: New USB device strings: Mfr=1, Product=2, SerialNumber=3
[   11.140650] usb 3-1: Product: Apple USB Ethernet Adapter
[   11.146221] usb 3-1: Manufacturer: Apple Inc.      
[   11.151345] usb 3-1: SerialNumber: 25A268
[   11.599040] omap_hwmod: HW_AUTO l3init_clkdm
ALSA: Restoring mixer settings...
/usr/sbin/alsactl: load_state:1729: No soundcards found...
Mon Jan 26 22:57:00 UTC 2015
INIT: Entering runlevel: 5
[   11.911076] omap_hwmod: HW_AUTO l3init_clkdm
Configuring network interfaces... [   12.033855] asix 3-1:1.0 eth1: register 'asix' at usb-xhci-hcd.1.auto-1, ASIX AX88772 USB 2.0 Ethernet, 70:11:24:8c:8d:b5
[   12.241867] net eth0: initializing cpsw version 1.15 (0)
[   12.249553] libphy: PHY  not found
[   12.253118] net eth0: phy  not found on slave 0
[   12.342399] net eth0: phy found : id is : 0x20005c7a
udhcpc (v1.22.1) started
[   12.369348] omap_hwmod: HW_AUTO l3init_clkdm
Sending discover...
[   13.069698] omap_hwmod: HW_AUTO l3init_clkdm
[   14.345494] cpsw 48484000.ethernet eth0: Link is Up - 100Mbps/Full - flow control rx/tx
Sending discover...
Sending discover...
[   21.068599] omap_hwmod: HW_AUTO l3init_clkdm
No lease, failing
done.
[   21.521579] omap_hwmod: HW_AUTO l3init_clkdm
Starting system message bus: dbus.
UIM SYSFS Node Not Found
[   24.231127] omap_hwmod: HW_AUTO l3init_clkdm
Starting Dropbear SSH server: [   24.847081] NET: Registered protocol family 10
dropbear.
Starting telnet daemon.
Starting tiipclad daemon
Spawned daemon: /usr/bin/lad_dra7xx

.
Starting rpcbind daemon...done.
[   25.046878] omap_hwmod: preventing HW_AUTO dcan1 wkupaon_clkdm
[   25.052997] omap_hwmod: didn't HW_AUTO wkupaon_clkdm
[   25.058464] omap_hwmod: allowing HW_AUTO dcan1 wkupaon_clkdm
[   25.064395] omap_hwmod: HW_AUTO wkupaon_clkdm
creating NFS state directory: done
starting statd: [   25.195354] omap_hwmod: preventing HW_AUTO dcan1 wkupaon_clkdm
[   25.201473] omap_hwmod: didn't HW_AUTO wkupaon_clkdm
[   25.206752] omap_hwmod: allowing HW_AUTO dcan1 wkupaon_clkdm
[   25.212678] omap_hwmod: HW_AUTO wkupaon_clkdm
[   25.218988] omap_hwmod: preventing HW_AUTO dcan1 wkupaon_clkdm
[   25.225101] omap_hwmod: didn't HW_AUTO wkupaon_clkdm
[   25.230372] omap_hwmod: allowing HW_AUTO dcan1 wkupaon_clkdm
[   25.236305] omap_hwmod: HW_AUTO wkupaon_clkdm
[   25.242833] omap_hwmod: preventing HW_AUTO dcan1 wkupaon_clkdm
[   25.248946] omap_hwmod: didn't HW_AUTO wkupaon_clkdm
[   25.254235] omap_hwmod: allowing HW_AUTO dcan1 wkupaon_clkdm
[   25.260157] omap_hwmod: HW_AUTO wkupaon_clkdm
[   25.266707] omap_hwmod: preventing HW_AUTO dcan1 wkupaon_clkdm
[   25.272817] omap_hwmod: didn't HW_AUTO wkupaon_clkdm
[   25.278120] omap_hwmod: allowing HW_AUTO dcan1 wkupaon_clkdm
[   25.284048] omap_hwmod: HW_AUTO wkupaon_clkdm
done
[   25.310483] omap_hwmod: HW_AUTO l3init_clkdm
Starting syslogd/klogd: done
Starting thttpd.
Starting Lighttpd Web Server: lighttpd.
2015-01-26 22:57:13: (/home/jenkins/tisdk-build/build-CORTEX_1/arago-tmp-external-linaro-toolchain/work/cortexa15t2hf-vfp-neon-oe-linux-gnueabi/lighttpd/1.4.33-r1/lighttpd-1.4.33/src/log.c.166) server started 
/
Starting Matrix GUI application.
[   26.364475] random: nonblocking pool is initialized
***************************************************************
***************************************************************
NOTICE: This file system contains the followin GPLv3 packages:
        binutils
        gdbserver
        parted

If you do not wish to distribute GPLv3 components please remove
the above packages prior to distribution.  This can be done using
the opkg remove command.  i.e.:
    opkg remove <package>
Where <package> is the name printed in the list above

NOTE: If the package is a dependency of another package you
      will be notified of the dependent packages.  You should
      use the --force-removal-of-dependent-packages option to
      also remove the dependent packages as well
***************************************************************
***************************************************************
Stopping Bootlog daemon: bootlogd.

[   28.736125] omap_hwmod: HW_AUTO l3init_clkdm
 _____                    _____           _         _   
|  _  |___ ___ ___ ___   |  _  |___ ___  |_|___ ___| |_ 
|     |  _| .'| . | . |  |   __|  _| . | | | -_|  _|  _|
|__|__|_| |__,|_  |___|  |__|  |_| |___|_| |___|___|_|  
              |___|                    |___|            

Arago Project http://arago-project.org dra7xx-evm /dev/ttyO0

Arago 2015.01 dra7xx-evm /dev/ttyO0

dra7xx-evm login: [   32.070779] omap_hwmod: HW_AUTO l3init_clkdm
[   32.642125] omap_hwmod: HW_AUTO l3init_clkdm

 _____                    _____           _         _   
|  _  |___ ___ ___ ___   |  _  |___ ___  |_|___ ___| |_ 
|     |  _| .'| . | . |  |   __|  _| . | | | -_|  _|  _|
|__|__|_| |__,|_  |___|  |__|  |_| |___|_| |___|___|_|  
              |___|                    |___|            

Arago Project http://arago-project.org dra7xx-evm /dev/ttyO0

Arago 2015.01 dra7xx-evm /dev/ttyO0

dra7xx-evm login: root
[   36.584714] omap_hwmod: HW_AUTO l3init_clkdm
root@dra7xx-evm:~# [   37.661388] omap_hwmod: HW_AUTO l3init_clkdm
omapconf dump prcm wkupaon[   42.669835] omap_hwmod: HW_AUTO l3init_clkdm

[   42.972479] omap_hwmod: HW_AUTO l3init_clkdm
OMAPCONF (rev v1.71 built Mon Jan 26 16:45:01 EST 2015)

HW Platform:
  Generic DRA72X (Flattened Device Tree)
  DRA72X ES1.0 GP Device (STANDARD performance (1.0GHz))
  UNKNOWN POWER IC

SW Build Details:
  Build:
    Version:  _____                    _____           _         _   
  Kernel:
    Version: 4.1.0-rc7-00003-gd942b26-dirty
    Author: roger@rockdesk
    Toolchain: gcc version 4.7.3 20130226 (prerelease) (crosstool-NG linaro-1.13.1-4.7-2013.03-20130313 - Linaro GCC 2013.03)
    Type: #1192 SMP
    Date: Mon Jun 15 16:32:26 EEST 2015

|---------------------------------------------------------------|
| PRM WKUPAON Reg. Name             | Reg. Address | Reg. Value |
|---------------------------------------------------------------|
| RM_WKUPAON_L4_WKUP_CONTEXT        | 0x4AE07724   | 0x00000000 |
| PM_WKUPAON_WD_TIMER1_WKDEP        | 0x4AE07728   | 0x00000000 |
| RM_WKUPAON_WD_TIMER1_CONTEXT      | 0x4AE0772C   | 0x00000001 |
| PM_WKUPAON_WD_TIMER2_WKDEP        | 0x4AE07730   | 0x00000000 |
| RM_WKUPAON_WD_TIMER2_CONTEXT      | 0x4AE07734   | 0x00000000 |
| PM_WKUPAON_GPIO1_WKDEP            | 0x4AE07738   | 0x00000000 |
| RM_WKUPAON_GPIO1_CONTEXT          | 0x4AE0773C   | 0x00000000 |
| PM_WKUPAON_TIMER1_WKDEP           | 0x4AE07740   | 0x00000000 |
| RM_WKUPAON_TIMER1_CONTEXT         | 0x4AE07744   | 0x00000000 |
| PM_WKUPAON_TIMER12_WKDEP          | 0x4AE07748   | 0x00000000 |
| RM_WKUPAON_TIMER12_CONTEXT        | 0x4AE0774C   | 0x00000001 |
| RM_WKUPAON_COUNTER_32K_CONTEXT    | 0x4AE07754   | 0x00000000 |
| RM_WKUPAON_SAR_RAM_CONTEXT        | 0x4AE07764   | 0x00000101 |
| PM_WKUPAON_KBD_WKDEP              | 0x4AE07778   | 0x00000000 |
| RM_WKUPAON_KBD_CONTEXT            | 0x4AE0777C   | 0x00000001 |
| PM_WKUPAON_UART10_WKDEP           | 0x4AE07780   | 0x00000000 |
| RM_WKUPAON_UART10_CONTEXT         | 0x4AE07784   | 0x00000000 |
| PM_WKUPAON_DCAN1_WKDEP            | 0x4AE07788   | 0x00000000 |
| RM_WKUPAON_DCAN1_CONTEXT          | 0x4AE0778C   | 0x00000000 |
| PM_WKUPAON_ADC_WKDEP              | 0x4AE077A0   | 0x00000000 |
| RM_WKUPAON_ADC_CONTEXT            | 0x4AE077A4   | 0x00000001 |
| RM_WKUPAON_SPARE_SAFETY1_CONTEXT  | 0x4AE077B4   | 0x00000001 |
| RM_WKUPAON_SPARE_SAFETY2_CONTEXT  | 0x4AE077BC   | 0x00000001 |
| RM_WKUPAON_SPARE_SAFETY3_CONTEXT  | 0x4AE077C4   | 0x00000001 |
| RM_WKUPAON_SPARE_SAFETY4_CONTEXT  | 0x4AE077CC   | 0x00000001 |
| RM_WKUPAON_SPARE_UNKNOWN2_CONTEXT | 0x4AE077D4   | 0x00000001 |
| RM_WKUPAON_SPARE_UNKNOWN3_CONTEXT | 0x4AE077DC   | 0x00000001 |
|---------------------------------------------------------------|

|---------------------------------------------------------------|
| CM WKUPAON Reg. Name              | Reg. Address | Reg. Value |
|---------------------------------------------------------------|
| CM_WKUPAON_CLKSTCTRL              | 0x4AE07800   | 0x0002D103 |
| CM_WKUPAON_L4_WKUP_CLKCTRL        | 0x4AE07820   | 0x00000001 |
| CM_WKUPAON_WD_TIMER1_CLKCTRL      | 0x4AE07828   | 0x00000001 |
| CM_WKUPAON_WD_TIMER2_CLKCTRL      | 0x4AE07830   | 0x00030000 |
| CM_WKUPAON_GPIO1_CLKCTRL          | 0x4AE07838   | 0x00030000 |
| CM_WKUPAON_TIMER1_CLKCTRL         | 0x4AE07840   | 0x01000002 |
| CM_WKUPAON_TIMER12_CLKCTRL        | 0x4AE07848   | 0x00000001 |
| CM_WKUPAON_COUNTER_32K_CLKCTRL    | 0x4AE07850   | 0x00000001 |
| CM_WKUPAON_SAR_RAM_CLKCTRL        | 0x4AE07860   | 0x00000001 |
| CM_WKUPAON_KBD_CLKCTRL            | 0x4AE07878   | 0x00030000 |
| CM_WKUPAON_UART10_CLKCTRL         | 0x4AE07880   | 0x00030000 |
| CM_WKUPAON_DCAN1_CLKCTRL          | 0x4AE07888   | 0x00030000 |
| CM_WKUPAON_SCRM_CLKCTRL           | 0x4AE07890   | 0x00000300 |
| CM_WKUPAON_IO_SRCOMP_CLKCTRL      | 0x4AE07898   | 0x00000000 |
| CM_WKUPAON_ADC_CLKCTRL            | 0x4AE078A0   | 0x00030000 |
| CM_WKUPAON_SPARE_SAFETY1_CLKCTRL  | 0x4AE078B0   | 0x00000001 |
| CM_WKUPAON_SPARE_SAFETY2_CLKCTRL  | 0x4AE078B8   | 0x00000001 |
| CM_WKUPAON_SPARE_SAFETY3_CLKCTRL  | 0x4AE078C0   | 0x00000001 |
| CM_WKUPAON_SPARE_SAFETY4_CLKCTRL  | 0x4AE078C8   | 0x00000001 |
| CM_WKUPAON_SPARE_UNKNOWN2_CLKCTRL | 0x4AE078D0   | 0x00000001 |
| CM_WKUPAON_SPARE_UNKNOWN3_CLKCTRL | 0x4AE078D8   | 0x00000001 |
|---------------------------------------------------------------|

omapconf: powerdm_deinit(): cpu not supported!!!
omapconf: clockdm_deinit(): cpu not supported!!!
root@dra7xx-evm:~# cat c[   48.068676] omap_hwmod: HW_AUTO l3init_clkdm
an
canreceive.sh      cansendpacket.sh   cansendtraffic.sh  
root@dra7xx-evm:~# cat cansendpacket.sh 
[   51.506059] omap_hwmod: HW_AUTO l3init_clkdm
#!/bin/sh

echo "configuring can0 to 250000 bps"
ip link set can0 type can bitrate 250000 triple-sampling on
echo "bringing up can0"
ifconfig can0 up
echo "sending packet on can0"
cansend can0 0xa
echo "done"
root@dra7xx-evm:~# [   54.068727] omap_hwmod: HW_AUTO l3init_clkdm
ip link set can0 type can bitrate 250000 triple-sampling on
root@dra7xx-evm:~# ifconfig c[   57.704114] omap_hwmod: HW_AUTO l3init_clkdm
an0 up 
[   59.489995] omap_hwmod: HW_AUTO l3init_clkdm
[   59.506907] omap_hwmod: preventing HW_AUTO dcan1 wkupaon_clkdm
[   59.513022] omap_hwmod: didn't HW_AUTO wkupaon_clkdm
[   59.521605] net can0: c_can_hw_raminit_wait_syscon: time out
[   59.527766] c_can_platform 4ae3c000.can can0: setting BTR=1c04 BRPE=0000
root@dra7xx-evm:~# [   65.068688] omap_hwmod: HW_AUTO l3init_clkdm
[   71.068705] omap_hwmod: HW_AUTO l3init_clkdm
[   72.738821] omap_hwmod: HW_AUTO l3init_clkdm
[   77.068591] omap_hwmod: HW_AUTO l3init_clkdm
[   83.068704] omap_hwmod: HW_AUTO l3init_clkdm

root@dra7xx-evm:~# 
root@dra7xx-evm:~# [   88.686964] omap_hwmod: HW_AUTO l3init_clkdm

root@dra7xx-evm:~# cat cansendpacket.sh 
#!/bin/sh

echo "configuring can0 to 250000 bps"
ip link set can0 type can bitrate 250000 triple-sampling on
echo "bringing up can0"
ifconfig can0 up
echo "sending packet on can0"
cansend can0 0xa
echo "done"
root@dra7xx-evm:~# omapconf dump prcm wkupaon
[   94.012093] omap_hwmod: HW_AUTO l3init_clkdm
OMAPCONF (rev v1.71 built Mon Jan 26 16:45:01 EST 2015)

HW Platform:
  Generic DRA72X (Flattened Device Tree)
  DRA72X ES1.0 GP Device (STANDARD performance (1.0GHz))
  UNKNOWN POWER IC

SW Build Details:
  Build:
    Version:  _____                    _____           _         _   
  Kernel:
    Version: 4.1.0-rc7-00003-gd942b26-dirty
    Author: roger@rockdesk
    Toolchain: gcc version 4.7.3 20130226 (prerelease) (crosstool-NG linaro-1.13.1-4.7-2013.03-20130313 - Linaro GCC 2013.03)
    Type: #1192 SMP
    Date: Mon Jun 15 16:32:26 EEST 2015

|---------------------------------------------------------------|
| PRM WKUPAON Reg. Name             | Reg. Address | Reg. Value |
|---------------------------------------------------------------|
| RM_WKUPAON_L4_WKUP_CONTEXT        | 0x4AE07724   | 0x00000000 |
| PM_WKUPAON_WD_TIMER1_WKDEP        | 0x4AE07728   | 0x00000000 |
| RM_WKUPAON_WD_TIMER1_CONTEXT      | 0x4AE0772C   | 0x00000001 |
| PM_WKUPAON_WD_TIMER2_WKDEP        | 0x4AE07730   | 0x00000000 |
| RM_WKUPAON_WD_TIMER2_CONTEXT      | 0x4AE07734   | 0x00000000 |
| PM_WKUPAON_GPIO1_WKDEP            | 0x4AE07738   | 0x00000000 |
| RM_WKUPAON_GPIO1_CONTEXT          | 0x4AE0773C   | 0x00000000 |
| PM_WKUPAON_TIMER1_WKDEP           | 0x4AE07740   | 0x00000000 |
| RM_WKUPAON_TIMER1_CONTEXT         | 0x4AE07744   | 0x00000000 |
| PM_WKUPAON_TIMER12_WKDEP          | 0x4AE07748   | 0x00000000 |
| RM_WKUPAON_TIMER12_CONTEXT        | 0x4AE0774C   | 0x00000001 |
| RM_WKUPAON_COUNTER_32K_CONTEXT    | 0x4AE07754   | 0x00000000 |
| RM_WKUPAON_SAR_RAM_CONTEXT        | 0x4AE07764   | 0x00000101 |
| PM_WKUPAON_KBD_WKDEP              | 0x4AE07778   | 0x00000000 |
| RM_WKUPAON_KBD_CONTEXT            | 0x4AE0777C   | 0x00000001 |
| PM_WKUPAON_UART10_WKDEP           | 0x4AE07780   | 0x00000000 |
| RM_WKUPAON_UART10_CONTEXT         | 0x4AE07784   | 0x00000000 |
| PM_WKUPAON_DCAN1_WKDEP            | 0x4AE07788   | 0x00000000 |
| RM_WKUPAON_DCAN1_CONTEXT          | 0x4AE0778C   | 0x00000000 |
| PM_WKUPAON_ADC_WKDEP              | 0x4AE077A0   | 0x00000000 |
| RM_WKUPAON_ADC_CONTEXT            | 0x4AE077A4   | 0x00000001 |
| RM_WKUPAON_SPARE_SAFETY1_CONTEXT  | 0x4AE077B4   | 0x00000001 |
| RM_WKUPAON_SPARE_SAFETY2_CONTEXT  | 0x4AE077BC   | 0x00000001 |
| RM_WKUPAON_SPARE_SAFETY3_CONTEXT  | 0x4AE077C4   | 0x00000001 |
| RM_WKUPAON_SPARE_SAFETY4_CONTEXT  | 0x4AE077CC   | 0x00000001 |
| RM_WKUPAON_SPARE_UNKNOWN2_CONTEXT | 0x4AE077D4   | 0x00000001 |
| RM_WKUPAON_SPARE_UNKNOWN3_CONTEXT | 0x4AE077DC   | 0x00000001 |
|---------------------------------------------------------------|

|---------------------------------------------------------------|
| CM WKUPAON Reg. Name              | Reg. Address | Reg. Value |
|---------------------------------------------------------------|
| CM_WKUPAON_CLKSTCTRL              | 0x4AE07800   | 0x0003D102 |
| CM_WKUPAON_L4_WKUP_CLKCTRL        | 0x4AE07820   | 0x00000001 |
| CM_WKUPAON_WD_TIMER1_CLKCTRL      | 0x4AE07828   | 0x00000001 |
| CM_WKUPAON_WD_TIMER2_CLKCTRL      | 0x4AE07830   | 0x00030000 |
| CM_WKUPAON_GPIO1_CLKCTRL          | 0x4AE07838   | 0x00030000 |
| CM_WKUPAON_TIMER1_CLKCTRL         | 0x4AE07840   | 0x01000002 |
| CM_WKUPAON_TIMER12_CLKCTRL        | 0x4AE07848   | 0x00000001 |
| CM_WKUPAON_COUNTER_32K_CLKCTRL    | 0x4AE07850   | 0x00000001 |
| CM_WKUPAON_SAR_RAM_CLKCTRL        | 0x4AE07860   | 0x00000001 |
| CM_WKUPAON_KBD_CLKCTRL            | 0x4AE07878   | 0x00030000 |
| CM_WKUPAON_UART10_CLKCTRL         | 0x4AE07880   | 0x00030000 |
| CM_WKUPAON_DCAN1_CLKCTRL          | 0x4AE07888   | 0x00000002 |
| CM_WKUPAON_SCRM_CLKCTRL           | 0x4AE07890   | 0x00000300 |
| CM_WKUPAON_IO_SRCOMP_CLKCTRL      | 0x4AE07898   | 0x00000000 |
| CM_WKUPAON_ADC_CLKCTRL            | 0x4AE078A0   | 0x00030000 |
| CM_WKUPAON_SPARE_SAFETY1_CLKCTRL  | 0x4AE078B0   | 0x00000001 |
| CM_WKUPAON_SPARE_SAFETY2_CLKCTRL  | 0x4AE078B8   | 0x00000001 |
| CM_WKUPAON_SPARE_SAFETY3_CLKCTRL  | 0x4AE078C0   | 0x00000001 |
| CM_WKUPAON_SPARE_SAFETY4_CLKCTRL  | 0x4AE078C8   | 0x00000001 |
| CM_WKUPAON_SPARE_UNKNOWN2_CLKCTRL | 0x4AE078D0   | 0x00000001 |
| CM_WKUPAON_SPARE_UNKNOWN3_CLKCTRL | 0x4AE078D8   | 0x00000001 |
|---------------------------------------------------------------|

omapconf: powerdm_deinit(): cpu not supported!!!
omapconf: clockdm_deinit(): cpu not supported!!!
root@dra7xx-evm:~# 
root@dra7xx-evm:~# ifconfig can0 [   99.058698] omap_hwmod: HW_AUTO l3init_clkdm
down
[  100.015933] omap_hwmod: allowing HW_AUTO dcan1 wkupaon_clkdm
[  100.021879] omap_hwmod: HW_AUTO wkupaon_clkdm
[  100.026582] omap_hwmod: preventing HW_AUTO dcan1 wkupaon_clkdm
[  100.032694] omap_hwmod: didn't HW_AUTO wkupaon_clkdm
[  100.037945] omap_hwmod: allowing HW_AUTO dcan1 wkupaon_clkdm
[  100.043877] omap_hwmod: HW_AUTO wkupaon_clkdm
root@dra7xx-evm:~# [  105.058707] omap_hwmod: HW_AUTO l3init_clkdm
[  111.068708] omap_hwmod: HW_AUTO l3init_clkdm

root@dra7xx-evm:~# omapconf dump prcm wkupaon                                                                                                                                                                      
OMAPCONF (rev v1.71 built Mon Jan 26 16:45:01 EST 2015)

HW Platform:
  Generic DRA72X (Flattened Device Tree)
  DRA72X ES1.0 GP Device (STANDARD performance (1.0GHz))
  UNKNOWN POWER IC

SW Build Details:
  Build:
    Version:  _____                    _____           _         _   
  Kernel:
    Version: 4.1.0-rc7-00003-gd942b26-dirty
    Author: roger@rockdesk
    Toolchain: gcc version 4.7.3 20130226 (prerelease) (crosstool-NG linaro-1.13.1-4.7-2013.03-20130313 - Linaro GCC 2013.03)
    Type: #1192 SMP
    Date: Mon Jun 15 16:32:26 EEST 2015

|---------------------------------------------------------------|
| PRM WKUPAON Reg. Name             | Reg. Address | Reg. Value |
|---------------------------------------------------------------|
| RM_WKUPAON_L4_WKUP_CONTEXT        | 0x4AE07724   | 0x00000000 |
| PM_WKUPAON_WD_TIMER1_WKDEP        | 0x4AE07728   | 0x00000000 |
| RM_WKUPAON_WD_TIMER1_CONTEXT      | 0x4AE0772C   | 0x00000001 |
| PM_WKUPAON_WD_TIMER2_WKDEP        | 0x4AE07730   | 0x00000000 |
| RM_WKUPAON_WD_TIMER2_CONTEXT      | 0x4AE07734   | 0x00000000 |
| PM_WKUPAON_GPIO1_WKDEP            | 0x4AE07738   | 0x00000000 |
| RM_WKUPAON_GPIO1_CONTEXT          | 0x4AE0773C   | 0x00000000 |
| PM_WKUPAON_TIMER1_WKDEP           | 0x4AE07740   | 0x00000000 |
| RM_WKUPAON_TIMER1_CONTEXT         | 0x4AE07744   | 0x00000000 |
| PM_WKUPAON_TIMER12_WKDEP          | 0x4AE07748   | 0x00000000 |
| RM_WKUPAON_TIMER12_CONTEXT        | 0x4AE0774C   | 0x00000001 |
| RM_WKUPAON_COUNTER_32K_CONTEXT    | 0x4AE07754   | 0x00000000 |
| RM_WKUPAON_SAR_RAM_CONTEXT        | 0x4AE07764   | 0x00000101 |
| PM_WKUPAON_KBD_WKDEP              | 0x4AE07778   | 0x00000000 |
| RM_WKUPAON_KBD_CONTEXT            | 0x4AE0777C   | 0x00000001 |
| PM_WKUPAON_UART10_WKDEP           | 0x4AE07780   | 0x00000000 |
| RM_WKUPAON_UART10_CONTEXT         | 0x4AE07784   | 0x00000000 |
| PM_WKUPAON_DCAN1_WKDEP            | 0x4AE07788   | 0x00000000 |
| RM_WKUPAON_DCAN1_CONTEXT          | 0x4AE0778C   | 0x00000000 |
| PM_WKUPAON_ADC_WKDEP              | 0x4AE077A0   | 0x00000000 |
| RM_WKUPAON_ADC_CONTEXT            | 0x4AE077A4   | 0x00000001 |
| RM_WKUPAON_SPARE_SAFETY1_CONTEXT  | 0x4AE077B4   | 0x00000001 |
| RM_WKUPAON_SPARE_SAFETY2_CONTEXT  | 0x4AE077BC   | 0x00000001 |
| RM_WKUPAON_SPARE_SAFETY3_CONTEXT  | 0x4AE077C4   | 0x00000001 |
| RM_WKUPAON_SPARE_SAFETY4_CONTEXT  | 0x4AE077CC   | 0x00000001 |
| RM_WKUPAON_SPARE_UNKNOWN2_CONTEXT | 0x4AE077D4   | 0x00000001 |
| RM_WKUPAON_SPARE_UNKNOWN3_CONTEXT | 0x4AE077DC   | 0x00000001 |
|---------------------------------------------------------------|

|---------------------------------------------------------------|
| CM WKUPAON Reg. Name              | Reg. Address | Reg. Value |
|---------------------------------------------------------------|
| CM_WKUPAON_CLKSTCTRL              | 0x4AE07800   | 0x0002D103 |
| CM_WKUPAON_L4_WKUP_CLKCTRL        | 0x4AE07820   | 0x00000001 |
| CM_WKUPAON_WD_TIMER1_CLKCTRL      | 0x4AE07828   | 0x00000001 |
| CM_WKUPAON_WD_TIMER2_CLKCTRL      | 0x4AE07830   | 0x00030000 |
| CM_WKUPAON_GPIO1_CLKCTRL          | 0x4AE07838   | 0x00030000 |
| CM_WKUPAON_TIMER1_CLKCTRL         | 0x4AE07840   | 0x01000002 |
| CM_WKUPAON_TIMER12_CLKCTRL        | 0x4AE07848   | 0x00000001 |
| CM_WKUPAON_COUNTER_32K_CLKCTRL    | 0x4AE07850   | 0x00000001 |
| CM_WKUPAON_SAR_RAM_CLKCTRL        | 0x4AE07860   | 0x00000001 |
| CM_WKUPAON_KBD_CLKCTRL            | 0x4AE07878   | 0x00030000 |
| CM_WKUPAON_UART10_CLKCTRL         | 0x4AE07880   | 0x00030000 |
| CM_WKUPAON_DCAN1_CLKCTRL          | 0x4AE07888   | 0x00030000 |
| CM_WKUPAON_SCRM_CLKCTRL           | 0x4AE07890   | 0x00000300 |
| CM_WKUPAON_IO_SRCOMP_CLKCTRL      | 0x4AE07898   | 0x00000000 |
| CM_WKUPAON_ADC_CLKCTRL            | 0x4AE078A0   | 0x00030000 |
| CM_WKUPAON_SPARE_SAFETY1_CLKCTRL  | 0x4AE078B0   | 0x00000001 |
| CM_WKUPAON_SPARE_SAFETY2_CLKCTRL  | 0x4AE078B8   | 0x00000001 |
| CM_WKUPAON_SPARE_SAFETY3_CLKCTRL  | 0x4AE078C0   | 0x00000001 |
| CM_WKUPAON_SPARE_SAFETY4_CLKCTRL  | 0x4AE078C8   | 0x00000001 |
| CM_WKUPAON_SPARE_UNKNOWN2_CLKCTRL | 0x4AE078D0   | 0x00000001 |
| CM_WKUPAON_SPARE_UNKNOWN3_CLKCTRL | 0x4AE078D8   | 0x00000001 |
|---------------------------------------------------------------|

omapconf: powerdm_deinit(): cpu not supported!!!
omapconf: clockdm_deinit(): cpu not supported!!!
root@dra7xx-evm:~# [  117.068658] omap_hwmod: HW_AUTO l3init_clkdm
[  117.838811] omap_hwmod: HW_AUTO l3init_clkdm
[  123.068706] omap_hwmod: HW_AUTO l3init_clkdm

root@dra7xx-evm:~# [  128.732514] omap_hwmod: HW_AUTO l3init_clkdm
INIT: Id "S0" respawning too fast: disabled for 5 minutes

