***************************************************************
***************************************************************
Stopping Bootlog daemon: bootlogd.
custom script
DCANRXPACKETREBOOT test iteration: 2
[   15.558514] net can0: c_can_hw_raminit_wait_syscon: time out
[   15.564616] c_can_platform 4ae3c000.can can0: setting BTR=1c04 BRPE=0000
can0 up failed - VAL:0x00000000
interface = can0, family = 29, type = 3, proto = 1
[   16.637996] can: controller area network core (rev 20120528 abi 9)
[   16.644653] NET: Registered protocol family 29
[   16.669645] can: raw protocol (rev 20120528)
candump size 176
read: Network is down
~~~~~~~~~~~~~~~~~~~~~~~~~~~~~~~~~~~~~~~~~~~~~~~~~~~~~~~~~~~~~~~~~~~~~~~~
Boots: 2, UP fails: 1, OFF fails: 0, READ fails: 0
~~~~~~~~~~~~~~~~~~~~~~~~~~~~~~~~~~~~~~~~~~~~~~~~~~~~~~~~~~~~~~~~~~~~~~~~

Broadcast message from root@dra7xx-evm (ttyO0) (Wed Jan 28 00:10:19 2015):
The system is going down for reboot NOW!
INIT: Switching to runleUIM SYSFS Node Not Found
Stopping Dropbear SSH server: stopped /usr/sbin/dropbear (pid 661)
dropbear.
Stopping telnet daemon.
Stopping tiipclad daemon.
Stopping system message bus: dbus.
Error opening /dev/fb0: No such file or directory
Stopping syslogd/klogd: stopped syslogd (pid 690)
stopped klogd (pid 694)
done
Stopping thttpd.
Stopping Weston
stopping statd: done
ALSA: Storing mixer settings...
/usr/sbin/alsactl: save_state:1590: No soundcards found...
Stopping rpcbind daemon...
done.
Stopping Lighttpd Web Server: stopped /usr/sbin/lighttpd (pid 700)
lighttpd.
Deconfiguring network interfaces... done.
Stopping Matrix GUI applicationstart-stop-daemon: warning: killing process 706: No such process
.
***************************************************************
***************************************************************
NOTICE: This file system contains the followin GPLv3 packages:
	binutils
	gdbserver
	parted

If you do not wish to distribute GPLv3 components please remove
the above packages prior to distribution.  This can be done using
the opkg remove command.  i.e.:
    opkg remove <package>
Where <package> is the name printed in the list above

NOTE: If the package is a dependency of another package you
      will be notified of the dependent packages.  You should
      use the --force-removal-of-dependent-packages option to
      also remove the dependent packages as well
***************************************************************
***************************************************************
Sending all processes the TERM signal...
Sending all processes the KILL signal...
Unmounting remote filesystems...
Deactivating swap...
Unmounting local filesystems...
[   28.321268] EXT4-fs (mmcblk0p2): re-mounted. Opts: data=ordered
Rebooting... [   30.842865] reboot: Restarting system

U-Boot SPL 2014.07-00002-gfb6ab76 (Jun 22 2015 - 13:18:10)
DRA752 ES1.1
reading args
spl_load_image_fat_os: error reading image args, err - -1
reading u-boot.img
reading u-boot.img


U-Boot 2014.07-00002-gfb6ab76 (Jun 22 2015 - 13:18:10)

CPU  : DRA752 ES1.1
Board: DRA7xx
I2C:   ready
DRAM:  1.5 GiB
MMC:   OMAP SD/MMC: 0, OMAP SD/MMC: 1
Card did not respond to voltage select!
MMC init failed
Using default environment

SATA link 0 timeout.
AHCI 0001.0300 32 slots 1 ports 3 Gbps 0x1 impl SATA mode
flags: 64bit ncq stag pm led clo only pmp pio slum part ccc apst 
scanning bus for devices...
Found 0 device(s).
SCSI:  Net:   <ethaddr> not set. Validating first E-fuse MAC
cpsw
Hit any key to stop autoboot:  1  0 
switch to partitions #0, OK
mmc0 is current device
SD/MMC found on device 0
reading uEnv.txt
881 bytes read in 7 ms (122.1 KiB/s)
Loaded environment from uEnv.txt
Importing environment from mmc0 ...
Running uenvcmd ...
3530280 bytes read in 204 ms (16.5 MiB/s)
74803 bytes read in 25 ms (2.9 MiB/s)
Kernel image @ 0x82000000 [ 0x000000 - 0x35de28 ]
## Flattened Device Tree blob at 88000000
   Booting using the fdt blob at 0x88000000
   Loading Device Tree to 8ffea000, end 8ffff432 ... OK

Starting kernel ...

[    0.000000] Booting Linux on physical CPU 0x0
[    0.000000] Initializing cgroup subsys cpuset
[    0.000000] Initializing cgroup subsys cpu
[    0.000000] Initializing cgroup subsys cpuacct
[    0.000000] Linux version 4.1.0-00003-ga1c5702 (roger@rockdesk) (gcc version 4.7.3 20130226 (prerelease) (crosstool-NG linaro-1.13.1-4.7-2013.03-20130313 - Linaro GCC 2013.03) ) #1267 SMP Wed Jun 24 11:38:21 EEST 2015
[    0.000000] CPU: ARMv7 Processor [412fc0f2] revision 2 (ARMv7), cr=10c5387d
[    0.000000] CPU: PIPT / VIPT nonaliasing data cache, PIPT instruction cache
[    0.000000] Machine model: TI DRA742
[    0.000000] cma: Reserved 16 MiB at 0xde800000
[    0.000000] Memory policy: Data cache writealloc
[    0.000000] On node 0 totalpages: 392960
[    0.000000] free_area_init_node: node 0, pgdat c09b4d00, node_mem_map eea79000
[    0.000000]   Normal zone: 1710 pages used for memmap
[    0.000000]   Normal zone: 0 pages reserved
[    0.000000]   Normal zone: 194560 pages, LIFO batch:31
[    0.000000]   HighMem zone: 198400 pages, LIFO batch:31
[    0.000000] DRA752 ES1.1
[    0.000000] PERCPU: Embedded 13 pages/cpu @eea02000 s23040 r8192 d22016 u53248
[    0.000000] pcpu-alloc: s23040 r8192 d22016 u53248 alloc=13*4096
[    0.000000] pcpu-alloc: [0] 0 [0] 1 
[    0.000000] Built 1 zonelists in Zone order, mobility grouping on.  Total pages: 391250
[    0.000000] Kernel command line: console=ttyO0,115200n8 vram=16M root=/dev/mmcblk0p2 rw rootfstype=ext4 rootwait
[    0.000000] PID hash table entries: 4096 (order: 2, 16384 bytes)
[    0.000000] Dentry cache hash table entries: 131072 (order: 7, 524288 bytes)
[    0.000000] Inode-cache hash table entries: 65536 (order: 6, 262144 bytes)
[    0.000000] Memory: 1522088K/1571840K available (6552K kernel code, 741K rwdata, 2188K rodata, 448K init, 8220K bss, 33368K reserved, 16384K cma-reserved, 777216K highmem)
[    0.000000] Virtual kernel memory layout:
[    0.000000]     vector  : 0xffff0000 - 0xffff1000   (   4 kB)
[    0.000000]     fixmap  : 0xffc00000 - 0xfff00000   (3072 kB)
[    0.000000]     vmalloc : 0xf0000000 - 0xff000000   ( 240 MB)
[    0.000000]     lowmem  : 0xc0000000 - 0xef800000   ( 760 MB)
[    0.000000]     pkmap   : 0xbfe00000 - 0xc0000000   (   2 MB)
[    0.000000]     modules : 0xbf000000 - 0xbfe00000   (  14 MB)
[    0.000000]       .text : 0xc0008000 - 0xc08912e0   (8741 kB)
[    0.000000]       .init : 0xc0892000 - 0xc0902000   ( 448 kB)
[    0.000000]       .data : 0xc0902000 - 0xc09bb7d8   ( 742 kB)
[    0.000000]        .bss : 0xc09be000 - 0xc11c5390   (8221 kB)
[    0.000000] Running RCU self tests
[    0.000000] Hierarchical RCU implementation.
[    0.000000] 	RCU lockdep checking is enabled.
[    0.000000] 	Additional per-CPU info printed with stalls.
[    0.000000] NR_IRQS:16 nr_irqs:16 16
[    0.000000] OMAP clockevent source: timer1 at 32768 Hz
[    0.000000] clocksource 32k_counter: mask: 0xffffffff max_cycles: 0xffffffff, max_idle_ns: 58327039986419 ns
[    0.000000] sched_clock: 32 bits at 32kHz, resolution 30517ns, wraps every 65535999984741ns
[    0.000030] OMAP clocksource: 32k_counter at 32768 Hz
[    0.000549] Architected cp15 timer(s) running at 6.14MHz (virt).
[    0.000549] clocksource arch_sys_counter: mask: 0xffffffffffffff max_cycles: 0x16af5adb9, max_idle_ns: 440795202250 ns
[    0.000584] sched_clock: 56 bits at 6MHz, resolution 162ns, wraps every 4398046511023ns
[    0.000595] Switching to timer-based delay loop, resolution 162ns
[    0.001859] Console: colour dummy device 80x30
[    0.001893] Lock dependency validator: Copyright (c) 2006 Red Hat, Inc., Ingo Molnar
[    0.001901] ... MAX_LOCKDEP_SUBCLASSES:  8
[    0.001908] ... MAX_LOCK_DEPTH:          48
[    0.001914] ... MAX_LOCKDEP_KEYS:        8191
[    0.001920] ... CLASSHASH_SIZE:          4096
[    0.001926] ... MAX_LOCKDEP_ENTRIES:     32768
[    0.001932] ... MAX_LOCKDEP_CHAINS:      65536
[    0.001937] ... CHAINHASH_SIZE:          32768
[    0.001943]  memory used by lock dependency info: 5167 kB
[    0.001950]  per task-struct memory footprint: 1152 bytes
[    0.001969] Calibrating delay loop (skipped), value calculated using timer frequency.. 12.29 BogoMIPS (lpj=61475)
[    0.001982] pid_max: default: 32768 minimum: 301
[    0.002267] Security Framework initialized
[    0.002383] Mount-cache hash table entries: 2048 (order: 1, 8192 bytes)
[    0.002396] Mountpoint-cache hash table entries: 2048 (order: 1, 8192 bytes)
[    0.004632] Initializing cgroup subsys blkio
[    0.004658] Initializing cgroup subsys memory
[    0.004712] Initializing cgroup subsys devices
[    0.004770] Initializing cgroup subsys freezer
[    0.004857] Initializing cgroup subsys perf_event
[    0.004904] CPU: Testing write buffer coherency: ok
[    0.005904] /cpus/cpu@0 missing clock-frequency property
[    0.005949] /cpus/cpu@1 missing clock-frequency property
[    0.005960] CPU0: thread -1, cpu 0, socket 0, mpidr 80000000
[    0.006021] Setting up static identity map for 0x80008280 - 0x800082f0
[    0.012148] CPU1: thread -1, cpu 1, socket 0, mpidr 80000001
[    0.012230] 
[    0.012241] ===============================
[    0.012247] [ INFO: suspicious RCU usage. ]
[    0.012255] 4.1.0-00003-ga1c5702 #1267 Not tainted
[    0.012262] -------------------------------
[    0.012270] include/trace/events/ipi.h:68 suspicious rcu_dereference_check() usage!
[    0.012276] 
[    0.012276] other info that might help us debug this:
[    0.012276] 
[    0.012285] 
[    0.012285] RCU used illegally from idle CPU!
[    0.012285] rcu_scheduler_active = 1, debug_locks = 0
[    0.012294] RCU used illegally from extended quiescent state!
[    0.012300] no locks held by swapper/0/0.
[    0.012305] 
[    0.012305] stack backtrace:
[    0.012316] CPU: 0 PID: 0 Comm: swapper/0 Not tainted 4.1.0-00003-ga1c5702 #1267
[    0.012322] Hardware name: Generic DRA74X (Flattened Device Tree)
[    0.012339] [<c0016dc4>] (unwind_backtrace) from [<c0012da8>] (show_stack+0x10/0x14)
[    0.012355] [<c0012da8>] (show_stack) from [<c0630d48>] (dump_stack+0x8c/0xc0)
[    0.012368] [<c0630d48>] (dump_stack) from [<c00152b4>] (handle_IPI+0x3d4/0x5a8)
[    0.012379] [<c00152b4>] (handle_IPI) from [<c00094e8>] (gic_handle_irq+0x58/0x60)
[    0.012390] [<c00094e8>] (gic_handle_irq) from [<c06389a4>] (__irq_svc+0x44/0x5c)
[    0.012397] Exception stack(0xc0903f50 to 0xc0903f98)
[    0.012407] 3f40:                                     00000001 00000001 00000000 c0908078
[    0.012417] 3f60: c09b921c c090498c 00000000 00000000 c09b8155 c09049f0 c09055cc 00000001
[    0.012427] 3f80: 00000000 c0903f98 c00955d8 c00101bc 20000013 ffffffff
[    0.012440] [<c06389a4>] (__irq_svc) from [<c00101bc>] (arch_cpu_idle+0x20/0x3c)
[    0.012455] [<c00101bc>] (arch_cpu_idle) from [<c00887d0>] (cpu_startup_entry+0x2fc/0x5f0)
[    0.012470] [<c00887d0>] (cpu_startup_entry) from [<c0892c40>] (start_kernel+0x394/0x404)
[    0.012482] [<c0892c40>] (start_kernel) from [<8000807c>] (0x8000807c)
[    0.012589] Brought up 2 CPUs
[    0.012598] SMP: Total of 2 processors activated (24.59 BogoMIPS).
[    0.012605] CPU: All CPU(s) started in SVC mode.
[    0.013280] devtmpfs: initialized
[    0.052217] VFP support v0.3: implementor 41 architecture 4 part 30 variant f rev 0
[    0.052289] omap_hwmod: l3_main_2 using broken dt data from ocp
[    0.154628] omap_hwmod: dcan1: _wait_target_disable failed
[    0.194348] omap_hwmod: dss_core: _wait_target_disable failed
[    0.194359] omap_hwmod: dss_core: _wait_target_ready failed: -16
[    0.194369] omap_hwmod: dss_core: cannot be enabled for reset (3)
[    0.196844] omap_hwmod: dss_dispc: _wait_target_ready failed: -16
[    0.196853] omap_hwmod: dss_dispc: cannot be enabled for reset (3)
[    0.199324] omap_hwmod: dss_hdmi: _wait_target_ready failed: -16
[    0.199333] omap_hwmod: dss_hdmi: cannot be enabled for reset (3)
[    0.265083] clocksource jiffies: mask: 0xffffffff max_cycles: 0xffffffff, max_idle_ns: 19112604462750000 ns
[    0.265804] pinctrl core: initialized pinctrl subsystem
[    0.267052] NET: Registered protocol family 16
[    0.269418] DMA: preallocated 256 KiB pool for atomic coherent allocations
[    0.291044] cpuidle: using governor ladder
[    0.321074] cpuidle: using governor menu
[    0.328072] gpiochip_add: registered GPIOs 0 to 31 on device: gpio
[    0.328500] OMAP GPIO hardware version 0.1
[    0.329148] gpiochip_add: registered GPIOs 32 to 63 on device: gpio
[    0.330188] gpiochip_add: registered GPIOs 64 to 95 on device: gpio
[    0.331255] gpiochip_add: registered GPIOs 96 to 127 on device: gpio
[    0.332279] gpiochip_add: registered GPIOs 128 to 159 on device: gpio
[    0.333320] gpiochip_add: registered GPIOs 160 to 191 on device: gpio
[    0.334342] gpiochip_add: registered GPIOs 192 to 223 on device: gpio
[    0.335374] gpiochip_add: registered GPIOs 224 to 255 on device: gpio
[    0.336000] irq: no irq domain found for /ocp/l4@4a000000/scm@2000/pinmux@1400 !
[    0.341905] platform 4e000000.dmm: Cannot lookup hwmod 'dmm'
[    0.350140] omap-gpmc 50000000.gpmc: could not find pctldev for node /ocp/l4@4a000000/scm@2000/pinmux@1400/nand_flash_x16, deferring probe
[    0.353160] No ATAGs?
[    0.353190] hw-breakpoint: found 5 (+1 reserved) breakpoint and 4 watchpoint registers.
[    0.353199] hw-breakpoint: maximum watchpoint size is 8 bytes.
[    0.354603] OMAP DMA hardware revision 0.0
[    0.412046] omap-dma-engine 4a056000.dma-controller: OMAP DMA engine driver
[    0.412505] of_get_named_gpiod_flags: can't parse 'gpio' property of node '/fixedregulator-mmc2[0]'
[    0.412880] of_get_named_gpiod_flags: parsed 'gpio' property of node '/fixedregulator-vtt[0]' - status (0)
[    0.415499] SCSI subsystem initialized
[    0.415720] libata version 3.00 loaded.
[    0.416357] omap_i2c 48070000.i2c: could not find pctldev for node /ocp/l4@4a000000/scm@2000/pinmux@1400/pinmux_i2c1_pins, deferring probe
[    0.416403] omap_i2c 48072000.i2c: could not find pctldev for node /ocp/l4@4a000000/scm@2000/pinmux@1400/pinmux_i2c2_pins, deferring probe
[    0.416446] omap_i2c 48060000.i2c: could not find pctldev for node /ocp/l4@4a000000/scm@2000/pinmux@1400/pinmux_i2c3_pins, deferring probe
[    0.417764] Switched to clocksource arch_sys_counter
[    0.481932] NET: Registered protocol family 2
[    0.482594] TCP established hash table entries: 8192 (order: 3, 32768 bytes)
[    0.482721] TCP bind hash table entries: 8192 (order: 6, 294912 bytes)
[    0.483198] TCP: Hash tables configured (established 8192 bind 8192)
[    0.483272] UDP hash table entries: 512 (order: 3, 40960 bytes)
[    0.483348] UDP-Lite hash table entries: 512 (order: 3, 40960 bytes)
[    0.483688] NET: Registered protocol family 1
[    0.484082] RPC: Registered named UNIX socket transport module.
[    0.484091] RPC: Registered udp transport module.
[    0.484098] RPC: Registered tcp transport module.
[    0.484105] RPC: Registered tcp NFSv4.1 backchannel transport module.
[    0.485153] CPU PMU: Failed to parse /pmu/interrupt-affinity[0]
[    0.485193] hw perfevents: enabled with armv7_cortex_a15 PMU driver, 7 counters available
[    0.487611] futex hash table entries: 512 (order: 3, 32768 bytes)
[    0.487725] audit: initializing netlink subsys (disabled)
[    0.487818] audit: type=2000 audit(0.479:1): initialized
[    0.489213] VFS: Disk quotas dquot_6.6.0
[    0.489293] VFS: Dquot-cache hash table entries: 1024 (order 0, 4096 bytes)
[    0.490202] NFS: Registering the id_resolver key type
[    0.490234] Key type id_resolver registered
[    0.490242] Key type id_legacy registered
[    0.490305] jffs2: version 2.2. (NAND) (SUMMARY)  © 2001-2006 Red Hat, Inc.
[    0.491696] bounce: pool size: 64 pages
[    0.491711] io scheduler noop registered
[    0.491724] io scheduler deadline registered
[    0.491750] io scheduler cfq registered (default)
[    0.496183] pinctrl-single 4a003400.pinmux: 281 pins at pa fc003400 size 1124
[    0.499916] Serial: 8250/16550 driver, 4 ports, IRQ sharing enabled
[    0.502513] of_get_named_gpiod_flags: can't parse 'rts-gpio' property of node '/ocp/serial@4806a000[0]'
[    0.502646] 4806a000.serial: ttyO0 at MMIO 0x4806a000 (irq = 296, base_baud = 3000000) is a OMAP UART0
[    1.632206] console [ttyO0] enabled
[    1.636419] omap_uart 4806c000.serial: no wakeirq for uart1
[    1.642275] of_get_named_gpiod_flags: can't parse 'rts-gpio' property of node '/ocp/serial@4806c000[0]'
[    1.652220] 4806c000.serial: ttyO1 at MMIO 0x4806c000 (irq = 297, base_baud = 3000000) is a OMAP UART1
[    1.662539] omap_uart 48020000.serial: no wakeirq for uart2
[    1.668421] of_get_named_gpiod_flags: can't parse 'rts-gpio' property of node '/ocp/serial@48020000[0]'
[    1.678370] 48020000.serial: ttyO2 at MMIO 0x48020000 (irq = 298, base_baud = 3000000) is a OMAP UART2
[    1.701615] brd: module loaded
[    1.712410] loop: module loaded
[    1.716997] ahci 4a140000.sata: SSS flag set, parallel bus scan disabled
[    1.724037] ahci 4a140000.sata: AHCI 0001.0300 32 slots 1 ports 3 Gbps 0x1 impl platform mode
[    1.732969] ahci 4a140000.sata: flags: 64bit ncq sntf stag pm led clo only pmp pio slum part ccc apst 
[    1.743947] scsi host0: ahci
[    1.747403] ata1: SATA max UDMA/133 mmio [mem 0x4a140000-0x4a1410ff] port 0x100 irq 319
[    1.756198] mtdoops: mtd device (mtddev=name/number) must be supplied
[    1.767358] mousedev: PS/2 mouse device common for all mice
[    1.773213] i2c /dev entries driver
[    1.777553] omap_hsmmc 4809c000.mmc: GPIO lookup for consumer cd
[    1.783848] omap_hsmmc 4809c000.mmc: using device tree for GPIO lookup
[    1.790681] of_get_named_gpiod_flags: can't parse 'cd-gpios' property of node '/ocp/mmc@4809c000[0]'
[    1.800236] of_get_named_gpiod_flags: can't parse 'cd-gpio' property of node '/ocp/mmc@4809c000[0]'
[    1.809699] omap_hsmmc 4809c000.mmc: using lookup tables for GPIO lookup
[    1.816702] omap_hsmmc 4809c000.mmc: lookup for GPIO cd failed
[    1.822811] omap_hsmmc 4809c000.mmc: GPIO lookup for consumer wp
[    1.829103] omap_hsmmc 4809c000.mmc: using device tree for GPIO lookup
[    1.835925] of_get_named_gpiod_flags: can't parse 'wp-gpios' property of node '/ocp/mmc@4809c000[0]'
[    1.845482] of_get_named_gpiod_flags: can't parse 'wp-gpio' property of node '/ocp/mmc@4809c000[0]'
[    1.854947] omap_hsmmc 4809c000.mmc: using lookup tables for GPIO lookup
[    1.861966] omap_hsmmc 4809c000.mmc: lookup for GPIO wp failed
[    1.868348] omap_hsmmc 4809c000.mmc: unable to get vmmc regulator -517
[    1.875350] omap_hsmmc 480b4000.mmc: GPIO lookup for consumer cd
[    1.881647] omap_hsmmc 480b4000.mmc: using device tree for GPIO lookup
[    1.888480] of_get_named_gpiod_flags: can't parse 'cd-gpios' property of node '/ocp/mmc@480b4000[0]'
[    1.898042] of_get_named_gpiod_flags: can't parse 'cd-gpio' property of node '/ocp/mmc@480b4000[0]'
[    1.907500] omap_hsmmc 480b4000.mmc: using lookup tables for GPIO lookup
[    1.914515] omap_hsmmc 480b4000.mmc: lookup for GPIO cd failed
[    1.920626] omap_hsmmc 480b4000.mmc: GPIO lookup for consumer wp
[    1.926900] omap_hsmmc 480b4000.mmc: using device tree for GPIO lookup
[    1.933731] of_get_named_gpiod_flags: can't parse 'wp-gpios' property of node '/ocp/mmc@480b4000[0]'
[    1.943287] of_get_named_gpiod_flags: can't parse 'wp-gpio' property of node '/ocp/mmc@480b4000[0]'
[    1.952755] omap_hsmmc 480b4000.mmc: using lookup tables for GPIO lookup
[    1.959769] omap_hsmmc 480b4000.mmc: lookup for GPIO wp failed
[    1.997979] ledtrig-cpu: registered to indicate activity on CPUs
[    2.005083] oprofile: using timer interrupt.
[    2.009809] Initializing XFRM netlink socket
[    2.014301] NET: Registered protocol family 17
[    2.018997] NET: Registered protocol family 15
[    2.023729] Key type dns_resolver registered
[    2.028290] omap_voltage_late_init: Voltage driver support not added
[    2.034936] sr_dev_init: Unable to get voltage domain pointer for VDD core
[    2.042131] sr_dev_init: Unable to get voltage domain pointer for VDD mpu
[    2.049592] Power Management for TI OMAP4+ devices.
[    2.054917] ThumbEE CPU extension supported.
[    2.059425] Registering SWP/SWPB emulation handler
[    2.064452] SmartReflex Class3 initialized
[    2.070520] omap-gpmc 50000000.gpmc: GPMC revision 6.0
[    2.076587] nand: No NAND device found
[    2.080550] omap2-nand omap2-nand.0: scan failed, may be bus-width mismatch
[    2.089491] palmas 0-0058: IRQ missing: skipping irq request
[    2.097813] ata1: SATA link down (SStatus 0 SControl 300)
[    2.108185] palmas 0-0058: Muxing GPIO 2e, PWM 0, LED 0
[    2.141030] omap_i2c 48070000.i2c: bus 0 rev0.12 at 400 kHz
[    2.147738] omap_i2c 48072000.i2c: bus 1 rev0.12 at 400 kHz
[    2.154455] omap_i2c 48060000.i2c: bus 2 rev0.12 at 400 kHz
[    2.160602] omap_hsmmc 4809c000.mmc: GPIO lookup for consumer cd
[    2.166895] omap_hsmmc 4809c000.mmc: using device tree for GPIO lookup
[    2.173749] of_get_named_gpiod_flags: can't parse 'cd-gpios' property of node '/ocp/mmc@4809c000[0]'
[    2.183342] of_get_named_gpiod_flags: can't parse 'cd-gpio' property of node '/ocp/mmc@4809c000[0]'
[    2.192841] omap_hsmmc 4809c000.mmc: using lookup tables for GPIO lookup
[    2.199877] omap_hsmmc 4809c000.mmc: lookup for GPIO cd failed
[    2.205994] omap_hsmmc 4809c000.mmc: GPIO lookup for consumer wp
[    2.212300] omap_hsmmc 4809c000.mmc: using device tree for GPIO lookup
[    2.219152] of_get_named_gpiod_flags: can't parse 'wp-gpios' property of node '/ocp/mmc@4809c000[0]'
[    2.228734] of_get_named_gpiod_flags: can't parse 'wp-gpio' property of node '/ocp/mmc@4809c000[0]'
[    2.238227] omap_hsmmc 4809c000.mmc: using lookup tables for GPIO lookup
[    2.245256] omap_hsmmc 4809c000.mmc: lookup for GPIO wp failed
[    2.357787] davinci_mdio 48485000.mdio: davinci mdio revision 1.6
[    2.364171] davinci_mdio 48485000.mdio: detected phy mask fffffff3
[    2.369172] mmc1: host does not support reading read-only switch, assuming write-enable
[    2.372695] mmc1: new high speed SD card at address e624
[    2.373210] mmcblk0: mmc1:e624 SU02G 1.84 GiB 
[    2.393093]  mmcblk0: p1 p2
[    2.397107] libphy: 48485000.mdio: probed
[    2.401332] davinci_mdio 48485000.mdio: phy[2]: device 48485000.mdio:02, driver unknown
[    2.409736] davinci_mdio 48485000.mdio: phy[3]: device 48485000.mdio:03, driver unknown
[    2.418789] cpsw 48484000.ethernet: Detected MACID = 7c:66:9d:eb:d4:c8
[    2.426676] cpsw 48484000.ethernet: cpsw: Detected MACID = 7c:66:9d:eb:d4:c9
[    2.434900] hctosys: unable to open rtc device (rtc0)
[    2.440219] sr_init: No PMIC hook to init smartreflex
[    2.445654] sr_init: platform driver register failed for SR
[    2.477890] ldousb: disabling
[    2.481321] mmc2_3v3: disabling
[    2.501028] EXT4-fs (mmcblk0p2): mounted filesystem with ordered data mode. Opts: (null)
[    2.509577] VFS: Mounted root (ext4 filesystem) on device 179:2.
[    2.525702] devtmpfs: mounted
[    2.529171] Freeing unused kernel memory: 448K (c0892000 - c0902000)
INIT: version 2.88 booting
Error opening /dev/fb0: No such file or directory
Starting udev
[    3.141123] udevd[88]: starting version 182
[    3.615924] omap_rtc 48838000.rtc: already running
[    3.707684] omap_rtc 48838000.rtc: rtc core: registered 48838000.rtc as rtc0
[    3.744034] gpiochip_find_base: found new base at 496
[    3.749592] gpiochip_add: registered GPIOs 496 to 511 on device: pcf8575
[    3.780222] pcf857x 0-0021: probed
[    3.839780] EXT4-fs (mmcblk0p2): re-mounted. Opts: data=ordered
Starting Bootlog daemon: bootlogd: cannot allocate pseudo tty: No such file or directory
bootlogd.
[    4.228572] omap_wdt: OMAP Watchdog Timer Rev 0x01: initial timeout 60 sec
[    4.274836] ti-qspi 4b300000.qspi: memory mapped resource not required
[    4.283366] CAN device driver interface
[    4.294101] extcon-usb-gpio extcon_usb1: GPIO lookup for consumer id
[    4.300792] extcon-usb-gpio extcon_usb1: using device tree for GPIO lookup
[    4.300966] random: dd urandom read with 40 bits of entropy available
[    4.314778] of_get_named_gpiod_flags: can't parse 'id-gpios' property of node '/extcon_usb1[0]'
[    4.323966] of_get_named_gpiod_flags: parsed 'id-gpio' property of node '/extcon_usb1[0]' - status (0)
[    4.333738] no flags found for id
[    4.337465] gpio-497 (id): gpiod_set_debounce: missing set() or set_debounce() operations
[    4.388060] c_can_platform 4ae3c000.can: c_can_platform device registered (regs=fce3c000, irq=329)
[    4.478201] extcon-usb-gpio extcon_usb2: GPIO lookup for consumer id
[    4.484912] extcon-usb-gpio extcon_usb2: using device tree for GPIO lookup
[    4.492183] of_get_named_gpiod_flags: can't parse 'id-gpios' property of node '/extcon_usb2[0]'
[    4.501419] of_get_named_gpiod_flags: parsed 'id-gpio' property of node '/extcon_usb2[0]' - status (0)
[    4.511204] no flags found for id
[    4.514935] gpio-498 (id): gpiod_set_debounce: missing set() or set_debounce() operations
[    5.460125] FAT-fs (mmcblk0p1): Volume was not properly unmounted. Some data may be corrupt. Please run fsck.
ALSA: Restoring mixer settings...
INIT: Entering runlevel: 5
/usr/sbin/alsactl: load_state:1729: No soundcards found...
Configuring network interfaces... [    5.988455] usbcore: registered new interface driver usbfs
[    5.994362] usbcore: registered new interface driver hub
[    6.000095] usbcore: registered new device driver usb
[    6.090566] xhci-hcd xhci-hcd.0.auto: xHCI Host Controller
[    6.096353] xhci-hcd xhci-hcd.0.auto: new USB bus registered, assigned bus number 1
[    6.108530] xhci-hcd xhci-hcd.0.auto: hcc params 0x0220f04c hci version 0x100 quirks 0x00010010
[    6.111506] net eth0: initializing cpsw version 1.15 (0)
[    6.123335] xhci-hcd xhci-hcd.0.auto: irq 416, io mem 0x488d0000
[    6.129948] usb usb1: New USB device found, idVendor=1d6b, idProduct=0002
[    6.137062] usb usb1: New USB device strings: Mfr=3, Product=2, SerialNumber=1
[    6.144648] usb usb1: Product: xHCI Host Controller
[    6.149767] usb usb1: Manufacturer: Linux 4.1.0-00003-ga1c5702 xhci-hcd
[    6.156705] usb usb1: SerialNumber: xhci-hcd.0.auto
[    6.162912] hub 1-0:1.0: USB hub found
[    6.167005] hub 1-0:1.0: 1 port detected
[    6.172566] xhci-hcd xhci-hcd.0.auto: xHCI Host Controller
[    6.178371] xhci-hcd xhci-hcd.0.auto: new USB bus registered, assigned bus number 2
[    6.186812] usb usb2: New USB device found, idVendor=1d6b, idProduct=0003
[    6.193956] usb usb2: New USB device strings: Mfr=3, Product=2, SerialNumber=1
[    6.201506] net eth0: phy found : id is : 0x20005c7a
[    6.206808] usb usb2: Product: xHCI Host Controller
[    6.211949] usb usb2: Manufacturer: Linux 4.1.0-00003-ga1c5702 xhci-hcd
[    6.211954] usb usb2: SerialNumber: xhci-hcd.0.auto
[    6.213224] hub 2-0:1.0: USB hub found
[    6.213397] hub 2-0:1.0: 1 port detected
udhcpc (v1.22.1) started
Sending discover...
[    8.194676] cpsw 48484000.ethernet eth0: Link is Up - 100Mbps/Full - flow control rx/tx
Sending discover...
Sending select for 192.168.1.51...
Lease of 192.168.1.51 obtained, lease time 86400
/etc/udhcpc.d/50default: Adding DNS 192.168.1.1
done.
Starting system message bus: dbus.
UIM SYSFS Node Not Found
Starting Dropbear SSH server: [   12.146794] NET: Registered protocol family 10
dropbear.
Starting telnet daemon.
Starting tiipclad daemon
Spawned daemon: /usr/bin/lad_dra7xx

.
Starting rpcbind daemon...done.
creating NFS state directory: done
starting statd: done
Starting syslogd/klogd: done
Starting thttpd.
Starting Lighttpd Web Server: lighttpd.
2015-01-28 00:10:40: (/home/jenkins/tisdk-build/build-CORTEX_1/arago-tmp-external-linaro-toolchain/work/cortexa15t2hf-vfp-neon-oe-linux-gnueabi/lighttpd/1.4.33-r1/lighttpd-1.4.33/src/log.c.166) server started 
/
Starting Matrix GUI application.
[   13.152515] random: nonblocking pool is initialized
***************************************************************
***************************************************************
NOTICE: This file system contains the followin GPLv3 packages:
	binutils
	gdbserver
	parted

If you do not wish to distribute GPLv3 components please remove
the above packages prior to distribution.  This can be done using
the opkg remove command.  i.e.:
    opkg remove <package>
Where <package> is the name printed in the list above

NOTE: If the package is a dependency of another package you
      will be notified of the dependent packages.  You should
      use the --force-removal-of-dependent-packages option to
      also remove the dependent packages as well
***************************************************************
***************************************************************
Stopping Bootlog daemon: bootlogd.
custom script
DCANRXPACKETREBOOT test iteration: 3
[   15.450873] c_can_platform 4ae3c000.can can0: setting BTR=1c04 BRPE=0000
interface = can0, family = 29, type = 3, proto = 1
[   16.513478] can: controller area network core (rev 20120528 abi 9)
[   16.520068] NET: Registered protocol family 29
[   16.545658] can: raw protocol (rev 20120528)
candump size 48
~~~~~~~~~~~~~~~~~~~~~~~~~~~~~~~~~~~~~~~~~~~~~~~~~~~~~~~~~~~~~~~~~~~~~~~~
Boots: 3, UP fails: 1, OFF fails: 0, READ fails: 0
~~~~~~~~~~~~~~~~~~~~~~~~~~~~~~~~~~~~~~~~~~~~~~~~~~~~~~~~~~~~~~~~~~~~~~~~

Broadcast message from root@dra7xx-evm (ttyO0) (Wed Jan 28 00:10:46 2015):
The system is going down for reboot NOW!
INIT: Switching to runUIM SYSFS Node Not Found
Stopping Dropbear SSH server: stopped /usr/sbin/dropbear (pid 684)
dropbear.
Stopping telnet daemon.
Stopping tiipclad daemon.
Stopping system message bus: dbus.
Error opening /dev/fb0: No such file or directory
Stopping syslogd/klogd: stopped syslogd (pid 713)
stopped klogd (pid 716)
done
Stopping thttpd.
Stopping Weston
stopping statd: done
ALSA: Storing mixer settings...
/usr/sbin/alsactl: save_state:1590: No soundcards found...
Stopping rpcbind daemon...
done.
Stopping Lighttpd Web Server: stopped /usr/sbin/lighttpd (pid 723)
lighttpd.
Deconfiguring network interfaces... done.
Stopping Matrix GUI applicationstart-stop-daemon: warning: killing process 730: No such process
.
***************************************************************
***************************************************************
NOTICE: This file system contains the followin GPLv3 packages:
	binutils
	gdbserver
	parted

If you do not wish to distribute GPLv3 components please remove
the above packages prior to distribution.  This can be done using
the opkg remove command.  i.e.:
    opkg remove <package>
Where <package> is the name printed in the list above

NOTE: If the package is a dependency of another package you
      will be notified of the dependent packages.  You should
      use the --force-removal-of-dependent-packages option to
      also remove the dependent packages as well
***************************************************************
***************************************************************
Sending all processes the TERM signal...
Sending all processes the KILL signal...
Unmounting remote filesystems...
Deactivating swap...
Unmounting local filesystems...
[   28.104242] EXT4-fs (mmcblk0p2): re-mounted. Opts: data=ordered
Rebooting... [   30.652890] reboot: Restarting system

U-Boot SPL 2014.07-00002-gfb6ab76 (Jun 22 2015 - 13:18:10)
DRA752 ES1.1
reading args
spl_load_image_fat_os: error reading image args, err - -1
reading u-boot.img
reading u-boot.img


U-Boot 2014.07-00002-gfb6ab76 (Jun 22 2015 - 13:18:10)

CPU  : DRA752 ES1.1
Board: DRA7xx
I2C:   ready
DRAM:  1.5 GiB
MMC:   OMAP SD/MMC: 0, OMAP SD/MMC: 1
Card did not respond to voltage select!
MMC init failed
Using default environment

SATA link 0 timeout.
AHCI 0001.0300 32 slots 1 ports 3 Gbps 0x1 impl SATA mode
flags: 64bit ncq stag pm led clo only pmp pio slum part ccc apst 
scanning bus for devices...
Found 0 device(s).
SCSI:  Net:   <ethaddr> not set. Validating first E-fuse MAC
cpsw
Hit any key to stop autoboot:  1  0 
switch to partitions #0, OK
mmc0 is current device
SD/MMC found on device 0
reading uEnv.txt
881 bytes read in 7 ms (122.1 KiB/s)
Loaded environment from uEnv.txt
Importing environment from mmc0 ...
Running uenvcmd ...
3530280 bytes read in 204 ms (16.5 MiB/s)
74803 bytes read in 26 ms (2.7 MiB/s)
Kernel image @ 0x82000000 [ 0x000000 - 0x35de28 ]
## Flattened Device Tree blob at 88000000
   Booting using the fdt blob at 0x88000000
   Loading Device Tree to 8ffea000, end 8ffff432 ... OK

Starting kernel ...

[    0.000000] Booting Linux on physical CPU 0x0
[    0.000000] Initializing cgroup subsys cpuset
[    0.000000] Initializing cgroup subsys cpu
[    0.000000] Initializing cgroup subsys cpuacct
[    0.000000] Linux version 4.1.0-00003-ga1c5702 (roger@rockdesk) (gcc version 4.7.3 20130226 (prerelease) (crosstool-NG linaro-1.13.1-4.7-2013.03-20130313 - Linaro GCC 2013.03) ) #1267 SMP Wed Jun 24 11:38:21 EEST 2015
[    0.000000] CPU: ARMv7 Processor [412fc0f2] revision 2 (ARMv7), cr=10c5387d
[    0.000000] CPU: PIPT / VIPT nonaliasing data cache, PIPT instruction cache
[    0.000000] Machine model: TI DRA742
[    0.000000] cma: Reserved 16 MiB at 0xde800000
[    0.000000] Memory policy: Data cache writealloc
[    0.000000] On node 0 totalpages: 392960
[    0.000000] free_area_init_node: node 0, pgdat c09b4d00, node_mem_map eea79000
[    0.000000]   Normal zone: 1710 pages used for memmap
[    0.000000]   Normal zone: 0 pages reserved
[    0.000000]   Normal zone: 194560 pages, LIFO batch:31
[    0.000000]   HighMem zone: 198400 pages, LIFO batch:31
[    0.000000] DRA752 ES1.1
[    0.000000] PERCPU: Embedded 13 pages/cpu @eea02000 s23040 r8192 d22016 u53248
[    0.000000] pcpu-alloc: s23040 r8192 d22016 u53248 alloc=13*4096
[    0.000000] pcpu-alloc: [0] 0 [0] 1 
[    0.000000] Built 1 zonelists in Zone order, mobility grouping on.  Total pages: 391250
[    0.000000] Kernel command line: console=ttyO0,115200n8 vram=16M root=/dev/mmcblk0p2 rw rootfstype=ext4 rootwait
[    0.000000] PID hash table entries: 4096 (order: 2, 16384 bytes)
[    0.000000] Dentry cache hash table entries: 131072 (order: 7, 524288 bytes)
[    0.000000] Inode-cache hash table entries: 65536 (order: 6, 262144 bytes)
[    0.000000] Memory: 1522088K/1571840K available (6552K kernel code, 741K rwdata, 2188K rodata, 448K init, 8220K bss, 33368K reserved, 16384K cma-reserved, 777216K highmem)
[    0.000000] Virtual kernel memory layout:
[    0.000000]     vector  : 0xffff0000 - 0xffff1000   (   4 kB)
[    0.000000]     fixmap  : 0xffc00000 - 0xfff00000   (3072 kB)
[    0.000000]     vmalloc : 0xf0000000 - 0xff000000   ( 240 MB)
[    0.000000]     lowmem  : 0xc0000000 - 0xef800000   ( 760 MB)
[    0.000000]     pkmap   : 0xbfe00000 - 0xc0000000   (   2 MB)
[    0.000000]     modules : 0xbf000000 - 0xbfe00000   (  14 MB)
[    0.000000]       .text : 0xc0008000 - 0xc08912e0   (8741 kB)
[    0.000000]       .init : 0xc0892000 - 0xc0902000   ( 448 kB)
[    0.000000]       .data : 0xc0902000 - 0xc09bb7d8   ( 742 kB)
[    0.000000]        .bss : 0xc09be000 - 0xc11c5390   (8221 kB)
[    0.000000] Running RCU self tests
[    0.000000] Hierarchical RCU implementation.
[    0.000000] 	RCU lockdep checking is enabled.
[    0.000000] 	Additional per-CPU info printed with stalls.
[    0.000000] NR_IRQS:16 nr_irqs:16 16
[    0.000000] OMAP clockevent source: timer1 at 32768 Hz
[    0.000000] clocksource 32k_counter: mask: 0xffffffff max_cycles: 0xffffffff, max_idle_ns: 58327039986419 ns
[    0.000000] sched_clock: 32 bits at 32kHz, resolution 30517ns, wraps every 65535999984741ns
[    0.000030] OMAP clocksource: 32k_counter at 32768 Hz
[    0.000549] Architected cp15 timer(s) running at 6.14MHz (virt).
[    0.000549] clocksource arch_sys_counter: mask: 0xffffffffffffff max_cycles: 0x16af5adb9, max_idle_ns: 440795202250 ns
[    0.000584] sched_clock: 56 bits at 6MHz, resolution 162ns, wraps every 4398046511023ns
[    0.000595] Switching to timer-based delay loop, resolution 162ns
[    0.001861] Console: colour dummy device 80x30
[    0.001896] Lock dependency validator: Copyright (c) 2006 Red Hat, Inc., Ingo Molnar
[    0.001903] ... MAX_LOCKDEP_SUBCLASSES:  8
[    0.001910] ... MAX_LOCK_DEPTH:          48
[    0.001916] ... MAX_LOCKDEP_KEYS:        8191
[    0.001922] ... CLASSHASH_SIZE:          4096
[    0.001929] ... MAX_LOCKDEP_ENTRIES:     32768
[    0.001935] ... MAX_LOCKDEP_CHAINS:      65536
[    0.001941] ... CHAINHASH_SIZE:          32768
[    0.001947]  memory used by lock dependency info: 5167 kB
[    0.001954]  per task-struct memory footprint: 1152 bytes
[    0.001972] Calibrating delay loop (skipped), value calculated using timer frequency.. 12.29 BogoMIPS (lpj=61475)
[    0.001985] pid_max: default: 32768 minimum: 301
[    0.002270] Security Framework initialized
[    0.002386] Mount-cache hash table entries: 2048 (order: 1, 8192 bytes)
[    0.002400] Mountpoint-cache hash table entries: 2048 (order: 1, 8192 bytes)
[    0.004633] Initializing cgroup subsys blkio
[    0.004657] Initializing cgroup subsys memory
[    0.004711] Initializing cgroup subsys devices
[    0.004770] Initializing cgroup subsys freezer
[    0.004857] Initializing cgroup subsys perf_event
[    0.004904] CPU: Testing write buffer coherency: ok
[    0.005912] /cpus/cpu@0 missing clock-frequency property
[    0.005956] /cpus/cpu@1 missing clock-frequency property
[    0.005967] CPU0: thread -1, cpu 0, socket 0, mpidr 80000000
[    0.006029] Setting up static identity map for 0x80008280 - 0x800082f0
[    0.012097] CPU1: thread -1, cpu 1, socket 0, mpidr 80000001
[    0.012180] 
[    0.012191] ===============================
[    0.012197] [ INFO: suspicious RCU usage. ]
[    0.012205] 4.1.0-00003-ga1c5702 #1267 Not tainted
[    0.012211] -------------------------------
[    0.012219] include/trace/events/ipi.h:68 suspicious rcu_dereference_check() usage!
[    0.012225] 
[    0.012225] other info that might help us debug this:
[    0.012225] 
[    0.012235] 
[    0.012235] RCU used illegally from idle CPU!
[    0.012235] rcu_scheduler_active = 1, debug_locks = 0
[    0.012243] RCU used illegally from extended quiescent state!
[    0.012249] no locks held by swapper/0/0.
[    0.012255] 
[    0.012255] stack backtrace:
[    0.012265] CPU: 0 PID: 0 Comm: swapper/0 Not tainted 4.1.0-00003-ga1c5702 #1267
[    0.012271] Hardware name: Generic DRA74X (Flattened Device Tree)
[    0.012289] [<c0016dc4>] (unwind_backtrace) from [<c0012da8>] (show_stack+0x10/0x14)
[    0.012304] [<c0012da8>] (show_stack) from [<c0630d48>] (dump_stack+0x8c/0xc0)
[    0.012317] [<c0630d48>] (dump_stack) from [<c00152b4>] (handle_IPI+0x3d4/0x5a8)
[    0.012328] [<c00152b4>] (handle_IPI) from [<c00094e8>] (gic_handle_irq+0x58/0x60)
[    0.012339] [<c00094e8>] (gic_handle_irq) from [<c06389a4>] (__irq_svc+0x44/0x5c)
[    0.012346] Exception stack(0xc0903f50 to 0xc0903f98)
[    0.012356] 3f40:                                     00000001 00000001 00000000 c0908078
[    0.012366] 3f60: c09b921c c090498c 00000000 00000000 c09b8155 c09049f0 c09055cc 00000001
[    0.012376] 3f80: 00000000 c0903f98 c00955d8 c00101bc 20000013 ffffffff
[    0.012389] [<c06389a4>] (__irq_svc) from [<c00101bc>] (arch_cpu_idle+0x20/0x3c)
[    0.012404] [<c00101bc>] (arch_cpu_idle) from [<c00887d0>] (cpu_startup_entry+0x2fc/0x5f0)
[    0.012419] [<c00887d0>] (cpu_startup_entry) from [<c0892c40>] (start_kernel+0x394/0x404)
[    0.012431] [<c0892c40>] (start_kernel) from [<8000807c>] (0x8000807c)
[    0.012537] Brought up 2 CPUs
[    0.012546] SMP: Total of 2 processors activated (24.59 BogoMIPS).
[    0.012552] CPU: All CPU(s) started in SVC mode.
[    0.013223] devtmpfs: initialized
[    0.052137] VFP support v0.3: implementor 41 architecture 4 part 30 variant f rev 0
[    0.052207] omap_hwmod: l3_main_2 using broken dt data from ocp
[    0.186062] omap_hwmod: dss_core: _wait_target_disable failed
[    0.186073] omap_hwmod: dss_core: _wait_target_ready failed: -16
[    0.186084] omap_hwmod: dss_core: cannot be enabled for reset (3)
[    0.188580] omap_hwmod: dss_dispc: _wait_target_ready failed: -16
[    0.188590] omap_hwmod: dss_dispc: cannot be enabled for reset (3)
[    0.191083] omap_hwmod: dss_hdmi: _wait_target_ready failed: -16
[    0.191093] omap_hwmod: dss_hdmi: cannot be enabled for reset (3)
[    0.256939] clocksource jiffies: mask: 0xffffffff max_cycles: 0xffffffff, max_idle_ns: 19112604462750000 ns
[    0.257663] pinctrl core: initialized pinctrl subsystem
[    0.258907] NET: Registered protocol family 16
[    0.261302] DMA: preallocated 256 KiB pool for atomic coherent allocations
[    0.291031] cpuidle: using governor ladder
[    0.321062] cpuidle: using governor menu
[    0.328058] gpiochip_add: registered GPIOs 0 to 31 on device: gpio
[    0.328489] OMAP GPIO hardware version 0.1
[    0.329136] gpiochip_add: registered GPIOs 32 to 63 on device: gpio
[    0.330178] gpiochip_add: registered GPIOs 64 to 95 on device: gpio
[    0.331243] gpiochip_add: registered GPIOs 96 to 127 on device: gpio
[    0.332265] gpiochip_add: registered GPIOs 128 to 159 on device: gpio
[    0.333306] gpiochip_add: registered GPIOs 160 to 191 on device: gpio
[    0.334327] gpiochip_add: registered GPIOs 192 to 223 on device: gpio
[    0.335359] gpiochip_add: registered GPIOs 224 to 255 on device: gpio
[    0.335983] irq: no irq domain found for /ocp/l4@4a000000/scm@2000/pinmux@1400 !
[    0.341889] platform 4e000000.dmm: Cannot lookup hwmod 'dmm'
[    0.350130] omap-gpmc 50000000.gpmc: could not find pctldev for node /ocp/l4@4a000000/scm@2000/pinmux@1400/nand_flash_x16, deferring probe
[    0.353152] No ATAGs?
[    0.353180] hw-breakpoint: found 5 (+1 reserved) breakpoint and 4 watchpoint registers.
[    0.353189] hw-breakpoint: maximum watchpoint size is 8 bytes.
[    0.354590] OMAP DMA hardware revision 0.0
[    0.412000] omap-dma-engine 4a056000.dma-controller: OMAP DMA engine driver
[    0.412462] of_get_named_gpiod_flags: can't parse 'gpio' property of node '/fixedregulator-mmc2[0]'
[    0.412836] of_get_named_gpiod_flags: parsed 'gpio' property of node '/fixedregulator-vtt[0]' - status (0)
[    0.415451] SCSI subsystem initialized
[    0.415670] libata version 3.00 loaded.
[    0.416312] omap_i2c 48070000.i2c: could not find pctldev for node /ocp/l4@4a000000/scm@2000/pinmux@1400/pinmux_i2c1_pins, deferring probe
[    0.416356] omap_i2c 48072000.i2c: could not find pctldev for node /ocp/l4@4a000000/scm@2000/pinmux@1400/pinmux_i2c2_pins, deferring probe
[    0.416399] omap_i2c 48060000.i2c: could not find pctldev for node /ocp/l4@4a000000/scm@2000/pinmux@1400/pinmux_i2c3_pins, deferring probe
[    0.417708] Switched to clocksource arch_sys_counter
[    0.481938] NET: Registered protocol family 2
[    0.482599] TCP established hash table entries: 8192 (order: 3, 32768 bytes)
[    0.482727] TCP bind hash table entries: 8192 (order: 6, 294912 bytes)
[    0.483203] TCP: Hash tables configured (established 8192 bind 8192)
[    0.483277] UDP hash table entries: 512 (order: 3, 40960 bytes)
[    0.483353] UDP-Lite hash table entries: 512 (order: 3, 40960 bytes)
[    0.483691] NET: Registered protocol family 1
[    0.484086] RPC: Registered named UNIX socket transport module.
[    0.484095] RPC: Registered udp transport module.
[    0.484102] RPC: Registered tcp transport module.
[    0.484109] RPC: Registered tcp NFSv4.1 backchannel transport module.
[    0.485154] CPU PMU: Failed to parse /pmu/interrupt-affinity[0]
[    0.485196] hw perfevents: enabled with armv7_cortex_a15 PMU driver, 7 counters available
[    0.487608] futex hash table entries: 512 (order: 3, 32768 bytes)
[    0.487774] audit: initializing netlink subsys (disabled)
[    0.487816] audit: type=2000 audit(0.479:1): initialized
[    0.489206] VFS: Disk quotas dquot_6.6.0
[    0.489286] VFS: Dquot-cache hash table entries: 1024 (order 0, 4096 bytes)
[    0.490193] NFS: Registering the id_resolver key type
[    0.490225] Key type id_resolver registered
[    0.490233] Key type id_legacy registered
[    0.490296] jffs2: version 2.2. (NAND) (SUMMARY)  © 2001-2006 Red Hat, Inc.
[    0.491688] bounce: pool size: 64 pages
[    0.491704] io scheduler noop registered
[    0.491717] io scheduler deadline registered
[    0.491743] io scheduler cfq registered (default)
[    0.496180] pinctrl-single 4a003400.pinmux: 281 pins at pa fc003400 size 1124
[    0.499908] Serial: 8250/16550 driver, 4 ports, IRQ sharing enabled
[    0.502502] of_get_named_gpiod_flags: can't parse 'rts-gpio' property of node '/ocp/serial@4806a000[0]'
[    0.502634] 4806a000.serial: ttyO0 at MMIO 0x4806a000 (irq = 296, base_baud = 3000000) is a OMAP UART0
[    1.626729] console [ttyO0] enabled
[    1.630961] omap_uart 4806c000.serial: no wakeirq for uart1
[    1.636780] of_get_named_gpiod_flags: can't parse 'rts-gpio' property of node '/ocp/serial@4806c000[0]'
[    1.646740] 4806c000.serial: ttyO1 at MMIO 0x4806c000 (irq = 297, base_baud = 3000000) is a OMAP UART1
[    1.657063] omap_uart 48020000.serial: no wakeirq for uart2
[    1.662941] of_get_named_gpiod_flags: can't parse 'rts-gpio' property of node '/ocp/serial@48020000[0]'
[    1.672896] 48020000.serial: ttyO2 at MMIO 0x48020000 (irq = 298, base_baud = 3000000) is a OMAP UART2
[    1.696078] brd: module loaded
[    1.706844] loop: module loaded
[    1.711465] ahci 4a140000.sata: SSS flag set, parallel bus scan disabled
[    1.718507] ahci 4a140000.sata: AHCI 0001.0300 32 slots 1 ports 3 Gbps 0x1 impl platform mode
[    1.727422] ahci 4a140000.sata: flags: 64bit ncq sntf stag pm led clo only pmp pio slum part ccc apst 
[    1.738447] scsi host0: ahci
[    1.741903] ata1: SATA max UDMA/133 mmio [mem 0x4a140000-0x4a1410ff] port 0x100 irq 319
[    1.750686] mtdoops: mtd device (mtddev=name/number) must be supplied
[    1.761851] mousedev: PS/2 mouse device common for all mice
[    1.767681] i2c /dev entries driver
[    1.772074] omap_hsmmc 4809c000.mmc: GPIO lookup for consumer cd
[    1.778370] omap_hsmmc 4809c000.mmc: using device tree for GPIO lookup
[    1.785191] of_get_named_gpiod_flags: can't parse 'cd-gpios' property of node '/ocp/mmc@4809c000[0]'
[    1.794753] of_get_named_gpiod_flags: can't parse 'cd-gpio' property of node '/ocp/mmc@4809c000[0]'
[    1.804224] omap_hsmmc 4809c000.mmc: using lookup tables for GPIO lookup
[    1.811243] omap_hsmmc 4809c000.mmc: lookup for GPIO cd failed
[    1.817336] omap_hsmmc 4809c000.mmc: GPIO lookup for consumer wp
[    1.823626] omap_hsmmc 4809c000.mmc: using device tree for GPIO lookup
[    1.830459] of_get_named_gpiod_flags: can't parse 'wp-gpios' property of node '/ocp/mmc@4809c000[0]'
[    1.840023] of_get_named_gpiod_flags: can't parse 'wp-gpio' property of node '/ocp/mmc@4809c000[0]'
[    1.849488] omap_hsmmc 4809c000.mmc: using lookup tables for GPIO lookup
[    1.856495] omap_hsmmc 4809c000.mmc: lookup for GPIO wp failed
[    1.862873] omap_hsmmc 4809c000.mmc: unable to get vmmc regulator -517
[    1.869894] omap_hsmmc 480b4000.mmc: GPIO lookup for consumer cd
[    1.876174] omap_hsmmc 480b4000.mmc: using device tree for GPIO lookup
[    1.883010] of_get_named_gpiod_flags: can't parse 'cd-gpios' property of node '/ocp/mmc@480b4000[0]'
[    1.892572] of_get_named_gpiod_flags: can't parse 'cd-gpio' property of node '/ocp/mmc@480b4000[0]'
[    1.902042] omap_hsmmc 480b4000.mmc: using lookup tables for GPIO lookup
[    1.909062] omap_hsmmc 480b4000.mmc: lookup for GPIO cd failed
[    1.915159] omap_hsmmc 480b4000.mmc: GPIO lookup for consumer wp
[    1.921451] omap_hsmmc 480b4000.mmc: using device tree for GPIO lookup
[    1.928286] of_get_named_gpiod_flags: can't parse 'wp-gpios' property of node '/ocp/mmc@480b4000[0]'
[    1.937844] of_get_named_gpiod_flags: can't parse 'wp-gpio' property of node '/ocp/mmc@480b4000[0]'
[    1.947296] omap_hsmmc 480b4000.mmc: using lookup tables for GPIO lookup
[    1.954310] omap_hsmmc 480b4000.mmc: lookup for GPIO wp failed
[    1.997921] ledtrig-cpu: registered to indicate activity on CPUs
[    2.005028] oprofile: using timer interrupt.
[    2.009751] Initializing XFRM netlink socket
[    2.014245] NET: Registered protocol family 17
[    2.018942] NET: Registered protocol family 15
[    2.023685] Key type dns_resolver registered
[    2.028249] omap_voltage_late_init: Voltage driver support not added
[    2.034895] sr_dev_init: Unable to get voltage domain pointer for VDD core
[    2.042093] sr_dev_init: Unable to get voltage domain pointer for VDD mpu
[    2.049552] Power Management for TI OMAP4+ devices.
[    2.054873] ThumbEE CPU extension supported.
[    2.059377] Registering SWP/SWPB emulation handler
[    2.064400] SmartReflex Class3 initialized
[    2.070478] omap-gpmc 50000000.gpmc: GPMC revision 6.0
[    2.076547] nand: No NAND device found
[    2.080505] omap2-nand omap2-nand.0: scan failed, may be bus-width mismatch
[    2.089457] palmas 0-0058: IRQ missing: skipping irq request
[    2.097759] ata1: SATA link down (SStatus 0 SControl 300)
[    2.108157] palmas 0-0058: Muxing GPIO 2e, PWM 0, LED 0
[    2.141001] omap_i2c 48070000.i2c: bus 0 rev0.12 at 400 kHz
[    2.147735] omap_i2c 48072000.i2c: bus 1 rev0.12 at 400 kHz
[    2.154429] omap_i2c 48060000.i2c: bus 2 rev0.12 at 400 kHz
[    2.160567] omap_hsmmc 4809c000.mmc: GPIO lookup for consumer cd
[    2.166863] omap_hsmmc 4809c000.mmc: using device tree for GPIO lookup
[    2.173723] of_get_named_gpiod_flags: can't parse 'cd-gpios' property of node '/ocp/mmc@4809c000[0]'
[    2.183316] of_get_named_gpiod_flags: can't parse 'cd-gpio' property of node '/ocp/mmc@4809c000[0]'
[    2.192815] omap_hsmmc 4809c000.mmc: using lookup tables for GPIO lookup
[    2.199858] omap_hsmmc 4809c000.mmc: lookup for GPIO cd failed
[    2.205969] omap_hsmmc 4809c000.mmc: GPIO lookup for consumer wp
[    2.212277] omap_hsmmc 4809c000.mmc: using device tree for GPIO lookup
[    2.219133] of_get_named_gpiod_flags: can't parse 'wp-gpios' property of node '/ocp/mmc@4809c000[0]'
[    2.228719] of_get_named_gpiod_flags: can't parse 'wp-gpio' property of node '/ocp/mmc@4809c000[0]'
[    2.238216] omap_hsmmc 4809c000.mmc: using lookup tables for GPIO lookup
[    2.245236] omap_hsmmc 4809c000.mmc: lookup for GPIO wp failed
[    2.357733] davinci_mdio 48485000.mdio: davinci mdio revision 1.6
[    2.364115] davinci_mdio 48485000.mdio: detected phy mask fffffff3
[    2.369198] mmc1: host does not support reading read-only switch, assuming write-enable
[    2.373181] mmc1: new high speed SD card at address e624
[    2.373693] mmcblk0: mmc1:e624 SU02G 1.84 GiB 
[    2.393127]  mmcblk0: p1 p2
[    2.397140] libphy: 48485000.mdio: probed
[    2.401367] davinci_mdio 48485000.mdio: phy[2]: device 48485000.mdio:02, driver unknown
[    2.409770] davinci_mdio 48485000.mdio: phy[3]: device 48485000.mdio:03, driver unknown
[    2.418812] cpsw 48484000.ethernet: Detected MACID = 7c:66:9d:eb:d4:c8
[    2.426692] cpsw 48484000.ethernet: cpsw: Detected MACID = 7c:66:9d:eb:d4:c9
[    2.434917] hctosys: unable to open rtc device (rtc0)
[    2.440234] sr_init: No PMIC hook to init smartreflex
[    2.445678] sr_init: platform driver register failed for SR
[    2.477868] ldousb: disabling
[    2.481298] mmc2_3v3: disabling
[    2.500968] EXT4-fs (mmcblk0p2): mounted filesystem with ordered data mode. Opts: (null)
[    2.509512] VFS: Mounted root (ext4 filesystem) on device 179:2.
[    2.525653] devtmpfs: mounted
[    2.529113] Freeing unused kernel memory: 448K (c0892000 - c0902000)
INIT: version 2.88 booting
Error opening /dev/fb0: No such file or directory
Starting udev
[    3.137396] udevd[88]: starting version 182
[    3.571885] omap_rtc 48838000.rtc: already running
[    3.577458] omap_rtc 48838000.rtc: rtc core: registered 48838000.rtc as rtc0
[    3.693681] gpiochip_find_base: found new base at 496
[    3.699280] gpiochip_add: registered GPIOs 496 to 511 on device: pcf8575
[    3.776655] pcf857x 0-0021: probed
[    3.859968] EXT4-fs (mmcblk0p2): re-mounted. Opts: data=ordered
Starting Bootlog daemon: [    3.946767] omap_wdt: OMAP Watchdog Timer Rev 0x01: initial timeout 60 sec
[    3.975884] ti-qspi 4b300000.qspi: memory mapped resource not required
[    3.986162] CAN device driver interface
[    4.003612] extcon-usb-gpio extcon_usb1: GPIO lookup for consumer id
[    4.010367] extcon-usb-gpio extcon_usb1: using device tree for GPIO lookup
[    4.017584] of_get_named_gpiod_flags: can't parse 'id-gpios' property of node '/extcon_usb1[0]'
[    4.026811] of_get_named_gpiod_flags: parsed 'id-gpio' property of node '/extcon_usb1[0]' - status (0)
[    4.036646] no flags found for id
[    4.040393] gpio-497 (id): gpiod_set_debounce: missing set() or set_debounce() operations
[    4.075121] c_can_platform 4ae3c000.can: c_can_platform device registered (regs=fce3c000, irq=329)
[    4.150358] extcon-usb-gpio extcon_usb2: GPIO lookup for consumer id
[    4.157046] extcon-usb-gpio extcon_usb2: using device tree for GPIO lookup
[    4.164309] of_get_named_gpiod_flags: can't parse 'id-gpios' property of node '/extcon_usb2[0]'
bootlogd: cannot allocate pseudo tty: No such fi[    4.173492] of_get_named_gpiod_flags: parsed 'id-gpio' property of node '/extcon_usb2[0]' - status (0)
le or directory
[    4.187437] no flags found for id
[    4.192635] gpio-498 (id): gpiod_set_debounce: missing set() or set_debounce() operations
bootlogd.
[    5.169352] random: dd urandom read with 53 bits of entropy available
[    5.312543] FAT-fs (mmcblk0p1): Volume was not properly unmounted. Some data may be corrupt. Please run fsck.
[    5.474039] usbcore: registered new interface driver usbfs
[    5.479919] usbcore: registered new interface driver hub
[    5.485608] usbcore: registered new device driver usb
[    5.575958] xhci-hcd xhci-hcd.0.auto: xHCI Host Controller
[    5.581794] xhci-hcd xhci-hcd.0.auto: new USB bus registered, assigned bus number 1
[    5.591060] xhci-hcd xhci-hcd.0.auto: hcc params 0x0220f04c hci version 0x100 quirks 0x00010010
[    5.600309] xhci-hcd xhci-hcd.0.auto: irq 416, io mem 0x488d0000
[    5.606922] usb usb1: New USB device found, idVendor=1d6b, idProduct=0002
[    5.614062] usb usb1: New USB device strings: Mfr=3, Product=2, SerialNumber=1
[    5.621728] usb usb1: Product: xHCI Host Controller
[    5.626841] usb usb1: Manufacturer: Linux 4.1.0-00003-ga1c5702 xhci-hcd
[    5.633796] usb usb1: SerialNumber: xhci-hcd.0.auto
[    5.640164] hub 1-0:1.0: USB hub found
[    5.644271] hub 1-0:1.0: 1 port detected
[    5.649174] xhci-hcd xhci-hcd.0.auto: xHCI Host Controller
[    5.654951] xhci-hcd xhci-hcd.0.auto: new USB bus registered, assigned bus number 2
[    5.664590] usb usb2: New USB device found, idVendor=1d6b, idProduct=0003
[    5.671748] usb usb2: New USB device strings: Mfr=3, Product=2, SerialNumber=1
[    5.679345] usb usb2: Product: xHCI Host Controller
[    5.684457] usb usb2: Manufacturer: Linux 4.1.0-00003-ga1c5702 xhci-hcd
[    5.691414] usb usb2: SerialNumber: xhci-hcd.0.auto
[    5.697791] hub 2-0:1.0: USB hub found
[    5.701991] hub 2-0:1.0: 1 port detected
ALSA: Restoring mixer settings...
/usr/sbin/alsactl: load_state:1729: No soundcards found...
INIT: Entering runlevel: 5
Configuring network interfaces... [    6.046389] net eth0: initializing cpsw version 1.15 (0)
[    6.131859] net eth0: phy found : id is : 0x20005c7a
udhcpc (v1.22.1) started
Sending discover...
[    8.134909] cpsw 48484000.ethernet eth0: Link is Up - 100Mbps/Full - flow control rx/tx
Sending discover...
Sending select for 192.168.1.51...
Lease of 192.168.1.51 obtained, lease time 86400
/etc/udhcpc.d/50default: Adding DNS 192.168.1.1
done.
Starting system message bus: dbus.
UIM SYSFS Node Not Found
Starting Dropbear SSH server: [   12.017191] NET: Registered protocol family 10
dropbear.
Starting telnet daemon.
Starting tiipclad daemon
Spawned daemon: /usr/bin/lad_dra7xx

.
Starting rpcbind daemon...done.
creating NFS state directory: done
starting statd: done
Starting syslogd/klogd: done
Starting thttpd.
Starting Lighttpd Web Server: lighttpd.
2015-01-28 00:11:06: (/home/jenkins/tisdk-build/build-CORTEX_1/arago-tmp-external-linaro-toolchain/work/cortexa15t2hf-vfp-neon-oe-linux-gnueabi/lighttpd/1.4.33-r1/lighttpd-1.4.33/src/log.c.166) server started 
/
Starting Matrix GUI application.
[   12.887079] random: nonblocking pool is initialized
***************************************************************
***************************************************************
NOTICE: This file system contains the followin GPLv3 packages:
	binutils
	gdbserver
	parted

If you do not wish to distribute GPLv3 components please remove
the above packages prior to distribution.  This can be done using
the opkg remove command.  i.e.:
    opkg remove <package>
Where <package> is the name printed in the list above

NOTE: If the package is a dependency of another package you
      will be notified of the dependent packages.  You should
      use the --force-removal-of-dependent-packages option to
      also remove the dependent packages as well
***************************************************************
***************************************************************
Stopping Bootlog daemon: bootlogd.
custom script
DCANRXPACKETREBOOT test iteration: 4
[   15.231448] net can0: c_can_hw_raminit_wait_syscon: time out
[   15.237542] c_can_platform 4ae3c000.can can0: setting BTR=1c04 BRPE=0000
interface = can0, family = 29, type = 3, proto = 1
[   16.301933] can: controller area network core (rev 20120528 abi 9)
[   16.308526] NET: Registered protocol family 29
[   16.334415] can: raw protocol (rev 20120528)
candump size 64192
~~~~~~~~~~~~~~~~~~~~~~~~~~~~~~~~~~~~~~~~~~~~~~~~~~~~~~~~~~~~~~~~~~~~~~~~
Boots: 4, UP fails: 1, OFF fails: 0, READ fails: 0
~~~~~~~~~~~~~~~~~~~~~~~~~~~~~~~~~~~~~~~~~~~~~~~~~~~~~~~~~~~~~~~~~~~~~~~~

Broadcast message from root@dra7xx-evm (ttyO0) (Wed Jan 28 00:11:12 2015):
The system is going down for reboot NOW!
INIT: Switching to runlUIM SYSFS Node Not Found
Stopping Dropbear SSH server: stopped /usr/sbin/dropbear (pid 603)
dropbear.
Stopping telnet daemon.
Stopping tiipclad daemon.
Stopping system message bus: dbus.
Error opening /dev/fb0: No such file or directory
Stopping syslogd/klogd: stopped syslogd (pid 632)
stopped klogd (pid 635)
done
Stopping thttpd.
Stopping Weston
stopping statd: done
ALSA: Storing mixer settings...
/usr/sbin/alsactl: save_state:1590: No soundcards found...
Stopping rpcbind daemon...
done.
Stopping Lighttpd Web Server: stopped /usr/sbin/lighttpd (pid 642)
lighttpd.
Deconfiguring network interfaces... done.
Stopping Matrix GUI applicationstart-stop-daemon: warning: killing process 648: No such process
.
***************************************************************
***************************************************************
NOTICE: This file system contains the followin GPLv3 packages:
	binutils
	gdbserver
	parted

If you do not wish to distribute GPLv3 components please remove
the above packages prior to distribution.  This can be done using
the opkg remove command.  i.e.:
    opkg remove <package>
Where <package> is the name printed in the list above

NOTE: If the package is a dependency of another package you
      will be notified of the dependent packages.  You should
      use the --force-removal-of-dependent-packages option to
      also remove the dependent packages as well
***************************************************************
***************************************************************
Sending all processes the TERM signal...
Sending all processes the KILL signal...
Unmounting remote filesystems...
Deactivating swap...
Unmounting local filesystems...
[   27.623100] EXT4-fs (mmcblk0p2): re-mounted. Opts: data=ordered
Rebooting... [   30.132853] reboot: Restarting system

U-Boot SPL 2014.07-00002-gfb6ab76 (Jun 22 2015 - 13:18:10)
DRA752 ES1.1
reading args
spl_load_image_fat_os: error reading image args, err - -1
reading u-boot.img
reading u-boot.img


U-Boot 2014.07-00002-gfb6ab76 (Jun 22 2015 - 13:18:10)

CPU  : DRA752 ES1.1
Board: DRA7xx
I2C:   ready
DRAM:  1.5 GiB
MMC:   OMAP SD/MMC: 0, OMAP SD/MMC: 1
Card did not respond to voltage select!
MMC init failed
Using default environment

SATA link 0 timeout.
AHCI 0001.0300 32 slots 1 ports 3 Gbps 0x1 impl SATA mode
flags: 64bit ncq stag pm led clo only pmp pio slum part ccc apst 
scanning bus for devices...
Found 0 device(s).
SCSI:  Net:   <ethaddr> not set. Validating first E-fuse MAC
cpsw
Hit any key to stop autoboot:  1  0 
switch to partitions #0, OK
mmc0 is current device
SD/MMC found on device 0
reading uEnv.txt
881 bytes read in 8 ms (107.4 KiB/s)
Loaded environment from uEnv.txt
Importing environment from mmc0 ...
Running uenvcmd ...
3530280 bytes read in 204 ms (16.5 MiB/s)
74803 bytes read in 25 ms (2.9 MiB/s)
Kernel image @ 0x82000000 [ 0x000000 - 0x35de28 ]
## Flattened Device Tree blob at 88000000
   Booting using the fdt blob at 0x88000000
   Loading Device Tree to 8ffea000, end 8ffff432 ... OK

Starting kernel ...

[    0.000000] Booting Linux on physical CPU 0x0
[    0.000000] Initializing cgroup subsys cpuset
[    0.000000] Initializing cgroup subsys cpu
[    0.000000] Initializing cgroup subsys cpuacct
[    0.000000] Linux version 4.1.0-00003-ga1c5702 (roger@rockdesk) (gcc version 4.7.3 20130226 (prerelease) (crosstool-NG linaro-1.13.1-4.7-2013.03-20130313 - Linaro GCC 2013.03) ) #1267 SMP Wed Jun 24 11:38:21 EEST 2015
[    0.000000] CPU: ARMv7 Processor [412fc0f2] revision 2 (ARMv7), cr=10c5387d
[    0.000000] CPU: PIPT / VIPT nonaliasing data cache, PIPT instruction cache
[    0.000000] Machine model: TI DRA742
[    0.000000] cma: Reserved 16 MiB at 0xde800000
[    0.000000] Memory policy: Data cache writealloc
[    0.000000] On node 0 totalpages: 392960
[    0.000000] free_area_init_node: node 0, pgdat c09b4d00, node_mem_map eea79000
[    0.000000]   Normal zone: 1710 pages used for memmap
[    0.000000]   Normal zone: 0 pages reserved
[    0.000000]   Normal zone: 194560 pages, LIFO batch:31
[    0.000000]   HighMem zone: 198400 pages, LIFO batch:31
[    0.000000] DRA752 ES1.1
[    0.000000] PERCPU: Embedded 13 pages/cpu @eea02000 s23040 r8192 d22016 u53248
[    0.000000] pcpu-alloc: s23040 r8192 d22016 u53248 alloc=13*4096
[    0.000000] pcpu-alloc: [0] 0 [0] 1 
[    0.000000] Built 1 zonelists in Zone order, mobility grouping on.  Total pages: 391250
[    0.000000] Kernel command line: console=ttyO0,115200n8 vram=16M root=/dev/mmcblk0p2 rw rootfstype=ext4 rootwait
[    0.000000] PID hash table entries: 4096 (order: 2, 16384 bytes)
[    0.000000] Dentry cache hash table entries: 131072 (order: 7, 524288 bytes)
[    0.000000] Inode-cache hash table entries: 65536 (order: 6, 262144 bytes)
[    0.000000] Memory: 1522088K/1571840K available (6552K kernel code, 741K rwdata, 2188K rodata, 448K init, 8220K bss, 33368K reserved, 16384K cma-reserved, 777216K highmem)
[    0.000000] Virtual kernel memory layout:
[    0.000000]     vector  : 0xffff0000 - 0xffff1000   (   4 kB)
[    0.000000]     fixmap  : 0xffc00000 - 0xfff00000   (3072 kB)
[    0.000000]     vmalloc : 0xf0000000 - 0xff000000   ( 240 MB)
[    0.000000]     lowmem  : 0xc0000000 - 0xef800000   ( 760 MB)
[    0.000000]     pkmap   : 0xbfe00000 - 0xc0000000   (   2 MB)
[    0.000000]     modules : 0xbf000000 - 0xbfe00000   (  14 MB)
[    0.000000]       .text : 0xc0008000 - 0xc08912e0   (8741 kB)
[    0.000000]       .init : 0xc0892000 - 0xc0902000   ( 448 kB)
[    0.000000]       .data : 0xc0902000 - 0xc09bb7d8   ( 742 kB)
[    0.000000]        .bss : 0xc09be000 - 0xc11c5390   (8221 kB)
[    0.000000] Running RCU self tests
[    0.000000] Hierarchical RCU implementation.
[    0.000000] 	RCU lockdep checking is enabled.
[    0.000000] 	Additional per-CPU info printed with stalls.
[    0.000000] NR_IRQS:16 nr_irqs:16 16
[    0.000000] OMAP clockevent source: timer1 at 32768 Hz
[    0.000000] clocksource 32k_counter: mask: 0xffffffff max_cycles: 0xffffffff, max_idle_ns: 58327039986419 ns
[    0.000000] sched_clock: 32 bits at 32kHz, resolution 30517ns, wraps every 65535999984741ns
[    0.000030] OMAP clocksource: 32k_counter at 32768 Hz
[    0.000549] Architected cp15 timer(s) running at 6.14MHz (virt).
[    0.000549] clocksource arch_sys_counter: mask: 0xffffffffffffff max_cycles: 0x16af5adb9, max_idle_ns: 440795202250 ns
[    0.000585] sched_clock: 56 bits at 6MHz, resolution 162ns, wraps every 4398046511023ns
[    0.000595] Switching to timer-based delay loop, resolution 162ns
[    0.001863] Console: colour dummy device 80x30
[    0.001897] Lock dependency validator: Copyright (c) 2006 Red Hat, Inc., Ingo Molnar
[    0.001905] ... MAX_LOCKDEP_SUBCLASSES:  8
[    0.001912] ... MAX_LOCK_DEPTH:          48
[    0.001918] ... MAX_LOCKDEP_KEYS:        8191
[    0.001924] ... CLASSHASH_SIZE:          4096
[    0.001930] ... MAX_LOCKDEP_ENTRIES:     32768
[    0.001936] ... MAX_LOCKDEP_CHAINS:      65536
[    0.001942] ... CHAINHASH_SIZE:          32768
[    0.001948]  memory used by lock dependency info: 5167 kB
[    0.001955]  per task-struct memory footprint: 1152 bytes
[    0.001974] Calibrating delay loop (skipped), value calculated using timer frequency.. 12.29 BogoMIPS (lpj=61475)
[    0.001987] pid_max: default: 32768 minimum: 301
[    0.002269] Security Framework initialized
[    0.002383] Mount-cache hash table entries: 2048 (order: 1, 8192 bytes)
[    0.002396] Mountpoint-cache hash table entries: 2048 (order: 1, 8192 bytes)
[    0.004637] Initializing cgroup subsys blkio
[    0.004662] Initializing cgroup subsys memory
[    0.004717] Initializing cgroup subsys devices
[    0.004774] Initializing cgroup subsys freezer
[    0.004860] Initializing cgroup subsys perf_event
[    0.004909] CPU: Testing write buffer coherency: ok
[    0.005909] /cpus/cpu@0 missing clock-frequency property
[    0.005951] /cpus/cpu@1 missing clock-frequency property
[    0.005962] CPU0: thread -1, cpu 0, socket 0, mpidr 80000000
[    0.006024] Setting up static identity map for 0x80008280 - 0x800082f0
[    0.012097] CPU1: thread -1, cpu 1, socket 0, mpidr 80000001
[    0.012179] 
[    0.012191] ===============================
[    0.012197] [ INFO: suspicious RCU usage. ]
[    0.012204] 4.1.0-00003-ga1c5702 #1267 Not tainted
[    0.012211] -------------------------------
[    0.012219] include/trace/events/ipi.h:68 suspicious rcu_dereference_check() usage!
[    0.012225] 
[    0.012225] other info that might help us debug this:
[    0.012225] 
[    0.012235] 
[    0.012235] RCU used illegally from idle CPU!
[    0.012235] rcu_scheduler_active = 1, debug_locks = 0
[    0.012243] RCU used illegally from extended quiescent state!
[    0.012249] no locks held by swapper/0/0.
[    0.012255] 
[    0.012255] stack backtrace:
[    0.012265] CPU: 0 PID: 0 Comm: swapper/0 Not tainted 4.1.0-00003-ga1c5702 #1267
[    0.012271] Hardware name: Generic DRA74X (Flattened Device Tree)
[    0.012288] [<c0016dc4>] (unwind_backtrace) from [<c0012da8>] (show_stack+0x10/0x14)
[    0.012303] [<c0012da8>] (show_stack) from [<c0630d48>] (dump_stack+0x8c/0xc0)
[    0.012316] [<c0630d48>] (dump_stack) from [<c00152b4>] (handle_IPI+0x3d4/0x5a8)
[    0.012328] [<c00152b4>] (handle_IPI) from [<c00094e8>] (gic_handle_irq+0x58/0x60)
[    0.012339] [<c00094e8>] (gic_handle_irq) from [<c06389a4>] (__irq_svc+0x44/0x5c)
[    0.012346] Exception stack(0xc0903f50 to 0xc0903f98)
[    0.012354] 3f40:                                     00000001 00000001 00000000 c0908078
[    0.012365] 3f60: c09b921c c090498c 00000000 00000000 c09b8155 c09049f0 c09055cc 00000001
[    0.012373] 3f80: 00000000 c0903f98 c00955d8 c00101bc 20000013 ffffffff
[    0.012387] [<c06389a4>] (__irq_svc) from [<c00101bc>] (arch_cpu_idle+0x20/0x3c)
[    0.012402] [<c00101bc>] (arch_cpu_idle) from [<c00887d0>] (cpu_startup_entry+0x2fc/0x5f0)
[    0.012417] [<c00887d0>] (cpu_startup_entry) from [<c0892c40>] (start_kernel+0x394/0x404)
[    0.012429] [<c0892c40>] (start_kernel) from [<8000807c>] (0x8000807c)
[    0.012541] Brought up 2 CPUs
[    0.012550] SMP: Total of 2 processors activated (24.59 BogoMIPS).
[    0.012556] CPU: All CPU(s) started in SVC mode.
[    0.013226] devtmpfs: initialized
[    0.052138] VFP support v0.3: implementor 41 architecture 4 part 30 variant f rev 0
[    0.052211] omap_hwmod: l3_main_2 using broken dt data from ocp
[    0.154523] omap_hwmod: dcan1: _wait_target_disable failed
[    0.194222] omap_hwmod: dss_core: _wait_target_disable failed
[    0.194232] omap_hwmod: dss_core: _wait_target_ready failed: -16
[    0.194242] omap_hwmod: dss_core: cannot be enabled for reset (3)
[    0.196694] omap_hwmod: dss_dispc: _wait_target_ready failed: -16
[    0.196704] omap_hwmod: dss_dispc: cannot be enabled for reset (3)
[    0.199162] omap_hwmod: dss_hdmi: _wait_target_ready failed: -16
[    0.199171] omap_hwmod: dss_hdmi: cannot be enabled for reset (3)
[    0.265081] clocksource jiffies: mask: 0xffffffff max_cycles: 0xffffffff, max_idle_ns: 19112604462750000 ns
[    0.265797] pinctrl core: initialized pinctrl subsystem
[    0.267040] NET: Registered protocol family 16
[    0.269405] DMA: preallocated 256 KiB pool for atomic coherent allocations
[    0.291011] cpuidle: using governor ladder
[    0.321041] cpuidle: using governor menu
[    0.328027] gpiochip_add: registered GPIOs 0 to 31 on device: gpio
[    0.328455] OMAP GPIO hardware version 0.1
[    0.329098] gpiochip_add: registered GPIOs 32 to 63 on device: gpio
[    0.330138] gpiochip_add: registered GPIOs 64 to 95 on device: gpio
[    0.331202] gpiochip_add: registered GPIOs 96 to 127 on device: gpio
[    0.332221] gpiochip_add: registered GPIOs 128 to 159 on device: gpio
[    0.333261] gpiochip_add: registered GPIOs 160 to 191 on device: gpio
[    0.334282] gpiochip_add: registered GPIOs 192 to 223 on device: gpio
[    0.335313] gpiochip_add: registered GPIOs 224 to 255 on device: gpio
[    0.335939] irq: no irq domain found for /ocp/l4@4a000000/scm@2000/pinmux@1400 !
[    0.341853] platform 4e000000.dmm: Cannot lookup hwmod 'dmm'
[    0.350088] omap-gpmc 50000000.gpmc: could not find pctldev for node /ocp/l4@4a000000/scm@2000/pinmux@1400/nand_flash_x16, deferring probe
[    0.353103] No ATAGs?
[    0.353131] hw-breakpoint: found 5 (+1 reserved) breakpoint and 4 watchpoint registers.
[    0.353139] hw-breakpoint: maximum watchpoint size is 8 bytes.
[    0.354543] OMAP DMA hardware revision 0.0
[    0.411979] omap-dma-engine 4a056000.dma-controller: OMAP DMA engine driver
[    0.412438] of_get_named_gpiod_flags: can't parse 'gpio' property of node '/fixedregulator-mmc2[0]'
[    0.412812] of_get_named_gpiod_flags: parsed 'gpio' property of node '/fixedregulator-vtt[0]' - status (0)
[    0.415431] SCSI subsystem initialized
[    0.415653] libata version 3.00 loaded.
[    0.416292] omap_i2c 48070000.i2c: could not find pctldev for node /ocp/l4@4a000000/scm@2000/pinmux@1400/pinmux_i2c1_pins, deferring probe
[    0.416337] omap_i2c 48072000.i2c: could not find pctldev for node /ocp/l4@4a000000/scm@2000/pinmux@1400/pinmux_i2c2_pins, deferring probe
[    0.416380] omap_i2c 48060000.i2c: could not find pctldev for node /ocp/l4@4a000000/scm@2000/pinmux@1400/pinmux_i2c3_pins, deferring probe
[    0.417690] Switched to clocksource arch_sys_counter
[    0.481913] NET: Registered protocol family 2
[    0.482572] TCP established hash table entries: 8192 (order: 3, 32768 bytes)
[    0.482699] TCP bind hash table entries: 8192 (order: 6, 294912 bytes)
[    0.483175] TCP: Hash tables configured (established 8192 bind 8192)
[    0.483249] UDP hash table entries: 512 (order: 3, 40960 bytes)
[    0.483325] UDP-Lite hash table entries: 512 (order: 3, 40960 bytes)
[    0.483661] NET: Registered protocol family 1
[    0.484056] RPC: Registered named UNIX socket transport module.
[    0.484065] RPC: Registered udp transport module.
[    0.484072] RPC: Registered tcp transport module.
[    0.484079] RPC: Registered tcp NFSv4.1 backchannel transport module.
[    0.485123] CPU PMU: Failed to parse /pmu/interrupt-affinity[0]
[    0.485163] hw perfevents: enabled with armv7_cortex_a15 PMU driver, 7 counters available
[    0.487581] futex hash table entries: 512 (order: 3, 32768 bytes)
[    0.487748] audit: initializing netlink subsys (disabled)
[    0.487790] audit: type=2000 audit(0.479:1): initialized
[    0.489184] VFS: Disk quotas dquot_6.6.0
[    0.489264] VFS: Dquot-cache hash table entries: 1024 (order 0, 4096 bytes)
[    0.490166] NFS: Registering the id_resolver key type
[    0.490202] Key type id_resolver registered
[    0.490210] Key type id_legacy registered
[    0.490273] jffs2: version 2.2. (NAND) (SUMMARY)  © 2001-2006 Red Hat, Inc.
[    0.491665] bounce: pool size: 64 pages
[    0.491681] io scheduler noop registered
[    0.491694] io scheduler deadline registered
[    0.491719] io scheduler cfq registered (default)
[    0.496158] pinctrl-single 4a003400.pinmux: 281 pins at pa fc003400 size 1124
[    0.499884] Serial: 8250/16550 driver, 4 ports, IRQ sharing enabled
[    0.502485] of_get_named_gpiod_flags: can't parse 'rts-gpio' property of node '/ocp/serial@4806a000[0]'
[    0.502616] 4806a000.serial: ttyO0 at MMIO 0x4806a000 (irq = 296, base_baud = 3000000) is a OMAP UART0
[    1.632272] console [ttyO0] enabled
[    1.636489] omap_uart 4806c000.serial: no wakeirq for uart1
[    1.642345] of_get_named_gpiod_flags: can't parse 'rts-gpio' property of node '/ocp/serial@4806c000[0]'
[    1.652291] 4806c000.serial: ttyO1 at MMIO 0x4806c000 (irq = 297, base_baud = 3000000) is a OMAP UART1
[    1.662606] omap_uart 48020000.serial: no wakeirq for uart2
[    1.668484] of_get_named_gpiod_flags: can't parse 'rts-gpio' property of node '/ocp/serial@48020000[0]'
[    1.678435] 48020000.serial: ttyO2 at MMIO 0x48020000 (irq = 298, base_baud = 3000000) is a OMAP UART2
[    1.701683] brd: module loaded
[    1.712476] loop: module loaded
[    1.717063] ahci 4a140000.sata: SSS flag set, parallel bus scan disabled
[    1.724106] ahci 4a140000.sata: AHCI 0001.0300 32 slots 1 ports 3 Gbps 0x1 impl platform mode
[    1.733045] ahci 4a140000.sata: flags: 64bit ncq sntf stag pm led clo only pmp pio slum part ccc apst 
[    1.744035] scsi host0: ahci
[    1.747489] ata1: SATA max UDMA/133 mmio [mem 0x4a140000-0x4a1410ff] port 0x100 irq 319
[    1.756284] mtdoops: mtd device (mtddev=name/number) must be supplied
[    1.767449] mousedev: PS/2 mouse device common for all mice
[    1.773304] i2c /dev entries driver
[    1.777651] omap_hsmmc 4809c000.mmc: GPIO lookup for consumer cd
[    1.783949] omap_hsmmc 4809c000.mmc: using device tree for GPIO lookup
[    1.790783] of_get_named_gpiod_flags: can't parse 'cd-gpios' property of node '/ocp/mmc@4809c000[0]'
[    1.800336] of_get_named_gpiod_flags: can't parse 'cd-gpio' property of node '/ocp/mmc@4809c000[0]'
[    1.809802] omap_hsmmc 4809c000.mmc: using lookup tables for GPIO lookup
[    1.816806] omap_hsmmc 4809c000.mmc: lookup for GPIO cd failed
[    1.822913] omap_hsmmc 4809c000.mmc: GPIO lookup for consumer wp
[    1.829203] omap_hsmmc 4809c000.mmc: using device tree for GPIO lookup
[    1.836022] of_get_named_gpiod_flags: can't parse 'wp-gpios' property of node '/ocp/mmc@4809c000[0]'
[    1.845578] of_get_named_gpiod_flags: can't parse 'wp-gpio' property of node '/ocp/mmc@4809c000[0]'
[    1.855046] omap_hsmmc 4809c000.mmc: using lookup tables for GPIO lookup
[    1.862063] omap_hsmmc 4809c000.mmc: lookup for GPIO wp failed
[    1.868439] omap_hsmmc 4809c000.mmc: unable to get vmmc regulator -517
[    1.875438] omap_hsmmc 480b4000.mmc: GPIO lookup for consumer cd
[    1.881733] omap_hsmmc 480b4000.mmc: using device tree for GPIO lookup
[    1.888572] of_get_named_gpiod_flags: can't parse 'cd-gpios' property of node '/ocp/mmc@480b4000[0]'
[    1.898136] of_get_named_gpiod_flags: can't parse 'cd-gpio' property of node '/ocp/mmc@480b4000[0]'
[    1.907587] omap_hsmmc 480b4000.mmc: using lookup tables for GPIO lookup
[    1.914608] omap_hsmmc 480b4000.mmc: lookup for GPIO cd failed
[    1.920720] omap_hsmmc 480b4000.mmc: GPIO lookup for consumer wp
[    1.926996] omap_hsmmc 480b4000.mmc: using device tree for GPIO lookup
[    1.933829] of_get_named_gpiod_flags: can't parse 'wp-gpios' property of node '/ocp/mmc@480b4000[0]'
[    1.943392] of_get_named_gpiod_flags: can't parse 'wp-gpio' property of node '/ocp/mmc@480b4000[0]'
[    1.952856] omap_hsmmc 480b4000.mmc: using lookup tables for GPIO lookup
[    1.959870] omap_hsmmc 480b4000.mmc: lookup for GPIO wp failed
[    1.997904] ledtrig-cpu: registered to indicate activity on CPUs
[    2.005006] oprofile: using timer interrupt.
[    2.009735] Initializing XFRM netlink socket
[    2.014228] NET: Registered protocol family 17
[    2.018923] NET: Registered protocol family 15
[    2.023663] Key type dns_resolver registered
[    2.028225] omap_voltage_late_init: Voltage driver support not added
[    2.034875] sr_dev_init: Unable to get voltage domain pointer for VDD core
[    2.042070] sr_dev_init: Unable to get voltage domain pointer for VDD mpu
[    2.049526] Power Management for TI OMAP4+ devices.
[    2.054842] ThumbEE CPU extension supported.
[    2.059350] Registering SWP/SWPB emulation handler
[    2.064375] SmartReflex Class3 initialized
[    2.070443] omap-gpmc 50000000.gpmc: GPMC revision 6.0
[    2.076515] nand: No NAND device found
[    2.080470] omap2-nand omap2-nand.0: scan failed, may be bus-width mismatch
[    2.089423] palmas 0-0058: IRQ missing: skipping irq request
[    2.097741] ata1: SATA link down (SStatus 0 SControl 300)
[    2.108110] palmas 0-0058: Muxing GPIO 2e, PWM 0, LED 0
[    2.140822] omap_i2c 48070000.i2c: bus 0 rev0.12 at 400 kHz
[    2.147526] omap_i2c 48072000.i2c: bus 1 rev0.12 at 400 kHz
[    2.154235] omap_i2c 48060000.i2c: bus 2 rev0.12 at 400 kHz
[    2.160369] omap_hsmmc 4809c000.mmc: GPIO lookup for consumer cd
[    2.166663] omap_hsmmc 4809c000.mmc: using device tree for GPIO lookup
[    2.173533] of_get_named_gpiod_flags: can't parse 'cd-gpios' property of node '/ocp/mmc@4809c000[0]'
[    2.183119] of_get_named_gpiod_flags: can't parse 'cd-gpio' property of node '/ocp/mmc@4809c000[0]'
[    2.192613] omap_hsmmc 4809c000.mmc: using lookup tables for GPIO lookup
[    2.199645] omap_hsmmc 4809c000.mmc: lookup for GPIO cd failed
[    2.205759] omap_hsmmc 4809c000.mmc: GPIO lookup for consumer wp
[    2.212066] omap_hsmmc 4809c000.mmc: using device tree for GPIO lookup
[    2.218912] of_get_named_gpiod_flags: can't parse 'wp-gpios' property of node '/ocp/mmc@4809c000[0]'
[    2.228495] of_get_named_gpiod_flags: can't parse 'wp-gpio' property of node '/ocp/mmc@4809c000[0]'
[    2.237989] omap_hsmmc 4809c000.mmc: using lookup tables for GPIO lookup
[    2.245013] omap_hsmmc 4809c000.mmc: lookup for GPIO wp failed
[    2.357714] davinci_mdio 48485000.mdio: davinci mdio revision 1.6
[    2.364102] davinci_mdio 48485000.mdio: detected phy mask fffffff3
[    2.369137] mmc1: host does not support reading read-only switch, assuming write-enable
[    2.372601] mmc1: new high speed SD card at address e624
[    2.373117] mmcblk0: mmc1:e624 SU02G 1.84 GiB 
[    2.393040]  mmcblk0: p1 p2
[    2.397052] libphy: 48485000.mdio: probed
[    2.401281] davinci_mdio 48485000.mdio: phy[2]: device 48485000.mdio:02, driver unknown
[    2.409686] davinci_mdio 48485000.mdio: phy[3]: device 48485000.mdio:03, driver unknown
[    2.418741] cpsw 48484000.ethernet: Detected MACID = 7c:66:9d:eb:d4:c8
[    2.426622] cpsw 48484000.ethernet: cpsw: Detected MACID = 7c:66:9d:eb:d4:c9
[    2.434851] hctosys: unable to open rtc device (rtc0)
[    2.440168] sr_init: No PMIC hook to init smartreflex
[    2.445605] sr_init: platform driver register failed for SR
[    2.477839] ldousb: disabling
[    2.481274] mmc2_3v3: disabling
[    2.500949] EXT4-fs (mmcblk0p2): mounted filesystem with ordered data mode. Opts: (null)
[    2.509499] VFS: Mounted root (ext4 filesystem) on device 179:2.
[    2.525641] devtmpfs: mounted
[    2.529108] Freeing unused kernel memory: 448K (c0892000 - c0902000)
INIT: version 2.88 booting
Error opening /dev/fb0: No such file or directory
Starting udev
[    3.143634] udevd[88]: starting version 182
[    3.609460] omap_rtc 48838000.rtc: already running
[    3.648263] omap_rtc 48838000.rtc: rtc core: registered 48838000.rtc as rtc0
[    3.737989] gpiochip_find_base: found new base at 496
[    3.743565] gpiochip_add: registered GPIOs 496 to 511 on device: pcf8575
[    3.816539] pcf857x 0-0021: probed
[    3.826120] EXT4-fs (mmcblk0p2): re-mounted. Opts: data=ordered
Starting Bootlog daemon: bootlogd: cannot allocate pseudo tty: No such file or directory
bootlogd.
[    4.131427] omap_wdt: OMAP Watchdog Timer Rev 0x01: initial timeout 60 sec
[    4.157001] ti-qspi 4b300000.qspi: memory mapped resource not required
[    4.165966] CAN device driver interface
[    4.175766] extcon-usb-gpio extcon_usb1: GPIO lookup for consumer id
[    4.182476] extcon-usb-gpio extcon_usb1: using device tree for GPIO lookup
[    4.189716] of_get_named_gpiod_flags: can't parse 'id-gpios' property of node '/extcon_usb1[0]'
[    4.198909] of_get_named_gpiod_flags: parsed 'id-gpio' property of node '/extcon_usb1[0]' - status (0)
[    4.208725] no flags found for id
[    4.236075] c_can_platform 4ae3c000.can: c_can_platform device registered (regs=fce3c000, irq=329)
[    4.248490] gpio-497 (id): gpiod_set_debounce: missing set() or set_debounce() operations
[    4.257519] extcon-usb-gpio extcon_usb2: GPIO lookup for consumer id
[    4.264230] extcon-usb-gpio extcon_usb2: using device tree for GPIO lookup
[    4.271488] of_get_named_gpiod_flags: can't parse 'id-gpios' property of node '/extcon_usb2[0]'
[    4.280713] of_get_named_gpiod_flags: parsed 'id-gpio' property of node '/extcon_usb2[0]' - status (0)
[    4.290507] no flags found for id
[    4.333872] random: dd urandom read with 42 bits of entropy available
[    4.349731] gpio-498 (id): gpiod_set_debounce: missing set() or set_debounce() operations
[    5.207964] FAT-fs (mmcblk0p1): Volume was not properly unmounted. Some data may be corrupt. Please run fsck.
ALSA: Restoring mixer settings...
INIT: Entering runlevel: 5
Configuring network interfaces... [    5.838527] usbcore: registered new interface driver usbfs
[    5.844402] usbcore: registered new interface driver hub
[    5.850141] usbcore: registered new device driver usb
[    5.974440] xhci-hcd xhci-hcd.0.auto: xHCI Host Controller
[    5.980280] xhci-hcd xhci-hcd.0.auto: new USB bus registered, assigned bus number 1
/usr/sbin/alsactl: load_state:1729: No soundcards found...
[    6.005624] xhci-hcd xhci-hcd.0.auto: hcc params 0x0220f04c hci version 0x100 quirks 0x00010010
[    6.017229] xhci-hcd xhci-hcd.0.auto: irq 416, io mem 0x488d0000
[    6.023868] usb usb1: New USB device found, idVendor=1d6b, idProduct=0002
[    6.031014] usb usb1: New USB device strings: Mfr=3, Product=2, SerialNumber=1
[    6.031020] usb usb1: Product: xHCI Host Controller
[    6.031030] usb usb1: Manufacturer: Linux 4.1.0-00003-ga1c5702 xhci-hcd
[    6.031034] usb usb1: SerialNumber: xhci-hcd.0.auto
[    6.048376] hub 1-0:1.0: USB hub found
[    6.048435] hub 1-0:1.0: 1 port detected
[    6.049126] xhci-hcd xhci-hcd.0.auto: xHCI Host Controller
[    6.049154] xhci-hcd xhci-hcd.0.auto: new USB bus registered, assigned bus number 2
[    6.049581] usb usb2: New USB device found, idVendor=1d6b, idProduct=0003
[    6.049587] usb usb2: New USB device strings: Mfr=3, Product=2, SerialNumber=1
[    6.049591] usb usb2: Product: xHCI Host Controller
[    6.049596] usb usb2: Manufacturer: Linux 4.1.0-00003-ga1c5702 xhci-hcd
[    6.049600] usb usb2: SerialNumber: xhci-hcd.0.auto
[    6.050591] hub 2-0:1.0: USB hub found
[    6.050647] hub 2-0:1.0: 1 port detected
[    6.210377] net eth0: initializing cpsw version 1.15 (0)
[    6.301812] net eth0: phy found : id is : 0x20005c7a
udhcpc (v1.22.1) started
Sending discover...
[    8.304861] cpsw 48484000.ethernet eth0: Link is Up - 100Mbps/Full - flow control rx/tx
Sending discover...
Sending select for 192.168.1.51...
Lease of 192.168.1.51 obtained, lease time 86400
/etc/udhcpc.d/50default: Adding DNS 192.168.1.1
done.
Starting system message bus: dbus.
UIM SYSFS Node Not Found
Starting Dropbear SSH server: [   12.207484] NET: Registered protocol family 10
dropbear.
Starting telnet daemon.
Starting tiipclad daemon
Spawned daemon: /usr/bin/lad_dra7xx

.
Starting rpcbind daemon...done.
creating NFS state directory: done
starting statd: done
Starting syslogd/klogd: done
Starting thttpd.
Starting Lighttpd Web Server: lighttpd.
2015-01-28 00:11:32: (/home/jenkins/tisdk-build/build-CORTEX_1/arago-tmp-external-linaro-toolchain/work/cortexa15t2hf-vfp-neon-oe-linux-gnueabi/lighttpd/1.4.33-r1/lighttpd-1.4.33/src/log.c.166) server started 
/
Starting Matrix GUI application.
[   13.702518] random: nonblocking pool is initialized
***************************************************************
***************************************************************
NOTICE: This file system contains the followin GPLv3 packages:
	binutils
	gdbserver
	parted

If you do not wish to distribute GPLv3 components please remove
the above packages prior to distribution.  This can be done using
the opkg remove command.  i.e.:
    opkg remove <package>
Where <package> is the name printed in the list above

NOTE: If the package is a dependency of another package you
      will be notified of the dependent packages.  You should
      use the --force-removal-of-dependent-packages option to
      also remove the dependent packages as well
***************************************************************
***************************************************************
Stopping Bootlog daemon: bootlogd.
custom script
DCANRXPACKETREBOOT test iteration: 5
[   15.892248] net can0: c_can_hw_raminit_wait_syscon: time out
[   15.898361] c_can_platform 4ae3c000.can can0: setting BTR=1c04 BRPE=0000
interface = can0, family = 29, type = 3, proto = 1
[   16.962219] can: controller area network core (rev 20120528 abi 9)
[   16.968828] NET: Registered protocol family 29
[   16.995172] can: raw protocol (rev 20120528)
candump size 64528
~~~~~~~~~~~~~~~~~~~~~~~~~~~~~~~~~~~~~~~~~~~~~~~~~~~~~~~~~~~~~~~~~~~~~~~~
Boots: 5, UP fails: 1, OFF fails: 0, READ fails: 0
~~~~~~~~~~~~~~~~~~~~~~~~~~~~~~~~~~~~~~~~~~~~~~~~~~~~~~~~~~~~~~~~~~~~~~~~

Broadcast message from root@dra7xx-evm (ttyO0) (Wed Jan 28 00:11:38 2015):
The system is going down for reboot NOW!
INIT: Switching to runlevUIM SYSFS Node Not Found
Stopping Dropbear SSH server: stopped /usr/sbin/dropbear (pid 657)
dropbear.
Stopping telnet daemon.
Stopping tiipclad daemon.
Stopping system message bus: dbus.
Error opening /dev/fb0: No such file or directory
Stopping syslogd/klogd: stopped syslogd (pid 687)
stopped klogd (pid 689)
done
Stopping thttpd.
Stopping Weston
stopping statd: done
ALSA: Storing mixer settings...
/usr/sbin/alsactl: save_state:1590: No soundcards found...
Stopping rpcbind daemon...
done.
Stopping Lighttpd Web Server: stopped /usr/sbin/lighttpd (pid 696)
lighttpd.
Deconfiguring network interfaces... done.
Stopping Matrix GUI applicationstart-stop-daemon: warning: killing process 702: No such process
.
***************************************************************
***************************************************************
NOTICE: This file system contains the followin GPLv3 packages:
	binutils
	gdbserver
	parted

If you do not wish to distribute GPLv3 components please remove
the above packages prior to distribution.  This can be done using
the opkg remove command.  i.e.:
    opkg remove <package>
Where <package> is the name printed in the list above

NOTE: If the package is a dependency of another package you
      will be notified of the dependent packages.  You should
      use the --force-removal-of-dependent-packages option to
      also remove the dependent packages as well
***************************************************************
***************************************************************
Sending all processes the TERM signal...
Sending all processes the KILL signal...
Unmounting remote filesystems...
Deactivating swap...
Unmounting local filesystems...
[   28.405509] EXT4-fs (mmcblk0p2): re-mounted. Opts: data=ordered
Rebooting... [   30.932899] reboot: Restarting system

U-Boot SPL 2014.07-00002-gfb6ab76 (Jun 22 2015 - 13:18:10)
DRA752 ES1.1
reading args
spl_load_image_fat_os: error reading image args, err - -1
reading u-boot.img
reading u-boot.img


U-Boot 2014.07-00002-gfb6ab76 (Jun 22 2015 - 13:18:10)

CPU  : DRA752 ES1.1
Board: DRA7xx
I2C:   ready
DRAM:  1.5 GiB
MMC:   OMAP SD/MMC: 0, OMAP SD/MMC: 1
Card did not respond to voltage select!
MMC init failed
Using default environment

SATA link 0 timeout.
AHCI 0001.0300 32 slots 1 ports 3 Gbps 0x1 impl SATA mode
flags: 64bit ncq stag pm led clo only pmp pio slum part ccc apst 
scanning bus for devices...
Found 0 device(s).
SCSI:  Net:   <ethaddr> not set. Validating first E-fuse MAC
cpsw
Hit any key to stop autoboot:  1  0 
switch to partitions #0, OK
mmc0 is current device
SD/MMC found on device 0
reading uEnv.txt
881 bytes read in 7 ms (122.1 KiB/s)
Loaded environment from uEnv.txt
Importing environment from mmc0 ...
Running uenvcmd ...
3530280 bytes read in 204 ms (16.5 MiB/s)
74803 bytes read in 26 ms (2.7 MiB/s)
Kernel image @ 0x82000000 [ 0x000000 - 0x35de28 ]
## Flattened Device Tree blob at 88000000
   Booting using the fdt blob at 0x88000000
   Loading Device Tree to 8ffea000, end 8ffff432 ... OK

Starting kernel ...

[    0.000000] Booting Linux on physical CPU 0x0
[    0.000000] Initializing cgroup subsys cpuset
[    0.000000] Initializing cgroup subsys cpu
[    0.000000] Initializing cgroup subsys cpuacct
[    0.000000] Linux version 4.1.0-00003-ga1c5702 (roger@rockdesk) (gcc version 4.7.3 20130226 (prerelease) (crosstool-NG linaro-1.13.1-4.7-2013.03-20130313 - Linaro GCC 2013.03) ) #1267 SMP Wed Jun 24 11:38:21 EEST 2015
[    0.000000] CPU: ARMv7 Processor [412fc0f2] revision 2 (ARMv7), cr=10c5387d
[    0.000000] CPU: PIPT / VIPT nonaliasing data cache, PIPT instruction cache
[    0.000000] Machine model: TI DRA742
[    0.000000] cma: Reserved 16 MiB at 0xde800000
[    0.000000] Memory policy: Data cache writealloc
[    0.000000] On node 0 totalpages: 392960
[    0.000000] free_area_init_node: node 0, pgdat c09b4d00, node_mem_map eea79000
[    0.000000]   Normal zone: 1710 pages used for memmap
[    0.000000]   Normal zone: 0 pages reserved
[    0.000000]   Normal zone: 194560 pages, LIFO batch:31
[    0.000000]   HighMem zone: 198400 pages, LIFO batch:31
[    0.000000] DRA752 ES1.1
[    0.000000] PERCPU: Embedded 13 pages/cpu @eea02000 s23040 r8192 d22016 u53248
[    0.000000] pcpu-alloc: s23040 r8192 d22016 u53248 alloc=13*4096
[    0.000000] pcpu-alloc: [0] 0 [0] 1 
[    0.000000] Built 1 zonelists in Zone order, mobility grouping on.  Total pages: 391250
[    0.000000] Kernel command line: console=ttyO0,115200n8 vram=16M root=/dev/mmcblk0p2 rw rootfstype=ext4 rootwait
[    0.000000] PID hash table entries: 4096 (order: 2, 16384 bytes)
[    0.000000] Dentry cache hash table entries: 131072 (order: 7, 524288 bytes)
[    0.000000] Inode-cache hash table entries: 65536 (order: 6, 262144 bytes)
[    0.000000] Memory: 1522088K/1571840K available (6552K kernel code, 741K rwdata, 2188K rodata, 448K init, 8220K bss, 33368K reserved, 16384K cma-reserved, 777216K highmem)
[    0.000000] Virtual kernel memory layout:
[    0.000000]     vector  : 0xffff0000 - 0xffff1000   (   4 kB)
[    0.000000]     fixmap  : 0xffc00000 - 0xfff00000   (3072 kB)
[    0.000000]     vmalloc : 0xf0000000 - 0xff000000   ( 240 MB)
[    0.000000]     lowmem  : 0xc0000000 - 0xef800000   ( 760 MB)
[    0.000000]     pkmap   : 0xbfe00000 - 0xc0000000   (   2 MB)
[    0.000000]     modules : 0xbf000000 - 0xbfe00000   (  14 MB)
[    0.000000]       .text : 0xc0008000 - 0xc08912e0   (8741 kB)
[    0.000000]       .init : 0xc0892000 - 0xc0902000   ( 448 kB)
[    0.000000]       .data : 0xc0902000 - 0xc09bb7d8   ( 742 kB)
[    0.000000]        .bss : 0xc09be000 - 0xc11c5390   (8221 kB)
[    0.000000] Running RCU self tests
[    0.000000] Hierarchical RCU implementation.
[    0.000000] 	RCU lockdep checking is enabled.
[    0.000000] 	Additional per-CPU info printed with stalls.
[    0.000000] NR_IRQS:16 nr_irqs:16 16
[    0.000000] OMAP clockevent source: timer1 at 32768 Hz
[    0.000000] clocksource 32k_counter: mask: 0xffffffff max_cycles: 0xffffffff, max_idle_ns: 58327039986419 ns
[    0.000000] sched_clock: 32 bits at 32kHz, resolution 30517ns, wraps every 65535999984741ns
[    0.000030] OMAP clocksource: 32k_counter at 32768 Hz
[    0.000549] Architected cp15 timer(s) running at 6.14MHz (virt).
[    0.000549] clocksource arch_sys_counter: mask: 0xffffffffffffff max_cycles: 0x16af5adb9, max_idle_ns: 440795202250 ns
[    0.000584] sched_clock: 56 bits at 6MHz, resolution 162ns, wraps every 4398046511023ns
[    0.000595] Switching to timer-based delay loop, resolution 162ns
[    0.001858] Console: colour dummy device 80x30
[    0.001893] Lock dependency validator: Copyright (c) 2006 Red Hat, Inc., Ingo Molnar
[    0.001900] ... MAX_LOCKDEP_SUBCLASSES:  8
[    0.001907] ... MAX_LOCK_DEPTH:          48
[    0.001913] ... MAX_LOCKDEP_KEYS:        8191
[    0.001919] ... CLASSHASH_SIZE:          4096
[    0.001925] ... MAX_LOCKDEP_ENTRIES:     32768
[    0.001931] ... MAX_LOCKDEP_CHAINS:      65536
[    0.001936] ... CHAINHASH_SIZE:          32768
[    0.001942]  memory used by lock dependency info: 5167 kB
[    0.001949]  per task-struct memory footprint: 1152 bytes
[    0.001968] Calibrating delay loop (skipped), value calculated using timer frequency.. 12.29 BogoMIPS (lpj=61475)
[    0.001981] pid_max: default: 32768 minimum: 301
[    0.002266] Security Framework initialized
[    0.002381] Mount-cache hash table entries: 2048 (order: 1, 8192 bytes)
[    0.002395] Mountpoint-cache hash table entries: 2048 (order: 1, 8192 bytes)
[    0.004632] Initializing cgroup subsys blkio
[    0.004656] Initializing cgroup subsys memory
[    0.004710] Initializing cgroup subsys devices
[    0.004769] Initializing cgroup subsys freezer
[    0.004855] Initializing cgroup subsys perf_event
[    0.004903] CPU: Testing write buffer coherency: ok
[    0.005905] /cpus/cpu@0 missing clock-frequency property
[    0.005948] /cpus/cpu@1 missing clock-frequency property
[    0.005960] CPU0: thread -1, cpu 0, socket 0, mpidr 80000000
[    0.006022] Setting up static identity map for 0x80008280 - 0x800082f0
[    0.012108] CPU1: thread -1, cpu 1, socket 0, mpidr 80000001
[    0.012190] 
[    0.012200] ===============================
[    0.012206] [ INFO: suspicious RCU usage. ]
[    0.012214] 4.1.0-00003-ga1c5702 #1267 Not tainted
[    0.012221] -------------------------------
[    0.012228] include/trace/events/ipi.h:68 suspicious rcu_dereference_check() usage!
[    0.012234] 
[    0.012234] other info that might help us debug this:
[    0.012234] 
[    0.012244] 
[    0.012244] RCU used illegally from idle CPU!
[    0.012244] rcu_scheduler_active = 1, debug_locks = 0
[    0.012253] RCU used illegally from extended quiescent state!
[    0.012259] no locks held by swapper/0/0.
[    0.012264] 
[    0.012264] stack backtrace:
[    0.012275] CPU: 0 PID: 0 Comm: swapper/0 Not tainted 4.1.0-00003-ga1c5702 #1267
[    0.012281] Hardware name: Generic DRA74X (Flattened Device Tree)
[    0.012298] [<c0016dc4>] (unwind_backtrace) from [<c0012da8>] (show_stack+0x10/0x14)
[    0.012314] [<c0012da8>] (show_stack) from [<c0630d48>] (dump_stack+0x8c/0xc0)
[    0.012326] [<c0630d48>] (dump_stack) from [<c00152b4>] (handle_IPI+0x3d4/0x5a8)
[    0.012338] [<c00152b4>] (handle_IPI) from [<c00094e8>] (gic_handle_irq+0x58/0x60)
[    0.012349] [<c00094e8>] (gic_handle_irq) from [<c06389a4>] (__irq_svc+0x44/0x5c)
[    0.012357] Exception stack(0xc0903f50 to 0xc0903f98)
[    0.012366] 3f40:                                     00000001 00000001 00000000 c0908078
[    0.012376] 3f60: c09b921c c090498c 00000000 00000000 c09b8155 c09049f0 c09055cc 00000001
[    0.012385] 3f80: 00000000 c0903f98 c00955d8 c00101bc 20000013 ffffffff
[    0.012398] [<c06389a4>] (__irq_svc) from [<c00101bc>] (arch_cpu_idle+0x20/0x3c)
[    0.012413] [<c00101bc>] (arch_cpu_idle) from [<c00887d0>] (cpu_startup_entry+0x2fc/0x5f0)
[    0.012428] [<c00887d0>] (cpu_startup_entry) from [<c0892c40>] (start_kernel+0x394/0x404)
[    0.012440] [<c0892c40>] (start_kernel) from [<8000807c>] (0x8000807c)
[    0.012551] Brought up 2 CPUs
[    0.012560] SMP: Total of 2 processors activated (24.59 BogoMIPS).
[    0.012567] CPU: All CPU(s) started in SVC mode.
[    0.013238] devtmpfs: initialized
[    0.052191] VFP support v0.3: implementor 41 architecture 4 part 30 variant f rev 0
[    0.052262] omap_hwmod: l3_main_2 using broken dt data from ocp
[    0.154581] omap_hwmod: dcan1: _wait_target_disable failed
[    0.194254] omap_hwmod: dss_core: _wait_target_disable failed
[    0.194264] omap_hwmod: dss_core: _wait_target_ready failed: -16
[    0.194274] omap_hwmod: dss_core: cannot be enabled for reset (3)
[    0.196729] omap_hwmod: dss_dispc: _wait_target_ready failed: -16
[    0.196738] omap_hwmod: dss_dispc: cannot be enabled for reset (3)
[    0.199188] omap_hwmod: dss_hdmi: _wait_target_ready failed: -16
[    0.199196] omap_hwmod: dss_hdmi: cannot be enabled for reset (3)
[    0.265053] clocksource jiffies: mask: 0xffffffff max_cycles: 0xffffffff, max_idle_ns: 19112604462750000 ns
[    0.265777] pinctrl core: initialized pinctrl subsystem
[    0.267019] NET: Registered protocol family 16
[    0.269383] DMA: preallocated 256 KiB pool for atomic coherent allocations
[    0.291027] cpuidle: using governor ladder
[    0.321058] cpuidle: using governor menu
[    0.328044] gpiochip_add: registered GPIOs 0 to 31 on device: gpio
[    0.328474] OMAP GPIO hardware version 0.1
[    0.329118] gpiochip_add: registered GPIOs 32 to 63 on device: gpio
[    0.330160] gpiochip_add: registered GPIOs 64 to 95 on device: gpio
[    0.331224] gpiochip_add: registered GPIOs 96 to 127 on device: gpio
[    0.332247] gpiochip_add: registered GPIOs 128 to 159 on device: gpio
[    0.333287] gpiochip_add: registered GPIOs 160 to 191 on device: gpio
[    0.334308] gpiochip_add: registered GPIOs 192 to 223 on device: gpio
[    0.335341] gpiochip_add: registered GPIOs 224 to 255 on device: gpio
[    0.335969] irq: no irq domain found for /ocp/l4@4a000000/scm@2000/pinmux@1400 !
[    0.341877] platform 4e000000.dmm: Cannot lookup hwmod 'dmm'
[    0.350137] omap-gpmc 50000000.gpmc: could not find pctldev for node /ocp/l4@4a000000/scm@2000/pinmux@1400/nand_flash_x16, deferring probe
[    0.353164] No ATAGs?
[    0.353193] hw-breakpoint: found 5 (+1 reserved) breakpoint and 4 watchpoint registers.
[    0.353201] hw-breakpoint: maximum watchpoint size is 8 bytes.
[    0.354605] OMAP DMA hardware revision 0.0
[    0.411997] omap-dma-engine 4a056000.dma-controller: OMAP DMA engine driver
[    0.412456] of_get_named_gpiod_flags: can't parse 'gpio' property of node '/fixedregulator-mmc2[0]'
[    0.412830] of_get_named_gpiod_flags: parsed 'gpio' property of node '/fixedregulator-vtt[0]' - status (0)
[    0.415454] SCSI subsystem initialized
[    0.415673] libata version 3.00 loaded.
[    0.416313] omap_i2c 48070000.i2c: could not find pctldev for node /ocp/l4@4a000000/scm@2000/pinmux@1400/pinmux_i2c1_pins, deferring probe
[    0.416359] omap_i2c 48072000.i2c: could not find pctldev for node /ocp/l4@4a000000/scm@2000/pinmux@1400/pinmux_i2c2_pins, deferring probe
[    0.416400] omap_i2c 48060000.i2c: could not find pctldev for node /ocp/l4@4a000000/scm@2000/pinmux@1400/pinmux_i2c3_pins, deferring probe
[    0.417714] Switched to clocksource arch_sys_counter
[    0.481933] NET: Registered protocol family 2
