This happend on 372nd boot with HWAUTO workaround for DCAN1 applied

[19177.664930] INFO: rcu_sched detected stalls on CPUs/tasks:
[19177.670677]  (detected by 0, t=1914827 jiffies, g=1173, c=1172, q=115)
[19177.677522] All QSes seen, last rcu_sched kthread activity 1914827 (1887766--27061), jiffies_till_next_fqs=1, root ->qsmask 0x0
[19177.689526] ifconfig        R running      0   768    736 0x00000002
[19177.696200] [<c00163dc>] (unwind_backtrace) from [<c0012950>] (show_stack+0x10/0x14)
[19177.704300] [<c0012950>] (show_stack) from [<c00a3a98>] (rcu_check_callbacks+0x878/0x908)
[19177.712852] [<c00a3a98>] (rcu_check_callbacks) from [<c00a80b0>] (update_process_times+0x30/0x5c)
[19177.722146] [<c00a80b0>] (update_process_times) from [<c00b830c>] (tick_sched_handle+0x48/0x54)
[19177.731252] [<c00b830c>] (tick_sched_handle) from [<c00b862c>] (tick_sched_timer+0x58/0xa0)
[19177.739997] [<c00b862c>] (tick_sched_timer) from [<c00a8910>] (__run_hrtimer+0x8c/0x204)
[19177.748467] [<c00a8910>] (__run_hrtimer) from [<c00a9370>] (hrtimer_interrupt+0xec/0x268)
[19177.757032] [<c00a9370>] (hrtimer_interrupt) from [<c04b3768>] (arch_timer_handler_virt+0x2c/0x34)
[19177.766414] [<c04b3768>] (arch_timer_handler_virt) from [<c009ad94>] (handle_percpu_devid_irq+0x98/0x148)
[19177.776435] [<c009ad94>] (handle_percpu_devid_irq) from [<c0097008>] (generic_handle_irq+0x20/0x30)
[19177.785900] [<c0097008>] (generic_handle_irq) from [<c009711c>] (__handle_domain_irq+0x64/0xdc)
[19177.795004] [<c009711c>] (__handle_domain_irq) from [<c00094b0>] (gic_handle_irq+0x20/0x60)
[19177.803746] [<c00094b0>] (gic_handle_irq) from [<c05de364>] (__irq_svc+0x44/0x5c)
[19177.811574] Exception stack(0xed113cf0 to 0xed113d38)
[19177.816861] 3ce0:                                     00000001 ed6766b8 00000000 ed676100
[19177.825419] 3d00: c004429c c08a7584 00000002 c095a62c 00000001 00000000 ee014000 00000014
[19177.833974] 3d20: c0a9fe90 ed113d38 c008d52c c0043ce0 60000113 ffffffff
[19177.840900] [<c05de364>] (__irq_svc) from [<c0043ce0>] (__do_softirq+0xbc/0x358)
[19177.848643] [<c0043ce0>] (__do_softirq) from [<c004429c>] (irq_exit+0xbc/0x130)
[19177.856298] [<c004429c>] (irq_exit) from [<c0097124>] (__handle_domain_irq+0x6c/0xdc)
[19177.864498] [<c0097124>] (__handle_domain_irq) from [<c00094b0>] (gic_handle_irq+0x20/0x60)
[19177.873245] [<c00094b0>] (gic_handle_irq) from [<c05de364>] (__irq_svc+0x44/0x5c)
[19177.881073] Exception stack(0xed113db8 to 0xed113e00)
[19177.886357] 3da0:                                                       ed362f40 ed305b00
[19177.894914] 3dc0: fce3c000 ed362fd0 ed08b000 ed305b00 ee1fec10 00040081 ed362f40 00000000
[19177.903468] 3de0: 00000001 00000014 00000000 ed113e00 c036f980 c036f814 80000013 ffffffff
[19177.912025] [<c05de364>] (__irq_svc) from [<c036f814>] (pinctrl_select_state+0x8/0x154)
[19177.920410] [<c036f814>] (pinctrl_select_state) from [<c036f980>] (pinctrl_pm_select_state+0x20/0x50)
[19177.930068] [<c036f980>] (pinctrl_pm_select_state) from [<bf054094>] (c_can_stop+0x34/0x40 [c_can])
[19177.939552] [<bf054094>] (c_can_stop [c_can]) from [<bf054264>] (c_can_close+0x34/0xa0 [c_can])
[19177.948668] [<bf054264>] (c_can_close [c_can]) from [<c04ebc74>] (__dev_close_many+0x84/0xcc)
[19177.957597] [<c04ebc74>] (__dev_close_many) from [<c04ebce4>] (__dev_close+0x28/0x3c)
[19177.965796] [<c04ebce4>] (__dev_close) from [<c04f3298>] (__dev_change_flags+0x88/0x150)
[19177.974270] [<c04f3298>] (__dev_change_flags) from [<c04f3380>] (dev_change_flags+0x18/0x48)
[19177.983106] [<c04f3380>] (dev_change_flags) from [<c055fda4>] (devinet_ioctl+0x67c/0x774)
[19177.991668] [<c055fda4>] (devinet_ioctl) from [<c04d4e80>] (sock_ioctl+0x70/0x2b8)
[19177.999596] [<c04d4e80>] (sock_ioctl) from [<c0170d10>] (do_vfs_ioctl+0x78/0x670)
[19178.007425] [<c0170d10>] (do_vfs_ioctl) from [<c017136c>] (SyS_ioctl+0x64/0x74)
[19178.015072] [<c017136c>] (SyS_ioctl) from [<c000f540>] (ret_fast_syscall+0x0/0x54)
[19178.022991] rcu_sched kthread starved for 1914827 jiffies!

U-Boot SPL 2014.07-00002-gfb6ab76 (Jun 17 2015 - 22:13:52)
DRA722 ES1.0
reading args
spl_load_image_fat_os: error reading image args, err - -1
reading u-boot.img
reading u-boot.img


U-Boot 2014.07-00002-gfb6ab76 (Jun 17 2015 - 22:13:52)

CPU  : DRA722 ES1.0
Board: DRA7xx
I2C:   ready
DRAM:  1 GiB
MMC:   OMAP SD/MMC: 0, OMAP SD/MMC: 1
Using default environment

SATA link 0 timeout.
AHCI 0001.0300 32 slots 1 ports 3 Gbps 0x1 impl SATA mode
flags: 64bit ncq stag pm led clo only pmp pio slum part ccc apst 
scanning bus for devices...
Found 0 device(s).
SCSI:  Net:   <ethaddr> not set. Validating first E-fuse MAC
cpsw
Hit any key to stop autoboot:  0 
switch to partitions #0, OK
mmc0 is current device
SD/MMC found on device 0
reading uEnv.txt
1183 bytes read in 5 ms (230.5 KiB/s)
Loaded environment from uEnv.txt
Importing environment from mmc0 ...
Running uenvcmd ...
3436120 bytes read in 199 ms (16.5 MiB/s)
73105 bytes read in 24 ms (2.9 MiB/s)
Kernel image @ 0x82000000 [ 0x000000 - 0x346e58 ]
## Flattened Device Tree blob at 88000000
   Booting using the fdt blob at 0x88000000
   Loading Device Tree to 8ffeb000, end 8ffffd90 ... OK

Starting kernel ...

[    0.000000] Booting Linux on physical CPU 0x0
[    0.000000] Initializing cgroup subsys cpuset
[    0.000000] Initializing cgroup subsys cpu
[    0.000000] Initializing cgroup subsys cpuacct
[    0.000000] Linux version 4.1.0-rc8-00004-g18f6171 (roger@rockdesk) (gcc version 4.7.3 20130226 (prerelease) (crosstool-NG linaro-1.13.1-4.7-2013.03-20130313 - Linaro GCC 2013.03) ) #1239 SMP Wed Jun 17 21:55
[    0.000000] CPU: ARMv7 Processor [412fc0f2] revision 2 (ARMv7), cr=10c5387d
[    0.000000] CPU: PIPT / VIPT nonaliasing data cache, PIPT instruction cache
[    0.000000] Machine model: TI DRA722
[    0.000000] cma: Reserved 16 MiB at 0xbe800000
[    0.000000] Memory policy: Data cache writealloc
[    0.000000] DRA722 ES1.0
[    0.000000] PERCPU: Embedded 13 pages/cpu @eee95000 s22976 r8192 d22080 u53248
[    0.000000] Built 1 zonelists in Zone order, mobility grouping on.  Total pages: 260178
[    0.000000] Kernel command line: console=ttyO0,115200n8 root=/dev/mmcblk1p2 rw rootwait
[    0.000000] PID hash table entries: 4096 (order: 2, 16384 bytes)
[    0.000000] Dentry cache hash table entries: 131072 (order: 7, 524288 bytes)
[    0.000000] Inode-cache hash table entries: 65536 (order: 6, 262144 bytes)
[    0.000000] Memory: 1002864K/1047552K available (6192K kernel code, 740K rwdata, 2176K rodata, 444K init, 8220K bss, 28304K reserved, 16384K cma-reserved, 252928K highmem)
[    0.000000] Virtual kernel memory layout:
[    0.000000]     vector  : 0xffff0000 - 0xffff1000   (   4 kB)
[    0.000000]     fixmap  : 0xffc00000 - 0xfff00000   (3072 kB)
[    0.000000]     vmalloc : 0xf0000000 - 0xff000000   ( 240 MB)
[    0.000000]     lowmem  : 0xc0000000 - 0xef800000   ( 760 MB)
[    0.000000]     pkmap   : 0xbfe00000 - 0xc0000000   (   2 MB)
[    0.000000]     modules : 0xbf000000 - 0xbfe00000   (  14 MB)
[    0.000000]       .text : 0xc0008000 - 0xc08342ec   (8369 kB)
[    0.000000]       .init : 0xc0835000 - 0xc08a4000   ( 444 kB)
[    0.000000]       .data : 0xc08a4000 - 0xc095d1c0   ( 741 kB)
[    0.000000]        .bss : 0xc0960000 - 0xc1167390   (8221 kB)
[    0.000000] Running RCU self tests
[    0.000000] Hierarchical RCU implementation.
[    0.000000]  RCU lockdep checking is enabled.
[    0.000000]  Additional per-CPU info printed with stalls.
[    0.000000]  RCU restricting CPUs from NR_CPUS=2 to nr_cpu_ids=1.
[    0.000000] RCU: Adjusting geometry for rcu_fanout_leaf=16, nr_cpu_ids=1
[    0.000000] NR_IRQS:16 nr_irqs:16 16
[    0.000000] OMAP clockevent source: timer1 at 32768 Hz
[    0.000000] clocksource 32k_counter: mask: 0xffffffff max_cycles: 0xffffffff, max_idle_ns: 58327039986419 ns
[    0.000000] sched_clock: 32 bits at 32kHz, resolution 30517ns, wraps every 65535999984741ns
[    0.000000] OMAP clocksource: 32k_counter at 32768 Hz
[    0.000518] Architected cp15 timer(s) running at 6.14MHz (virt).
[    0.000549] clocksource arch_sys_counter: mask: 0xffffffffffffff max_cycles: 0x16af5adb9, max_idle_ns: 440795202250 ns
[    0.000554] sched_clock: 56 bits at 6MHz, resolution 162ns, wraps every 4398046511023ns
[    0.000564] Switching to timer-based delay loop, resolution 162ns
[    0.001704] Console: colour dummy device 80x30
[    0.001738] Lock dependency validator: Copyright (c) 2006 Red Hat, Inc., Ingo Molnar
[    0.001745] ... MAX_LOCKDEP_SUBCLASSES:  8
[    0.001751] ... MAX_LOCK_DEPTH:          48
[    0.001757] ... MAX_LOCKDEP_KEYS:        8191
[    0.001763] ... CLASSHASH_SIZE:          4096
[    0.001769] ... MAX_LOCKDEP_ENTRIES:     32768
[    0.001774] ... MAX_LOCKDEP_CHAINS:      65536
[    0.001780] ... CHAINHASH_SIZE:          32768
[    0.001786]  memory used by lock dependency info: 5167 kB
[    0.001792]  per task-struct memory footprint: 1152 bytes
[    0.001810] Calibrating delay loop (skipped), value calculated using timer frequency.. 12.29 BogoMIPS (lpj=61475)
[    0.001822] pid_max: default: 32768 minimum: 301
[    0.002066] Security Framework initialized
[    0.002166] Mount-cache hash table entries: 2048 (order: 1, 8192 bytes)
[    0.002177] Mountpoint-cache hash table entries: 2048 (order: 1, 8192 bytes)
[    0.004298] Initializing cgroup subsys blkio
[    0.004323] Initializing cgroup subsys memory
[    0.004375] Initializing cgroup subsys devices
[    0.004432] Initializing cgroup subsys freezer
[    0.004518] Initializing cgroup subsys perf_event
[    0.004564] CPU: Testing write buffer coherency: ok
[    0.005498] /cpus/cpu@0 missing clock-frequency property
[    0.005512] CPU0: thread -1, cpu 0, socket 0, mpidr 80000000
[    0.005567] Setting up static identity map for 0x80008280 - 0x800082f0
[    0.008445] Brought up 1 CPUs
[    0.008457] SMP: Total of 1 processors activated (12.29 BogoMIPS).
[    0.008464] CPU: All CPU(s) started in SVC mode.
[    0.010809] devtmpfs: initialized
[    0.067262] VFP support v0.3: implementor 41 architecture 4 part 30 variant f rev 0
[    0.067383] omap_hwmod: l3_main_2 using broken dt data from ocp
[    0.230293] omap_hwmod: dss_core: _wait_target_disable failed
[    0.230307] omap_hwmod: dss_core: _wait_target_ready failed: -16
[    0.230319] omap_hwmod: dss_core: cannot be enabled for reset (3)
[    0.232813] omap_hwmod: dss_dispc: _wait_target_ready failed: -16
[    0.232825] omap_hwmod: dss_dispc: cannot be enabled for reset (3)
[    0.235290] omap_hwmod: dss_hdmi: _wait_target_ready failed: -16
[    0.235301] omap_hwmod: dss_hdmi: cannot be enabled for reset (3)
[    0.301793] clocksource jiffies: mask: 0xffffffff max_cycles: 0xffffffff, max_idle_ns: 19112604462750000 ns
[    0.302904] pinctrl core: initialized pinctrl subsystem
[    0.306339] NET: Registered protocol family 16
[    0.309842] DMA: preallocated 256 KiB pool for atomic coherent allocations
[    0.311218] cpuidle: using governor ladder
[    0.311238] cpuidle: using governor menu
[    0.321981] OMAP GPIO hardware version 0.1
[    0.339281] platform 4e000000.dmm: Cannot lookup hwmod 'dmm'
[    0.348552] omap-gpmc 50000000.gpmc: could not find pctldev for node /ocp/l4@4a000000/scm@2000/pinmux@1400/nand_default, deferring probe
[    0.352000] No ATAGs?
[    0.352041] hw-breakpoint: found 5 (+1 reserved) breakpoint and 4 watchpoint registers.
[    0.352051] hw-breakpoint: maximum watchpoint size is 8 bytes.
[    0.354286] OMAP DMA hardware revision 0.0
[    0.397589] omap-dma-engine 4a056000.dma-controller: OMAP DMA engine driver
[    0.401204] SCSI subsystem initialized
[    0.402469] omap_i2c 48070000.i2c: could not find pctldev for node /ocp/l4@4a000000/scm@2000/pinmux@1400/pinmux_i2c1_pins, deferring probe
[    0.405301] Switched to clocksource arch_sys_counter
[    0.515333] NET: Registered protocol family 2
[    0.516522] TCP established hash table entries: 8192 (order: 3, 32768 bytes)
[    0.516728] TCP bind hash table entries: 8192 (order: 6, 294912 bytes)
[    0.519086] TCP: Hash tables configured (established 8192 bind 8192)
[    0.519239] UDP hash table entries: 512 (order: 3, 40960 bytes)
[    0.519554] UDP-Lite hash table entries: 512 (order: 3, 40960 bytes)
[    0.520449] NET: Registered protocol family 1
[    0.521527] RPC: Registered named UNIX socket transport module.
[    0.521537] RPC: Registered udp transport module.
[    0.521545] RPC: Registered tcp transport module.
[    0.521553] RPC: Registered tcp NFSv4.1 backchannel transport module.
[    0.523074] CPU PMU: Failed to parse /pmu/interrupt-affinity[0]
[    0.523123] hw perfevents: enabled with armv7_cortex_a15 PMU driver, 7 counters available
[    0.526700] futex hash table entries: 256 (order: 2, 16384 bytes)
[    0.526869] audit: initializing netlink subsys (disabled)
[    0.527002] audit: type=2000 audit(0.519:1): initialized
[    0.529929] VFS: Disk quotas dquot_6.6.0
[    0.530018] VFS: Dquot-cache hash table entries: 1024 (order 0, 4096 bytes)
[    0.531651] NFS: Registering the id_resolver key type
[    0.531893] Key type id_resolver registered
[    0.531902] Key type id_legacy registered
[    0.532021] jffs2: version 2.2. (NAND) (SUMMARY)  �© 2001-2006 Red Hat, Inc.
[    0.535263] bounce: pool size: 64 pages
[    0.535328] io scheduler noop registered
[    0.535345] io scheduler deadline registered
[    0.535377] io scheduler cfq registered (default)
[    0.541827] pinctrl-single 4a003400.pinmux: 281 pins at pa fc003400 size 1124
[    0.546999] Serial: 8250/16550 driver, 4 ports, IRQ sharing enabled
[    0.551201] omap_uart 4806a000.serial: no wakeirq for uart0
[    0.551548] 4806a000.serial: ttyO0 at MMIO 0x4806a000 (irq = 296, base_baud = 3000000) is a OMAP UART0
[    1.343854] console [ttyO0] enabled
[    1.367855] brd: module loaded
[    1.383165] loop: module loaded
[    1.388440] ahci 4a140000.sata: SSS flag set, parallel bus scan disabled
[    1.395504] ahci 4a140000.sata: AHCI 0001.0300 32 slots 1 ports 3 Gbps 0x1 impl platform mode
[    1.404416] ahci 4a140000.sata: flags: 64bit ncq sntf stag pm led clo only pmp pio slum part ccc apst 
[    1.416785] scsi host0: ahci
[    1.420727] ata1: SATA max UDMA/133 mmio [mem 0x4a140000-0x4a1410ff] port 0x100 irq 313
[    1.429861] mtdoops: mtd device (mtddev=name/number) must be supplied
[    1.442570] mousedev: PS/2 mouse device common for all mice
[    1.448434] i2c /dev entries driver
[    1.453398] omap_hsmmc 4809c000.mmc: Got CD GPIO
[    1.458863] omap_hsmmc 4809c000.mmc: unable to get vmmc regulator -517
[    1.505500] ledtrig-cpu: registered to indicate activity on CPUs
[    1.512880] extcon-usb-gpio extcon_usb1: failed to get ID GPIO
[    1.519150] extcon-usb-gpio extcon_usb2: failed to get ID GPIO
[    1.526538] oprofile: using timer interrupt.
[    1.531445] Initializing XFRM netlink socket
[    1.536011] NET: Registered protocol family 17
[    1.540699] NET: Registered protocol family 15
[    1.545568] Key type dns_resolver registered
[    1.550120] omap_voltage_late_init: Voltage driver support not added
[    1.556789] sr_dev_init: Unable to get voltage domain pointer for VDD core
[    1.563972] sr_dev_init: Unable to get voltage domain pointer for VDD mpu
[    1.571696] Power Management for TI OMAP4+ devices.
[    1.577154] ThumbEE CPU extension supported.
[    1.581645] Registering SWP/SWPB emulation handler
[    1.586682] SmartReflex Class3 initialized
[    1.598610] omap-gpmc 50000000.gpmc: GPMC revision 6.0
[    1.605147] nand: device found, Manufacturer ID: 0x2c, Chip ID: 0xca
[    1.611843] nand: Micron MT29F2G16ABAEAWP
[    1.616056] nand: 256 MiB, SLC, erase size: 128 KiB, page size: 2048, OOB size: 64
[    1.624063] nand: using OMAP_ECC_BCH8_CODE_HW ECC scheme
[    1.629802] 10 ofpart partitions found on MTD device omap2-nand.0
[    1.636196] Creating 10 MTD partitions on "omap2-nand.0":
[    1.641845] 0x000000000000-0x000000020000 : "NAND.SPL"
[    1.651651] 0x000000020000-0x000000040000 : "NAND.SPL.backup1"
[    1.660419] 0x000000040000-0x000000060000 : "NAND.SPL.backup2"
[    1.672153] 0x000000060000-0x000000080000 : "NAND.SPL.backup3"
[    1.680738] 0x000000080000-0x0000000c0000 : "NAND.u-boot-spl-os"
[    1.689599] 0x0000000c0000-0x0000001c0000 : "NAND.u-boot"
[    1.698819] 0x0000001c0000-0x0000001e0000 : "NAND.u-boot-env"
[    1.707398] 0x0000001e0000-0x000000200000 : "NAND.u-boot-env.backup1"
[    1.716960] 0x000000200000-0x000000a00000 : "NAND.kernel"
[    1.729906] mmc0: MAN_BKOPS_EN bit is not set
[    1.736526] 0x000000a00000-0x000010000000 : "NAND.file-system"
[    1.950243] ata1: SATA link down (SStatus 0 SControl 300)
[    1.960834] mmc0: new high speed MMC card at address 0001
[    1.968658] palmas 0-0058: Irq flag is 0x00000000
[    1.975050] mmcblk0: mmc0:0001 MMC08G 7.25 GiB 
[    1.980138] mmcblk0boot0: mmc0:0001 MMC08G partition 1 8.00 MiB
[    1.987121] mmcblk0boot1: mmc0:0001 MMC08G partition 2 8.00 MiB
[    2.001306] palmas 0-0058: Muxing GPIO 1d, PWM 0, LED 0
[    2.031208] omap_i2c 48070000.i2c: bus 0 rev0.12 at 400 kHz
[    2.037812] omap_hsmmc 4809c000.mmc: Got CD GPIO
[    2.086070] extcon-usb-gpio extcon_usb1: failed to get ID GPIO
[    2.092532] extcon-usb-gpio extcon_usb2: failed to get ID GPIO
[    2.165261] davinci_mdio 48485000.mdio: davinci mdio revision 1.6
[    2.171661] davinci_mdio 48485000.mdio: detected phy mask fffffff7
[    2.181879] libphy: 48485000.mdio: probed
[    2.186116] davinci_mdio 48485000.mdio: phy[3]: device 48485000.mdio:03, driver unknown
[    2.195128] cpsw 48484000.ethernet: Missing slave[0] phy_id property
[    2.201953] cpsw 48484000.ethernet: Detected MACID = b4:99:4c:1c:23:ac
[    2.210710] hctosys: unable to open rtc device (rtc0)
[    2.216034] sr_init: No PMIC hook to init smartreflex
[    2.221517] sr_init: platform driver register failed for SR
[    2.273769] extcon-usb-gpio extcon_usb1: failed to get ID GPIO
[    2.280292] extcon-usb-gpio extcon_usb2: failed to get ID GPIO
[    2.286688] ldo4: disabling
[    2.292644] Waiting for root device /dev/mmcblk1p2...
[    2.305415] mmc1: host does not support reading read-only switch, assuming write-enable
[    2.317385] mmc1: new high speed SD card at address e624
[    2.323696] mmcblk1: mmc1:e624 SU02G 1.84 GiB 
[    2.330422]  mmcblk1: p1 p2
[    2.336041] extcon-usb-gpio extcon_usb1: failed to get ID GPIO
[    2.342509] extcon-usb-gpio extcon_usb2: failed to get ID GPIO
[    2.407497] EXT3-fs (mmcblk1p2): error: couldn't mount because of unsupported optional features (240)
[    2.418972] EXT2-fs (mmcblk1p2): error: couldn't mount because of unsupported optional features (244)
[    3.190197] EXT4-fs (mmcblk1p2): recovery complete
[    3.197550] EXT4-fs (mmcblk1p2): mounted filesystem with ordered data mode. Opts: (null)
[    3.206123] VFS: Mounted root (ext4 filesystem) on device 179:26.
[    3.223798] devtmpfs: mounted
[    3.227324] Freeing unused kernel memory: 444K (c0835000 - c08a4000)
INIT: version 2.88 booting
Error opening /dev/fb0: No such file or directory
Starting udev
[    3.986442] udevd[79]: starting version 182
[    4.796147] omap_rtc 48838000.rtc: rtc core: registered 48838000.rtc as rtc0
[    4.804788] extcon-usb-gpio extcon_usb1: failed to get ID GPIO
[    4.811353] extcon-usb-gpio extcon_usb2: failed to get ID GPIO
[    4.835676] pcf857x 0-0021: probed
[    5.013794] ti-soc-thermal 4a0021e0.bandgap: Non-trimmed BGAP, Temp not accurate
[    5.021603] ti-soc-thermal 4a0021e0.bandgap: Non-trimmed BGAP, Temp not accurate
[    5.029367] ti-soc-thermal 4a0021e0.bandgap: Non-trimmed BGAP, Temp not accurate
[    5.037129] ti-soc-thermal 4a0021e0.bandgap: Non-trimmed BGAP, Temp not accurate
[    5.044874] ti-soc-thermal 4a0021e0.bandgap: Non-trimmed BGAP, Temp not accurate
[    5.100417] palmas_pwrbutton 48070000.i2c:tps65917@58:tps65917_power_button: h/w controlled shutdown duration=6 seconds
[    5.355154] input: palmas_pwron as /devices/platform/44000000.ocp/48070000.i2c/i2c-0/0-0058/48070000.i2c:tps65917@58:tps65917_power_button/input/input0
[    5.804749] EXT4-fs (mmcblk1p2): re-mounted. Opts: data=ordered
Starting Bootlog daemon: [    6.606255] ti-qspi 4b300000.qspi: memory mapped resource not required
[    6.623457] CAN device driver interface
[    6.850376] omap_wdt: OMAP Watchdog Timer Rev 0x01: initial timeout 60 sec
[    6.863254] c_can_platform 4ae3c000.can: c_can_platform device registered (regs=fce3c000, irq=323)
bootlogd: cannot allocate pseudo tty: No such file or directory
bootlogd.
[    7.582099] random: dd urandom read with 63 bits of entropy available

udevadm settle - timeout of 3 seconds reached, the event queue contains:
  /sys/devices/platform/44000000.ocp/4809c000.mmc/mmc_host/mmc1/mmc1:e624/block/mmcblk1/mmcblk1p1 (818)
  /sys/devices/platform/44000000.ocp/4809c000.mmc/mmc_host/mmc1/mmc1:e624/block/mmcblk1/mmcblk1p2 (819)
  /sys/devices/virtual/block/loop3 (1077)
  /sys/devices/virtual/block/loop4 (1078)
  /sys/devices/virtual/block/loop6 (1080)
  /sys/devices/virtual/block/ram0 (1082)
  /sys/devices/virtual/block/ram10 (1084)
  /sys/devices/virtual/block/ram11 (1085)
  /sys/devices/virtual/block/ram12 (1086)
  /sys/devices/virtual/block/ram13 (1087)
  /sys/devices/virtual/block/ram14 (1088)
  /sys/devices/virtual/block/ram15 (1089)
  /sys/devices/virtual/block/ram2 (1090)
  /sys/devices/virtual/block/ram3 (1091)
  /sys/devices/virtual/block/ram4 (1092)
  /sys/devices/virtual/block/ram5 (1093)
  /sys/devices/virtual/block/ram6 (1094)
  /sys/devices/virtual/block/ram7 (1095)
  /sys/devices/virtual/block/ram8 (1096)
  /sys/devices/virtual/block/ram9 (1116)
  /sys/devices/virtual/mtd/mtd0/mtdblock0 (1119)
  /sys/devices/virtual/mtd/mtd1/mtdblock1 (1122)
  /sys/devices/virtual/mtd/mtd2/mtdblock2 (1125)
  /sys/devices/virtual/mtd/mtd3/mtdblock3 (1128)
  /sys/devices/virtual/mtd/mtd4/mtdblock4 (1131)
  /sys/devices/virtual/mtd/mtd5/mtdblock5 (1134)
  /sys/devices/virtual/mtd/mtd6/mtdblock6 (1137)
  /sys/devices/virtual/mtd/mtd7/mtdblock7 (1140)
  /sys/devices/virtual/mtd/mtd8/mtdblock8 (1143)
  /sys/devices/virtual/mtd/mtd9/mtdblock9 (1146)
  /sys/devices/virtual/net/lo (1148)
  /sys/devices/platform/44000000.ocp/48880000.omap_dwc3_1/48890000.usb (1154)
  /sys/devices/platform/44000000.ocp/488c0000.omap_dwc3_2/488d0000.usb (1155)
  /sys/devices/platform/44000000.ocp/48070000.i2c/i2c-0/0-0058/48070000.i2c:tps65917@58:tps65917_power_button/input/input0 (1156)
  /sys/devices/platform/44000000.ocp/4b300000.qspi/spi_master/spi32766/spi32766.0 (1169)
  /sys/devices/platform/44000000.ocp/4ae3c000.can/net/can0 (1174)
  /sys/devices/platform/44000000.ocp/4ae3c000.can/net/can0/queues/rx-0 (1175)
  /sys/devices/platform/44000000.ocp/4ae3c000.can/net/can0/queues/tx-0 (1176)
  /sys/module/evdev (1181)
[   10.293835] FAT-fs (mmcblk1p1): Volume was not properly unmounted. Some data may be corrupt. Please run fsck.
[   11.600716] usbcore: registered new interface driver usbfs
[   11.606782] usbcore: registered new interface driver hub
[   11.612482] usbcore: registered new device driver usb
ALSA: Restoring mixer settings...
[   11.767385] xhci-hcd xhci-hcd.0.auto: xHCI Host Controller
[   11.773706] xhci-hcd xhci-hcd.0.auto: new USB bus registered, assigned bus number 1
[   11.794708] xhci-hcd xhci-hcd.0.auto: hcc params 0x0220f04c hci version 0x100 quirks 0x00010010
[   11.803960] xhci-hcd xhci-hcd.0.auto: irq 410, io mem 0x488d0000
[   11.812273] usb usb1: New USB device found, idVendor=1d6b, idProduct=0002
[   11.819435] usb usb1: New USB device strings: Mfr=3, Product=2, SerialNumber=1
[   11.827035] usb usb1: Product: xHCI Host Controller
[   11.832150] usb usb1: Manufacturer: Linux 4.1.0-rc8-00004-g18f6171 xhci-hcd
[   11.839455] usb usb1: SerialNumber: xhci-hcd.0.auto
[   11.849182] hub 1-0:1.0: USB hub found
[   11.854377] hub 1-0:1.0: 1 port detected
[   11.868393] xhci-hcd xhci-hcd.0.auto: xHCI Host Controller
[   11.874193] xhci-hcd xhci-hcd.0.auto: new USB bus registered, assigned bus number 2
[   11.888731] usb usb2: New USB device found, idVendor=1d6b, idProduct=0003
[   11.895886] usb usb2: New USB device strings: Mfr=3, Product=2, SerialNumber=1
[   11.903456] usb usb2: Product: xHCI Host Controller
[   11.908584] usb usb2: Manufacturer: Linux 4.1.0-rc8-00004-g18f6171 xhci-hcd
[   11.915909] usb usb2: SerialNumber: xhci-hcd.0.auto
[   11.924117] hub 2-0:1.0: USB hub found
[   11.928358] hub 2-0:1.0: 1 port detected
/usr/sbin/alsactl: load_state:1729: No soundcards found...
Tue Jan 27 03:15:00 UTC 2015
INIT: Entering runlevel: 5
Configuring network interfaces... [   12.400770] net eth0: initializing cpsw version 1.15 (0)
[   12.408376] libphy: PHY  not found
[   12.411937] net eth0: phy  not found on slave 0
[   12.499350] net eth0: phy found : id is : 0x20005c7a
udhcpc (v1.22.1) started
Sending discover...
Sending discover...
Sending discover...
No lease, failing
done.
Starting system message bus: dbus.
UIM SYSFS Node Not Found
Starting Dropbear SSH server: [   24.986941] NET: Registered protocol family 10
[   24.998527] IPv6: ADDRCONF(NETDEV_UP): eth0: link is not ready
dropbear.
Starting telnet daemon.
Starting tiipclad daemon
Spawned daemon: /usr/bin/lad_dra7xx

.
Starting rpcbind daemon...done.
creating NFS state directory: done
starting statd: done
Starting syslogd/klogd: done
Starting thttpd.
Starting Lighttpd Web Server: lighttpd.
2015-01-27 03:15:13: (/home/jenkins/tisdk-build/build-CORTEX_1/arago-tmp-external-linaro-toolchain/work/cortexa15t2hf-vfp-neon-oe-linux-gnueabi/lighttpd/1.4.33-r1/lighttpd-1.4.33/src/log.c.166) server started 
/
Starting Matrix GUI application.
[   25.692532] random: nonblocking pool is initialized
***************************************************************
***************************************************************
NOTICE: This file system contains the followin GPLv3 packages:
        binutils
        gdbserver
        parted

If you do not wish to distribute GPLv3 components please remove
the above packages prior to distribution.  This can be done using
the opkg remove command.  i.e.:
    opkg remove <package>
Where <package> is the name printed in the list above

NOTE: If the package is a dependency of another package you
      will be notified of the dependent packages.  You should
      use the --force-removal-of-dependent-packages option to
      also remove the dependent packages as well
***************************************************************
***************************************************************
Stopping Bootlog daemon: bootlogd.
custom script
DCANRXPACKETREBOOT test iteration: 373
[   28.775140] net can0: c_can_hw_raminit_wait_syscon: time out
[   28.781377] c_can_platform 4ae3c000.can can0: setting BTR=1c04 BRPE=0000
interface = can0, family = 29, type = 3, proto = 1
[   29.874413] can: controller area network core (rev 20120528 abi 9)
[   29.881038] NET: Registered protocol family 29
[   29.910341] can: raw protocol (rev 20120528)
candump size 0
can0 read 0 bytes                                                                                                     
read: Network is down                                                                                                 
~~~~~~~~~~~~~~~~~~~~~~~~~~~~~~~~~~~~~~~~~~~~~~~~~~~~~~~~~~~~~~~~~~~~~~~~                                              
Boots: 373, UP fails: 0, OFF fails: 0, READ fails: 1                                                                  
~~~~~~~~~~~~~~~~~~~~~~~~~~~~~~~~~~~~~~~~~~~~~~~~~~~~~~~~~~~~~~~~~~~~~~~~

Broadcast message from root@dra7xx-evm (ttyO0) (Tue Jan 27 03:15:19 2015):
The system is going down for reboot NOW!
INIT: Switching to runlevel: 6
INIT: Sending processes thUIM SYSFS Node Not Found
Stopping Dropbear SSH server: stopped /usr/sbin/dropbear (pid 726)
dropbear.
Stopping telnet daemon.
Stopping tiipclad daemon.
Stopping system message bus: dbus.
Error opening /dev/fb0: No such file or directory
Stopping syslogd/klogd: stopped syslogd (pid 756)
stopped klogd (pid 759)
done
Stopping thttpd.
Stopping Weston
stopping statd: done
ALSA: Storing mixer settings...
/usr/sbin/alsactl: save_state:1590: No soundcards found...
Stopping rpcbind daemon...
done.
Stopping Lighttpd Web Server: stopped /usr/sbin/lighttpd (pid 766)
lighttpd.
Deconfiguring network interfaces... ifdown: interface eth0 not configured
done.
Stopping Matrix GUI applicationstart-stop-daemon: warning: killing process 772: No such process
.
***************************************************************
***************************************************************
NOTICE: This file system contains the followin GPLv3 packages:
        binutils
        gdbserver
        parted

If you do not wish to distribute GPLv3 components please remove
the above packages prior to distribution.  This can be done using
the opkg remove command.  i.e.:
    opkg remove <package>
Where <package> is the name printed in the list above

NOTE: If the package is a dependency of another package you
      will be notified of the dependent packages.  You should
      use the --force-removal-of-dependent-packages option to
      also remove the dependent packages as well
***************************************************************
***************************************************************
Sending all processes the TERM signal...

